Using device: cuda
Loading merged.csv ...
TrainVal rows: 33511 | Test rows: 8395
Training years used: [2020, 2021, 2022, 2023]
Graph: 23 nodes, 69 edges (k=3)
Cross-Validation Mode: ST_LOBO
ST-LOBO spatial blocks (K=4, random_state=42):
  Block 0: 6 stations → ['0-20000-0-06278', '0-20000-0-06279', '0-20000-0-06280', '0-20000-0-06283', '0-20000-0-06286', '0-20000-0-06290']
  Block 1: 9 stations → ['0-20000-0-06240', '0-20000-0-06260', '0-20000-0-06275', '0-20000-0-06348', '0-20000-0-06350', '0-20000-0-06356', '0-20000-0-06370', '0-20000-0-06375', '0-20000-0-06380']
  Block 2: 4 stations → ['0-20000-0-06235', '0-20000-0-06269', '0-20000-0-06270', '0-20000-0-06273']
  Block 3: 4 stations → ['0-20000-0-06310', '0-20000-0-06320', '0-20000-0-06330', '0-20000-0-06344']
ST-LOBO temporal windows (T=2):
  Window 0: 2020-2021
  Window 1: 2022-2023

============================================================
  Fold s=0, t=0
============================================================
  Epoch    1/1000 | Train Loss: 3.6977 | Val MAE Tmax: 1.9159 | Val MAE Tmin: 1.9833 | Baseline Tmax: 2.1459
  Epoch    2/1000 | Train Loss: 3.6169 | Val MAE Tmax: 1.9474 | Val MAE Tmin: 1.9480 | Baseline Tmax: 2.1459
  Epoch    3/1000 | Train Loss: 3.5870 | Val MAE Tmax: 1.9187 | Val MAE Tmin: 1.9441 | Baseline Tmax: 2.1459
  Epoch    4/1000 | Train Loss: 3.5707 | Val MAE Tmax: 1.9047 | Val MAE Tmin: 1.9388 | Baseline Tmax: 2.1459
  Epoch    5/1000 | Train Loss: 3.5574 | Val MAE Tmax: 1.9011 | Val MAE Tmin: 1.9308 | Baseline Tmax: 2.1459
  Epoch    6/1000 | Train Loss: 3.5442 | Val MAE Tmax: 1.9219 | Val MAE Tmin: 1.9316 | Baseline Tmax: 2.1459
  Epoch    7/1000 | Train Loss: 3.5331 | Val MAE Tmax: 1.8865 | Val MAE Tmin: 1.9350 | Baseline Tmax: 2.1459
  Epoch    8/1000 | Train Loss: 3.5306 | Val MAE Tmax: 1.9128 | Val MAE Tmin: 1.9344 | Baseline Tmax: 2.1459
  Epoch    9/1000 | Train Loss: 3.5222 | Val MAE Tmax: 1.8667 | Val MAE Tmin: 1.9360 | Baseline Tmax: 2.1459
  Epoch   10/1000 | Train Loss: 3.5171 | Val MAE Tmax: 1.8773 | Val MAE Tmin: 1.9311 | Baseline Tmax: 2.1459
  Epoch   11/1000 | Train Loss: 3.5142 | Val MAE Tmax: 1.8712 | Val MAE Tmin: 1.9339 | Baseline Tmax: 2.1459
  Epoch   12/1000 | Train Loss: 3.5115 | Val MAE Tmax: 1.8583 | Val MAE Tmin: 1.9347 | Baseline Tmax: 2.1459
  Epoch   13/1000 | Train Loss: 3.5063 | Val MAE Tmax: 1.8684 | Val MAE Tmin: 1.9372 | Baseline Tmax: 2.1459
  Epoch   14/1000 | Train Loss: 3.4970 | Val MAE Tmax: 1.8564 | Val MAE Tmin: 1.9440 | Baseline Tmax: 2.1459
  Epoch   15/1000 | Train Loss: 3.4926 | Val MAE Tmax: 1.8647 | Val MAE Tmin: 1.9384 | Baseline Tmax: 2.1459
  Epoch   16/1000 | Train Loss: 3.4873 | Val MAE Tmax: 1.8330 | Val MAE Tmin: 1.9421 | Baseline Tmax: 2.1459
  Epoch   17/1000 | Train Loss: 3.4845 | Val MAE Tmax: 1.8604 | Val MAE Tmin: 1.9446 | Baseline Tmax: 2.1459
  Epoch   18/1000 | Train Loss: 3.4796 | Val MAE Tmax: 1.8656 | Val MAE Tmin: 1.9466 | Baseline Tmax: 2.1459
  Epoch   19/1000 | Train Loss: 3.4846 | Val MAE Tmax: 1.8545 | Val MAE Tmin: 1.9423 | Baseline Tmax: 2.1459
  Epoch   20/1000 | Train Loss: 3.4745 | Val MAE Tmax: 1.8250 | Val MAE Tmin: 1.9363 | Baseline Tmax: 2.1459
  Epoch   21/1000 | Train Loss: 3.4729 | Val MAE Tmax: 1.8315 | Val MAE Tmin: 1.9399 | Baseline Tmax: 2.1459
  Epoch   22/1000 | Train Loss: 3.4666 | Val MAE Tmax: 1.8177 | Val MAE Tmin: 1.9390 | Baseline Tmax: 2.1459
  Epoch   23/1000 | Train Loss: 3.4676 | Val MAE Tmax: 1.8374 | Val MAE Tmin: 1.9378 | Baseline Tmax: 2.1459
  Epoch   24/1000 | Train Loss: 3.4652 | Val MAE Tmax: 1.8270 | Val MAE Tmin: 1.9365 | Baseline Tmax: 2.1459
  Epoch   25/1000 | Train Loss: 3.4599 | Val MAE Tmax: 1.8282 | Val MAE Tmin: 1.9383 | Baseline Tmax: 2.1459
  Epoch   26/1000 | Train Loss: 3.4555 | Val MAE Tmax: 1.8262 | Val MAE Tmin: 1.9338 | Baseline Tmax: 2.1459
  Epoch   27/1000 | Train Loss: 3.4583 | Val MAE Tmax: 1.8141 | Val MAE Tmin: 1.9413 | Baseline Tmax: 2.1459
  Epoch   28/1000 | Train Loss: 3.4590 | Val MAE Tmax: 1.8161 | Val MAE Tmin: 1.9341 | Baseline Tmax: 2.1459
  Epoch   29/1000 | Train Loss: 3.4542 | Val MAE Tmax: 1.8051 | Val MAE Tmin: 1.9461 | Baseline Tmax: 2.1459
  Epoch   30/1000 | Train Loss: 3.4510 | Val MAE Tmax: 1.8343 | Val MAE Tmin: 1.9328 | Baseline Tmax: 2.1459
  Epoch   31/1000 | Train Loss: 3.4521 | Val MAE Tmax: 1.8157 | Val MAE Tmin: 1.9327 | Baseline Tmax: 2.1459
  Epoch   32/1000 | Train Loss: 3.4519 | Val MAE Tmax: 1.8198 | Val MAE Tmin: 1.9299 | Baseline Tmax: 2.1459
  Epoch   33/1000 | Train Loss: 3.4401 | Val MAE Tmax: 1.8311 | Val MAE Tmin: 1.9274 | Baseline Tmax: 2.1459
  Epoch   34/1000 | Train Loss: 3.4420 | Val MAE Tmax: 1.8244 | Val MAE Tmin: 1.9302 | Baseline Tmax: 2.1459
  Epoch   35/1000 | Train Loss: 3.4422 | Val MAE Tmax: 1.8221 | Val MAE Tmin: 1.9273 | Baseline Tmax: 2.1459
  Epoch   36/1000 | Train Loss: 3.4409 | Val MAE Tmax: 1.8166 | Val MAE Tmin: 1.9367 | Baseline Tmax: 2.1459
  Epoch   37/1000 | Train Loss: 3.4366 | Val MAE Tmax: 1.8095 | Val MAE Tmin: 1.9287 | Baseline Tmax: 2.1459
  Epoch   38/1000 | Train Loss: 3.4340 | Val MAE Tmax: 1.8094 | Val MAE Tmin: 1.9327 | Baseline Tmax: 2.1459
  Epoch   39/1000 | Train Loss: 3.4368 | Val MAE Tmax: 1.8244 | Val MAE Tmin: 1.9308 | Baseline Tmax: 2.1459
  Epoch   40/1000 | Train Loss: 3.4369 | Val MAE Tmax: 1.7983 | Val MAE Tmin: 1.9243 | Baseline Tmax: 2.1459
  Epoch   41/1000 | Train Loss: 3.4283 | Val MAE Tmax: 1.8018 | Val MAE Tmin: 1.9255 | Baseline Tmax: 2.1459
  Epoch   42/1000 | Train Loss: 3.4283 | Val MAE Tmax: 1.8041 | Val MAE Tmin: 1.9338 | Baseline Tmax: 2.1459
  Epoch   43/1000 | Train Loss: 3.4274 | Val MAE Tmax: 1.8238 | Val MAE Tmin: 1.9268 | Baseline Tmax: 2.1459
  Epoch   44/1000 | Train Loss: 3.4338 | Val MAE Tmax: 1.8087 | Val MAE Tmin: 1.9301 | Baseline Tmax: 2.1459
  Epoch   45/1000 | Train Loss: 3.4179 | Val MAE Tmax: 1.8009 | Val MAE Tmin: 1.9272 | Baseline Tmax: 2.1459
  Epoch   46/1000 | Train Loss: 3.4184 | Val MAE Tmax: 1.8038 | Val MAE Tmin: 1.9276 | Baseline Tmax: 2.1459
  Epoch   47/1000 | Train Loss: 3.4144 | Val MAE Tmax: 1.8050 | Val MAE Tmin: 1.9290 | Baseline Tmax: 2.1459
  Epoch   48/1000 | Train Loss: 3.4182 | Val MAE Tmax: 1.8195 | Val MAE Tmin: 1.9270 | Baseline Tmax: 2.1459
  Epoch   49/1000 | Train Loss: 3.4149 | Val MAE Tmax: 1.8057 | Val MAE Tmin: 1.9169 | Baseline Tmax: 2.1459
  Epoch   50/1000 | Train Loss: 3.4102 | Val MAE Tmax: 1.7942 | Val MAE Tmin: 1.9222 | Baseline Tmax: 2.1459
  Epoch   51/1000 | Train Loss: 3.4103 | Val MAE Tmax: 1.7832 | Val MAE Tmin: 1.9181 | Baseline Tmax: 2.1459
  Epoch   52/1000 | Train Loss: 3.4151 | Val MAE Tmax: 1.8081 | Val MAE Tmin: 1.9228 | Baseline Tmax: 2.1459
  Epoch   53/1000 | Train Loss: 3.4136 | Val MAE Tmax: 1.8252 | Val MAE Tmin: 1.9243 | Baseline Tmax: 2.1459
  Epoch   54/1000 | Train Loss: 3.4194 | Val MAE Tmax: 1.8087 | Val MAE Tmin: 1.9289 | Baseline Tmax: 2.1459
  Epoch   55/1000 | Train Loss: 3.4149 | Val MAE Tmax: 1.7753 | Val MAE Tmin: 1.9266 | Baseline Tmax: 2.1459
  Epoch   56/1000 | Train Loss: 3.4072 | Val MAE Tmax: 1.8070 | Val MAE Tmin: 1.9247 | Baseline Tmax: 2.1459
  Epoch   57/1000 | Train Loss: 3.4053 | Val MAE Tmax: 1.8085 | Val MAE Tmin: 1.9246 | Baseline Tmax: 2.1459
  Epoch   58/1000 | Train Loss: 3.4168 | Val MAE Tmax: 1.8000 | Val MAE Tmin: 1.9267 | Baseline Tmax: 2.1459
  Epoch   59/1000 | Train Loss: 3.4076 | Val MAE Tmax: 1.8010 | Val MAE Tmin: 1.9242 | Baseline Tmax: 2.1459
  Epoch   60/1000 | Train Loss: 3.4064 | Val MAE Tmax: 1.8088 | Val MAE Tmin: 1.9221 | Baseline Tmax: 2.1459
  Epoch   61/1000 | Train Loss: 3.4037 | Val MAE Tmax: 1.7939 | Val MAE Tmin: 1.9218 | Baseline Tmax: 2.1459
  Early stopping triggered after 61 epochs (Patience=10).

============================================================
  Fold s=0, t=1
============================================================
  Epoch    1/1000 | Train Loss: 3.7062 | Val MAE Tmax: 1.8797 | Val MAE Tmin: 2.0285 | Baseline Tmax: 2.1738
  Epoch    2/1000 | Train Loss: 3.6301 | Val MAE Tmax: 1.8372 | Val MAE Tmin: 2.0037 | Baseline Tmax: 2.1738
  Epoch    3/1000 | Train Loss: 3.5879 | Val MAE Tmax: 1.8178 | Val MAE Tmin: 2.0038 | Baseline Tmax: 2.1738
  Epoch    4/1000 | Train Loss: 3.5706 | Val MAE Tmax: 1.8191 | Val MAE Tmin: 2.0092 | Baseline Tmax: 2.1738
  Epoch    5/1000 | Train Loss: 3.5607 | Val MAE Tmax: 1.8009 | Val MAE Tmin: 2.0089 | Baseline Tmax: 2.1738
  Epoch    6/1000 | Train Loss: 3.5511 | Val MAE Tmax: 1.7988 | Val MAE Tmin: 1.9945 | Baseline Tmax: 2.1738
  Epoch    7/1000 | Train Loss: 3.5461 | Val MAE Tmax: 1.8078 | Val MAE Tmin: 2.0056 | Baseline Tmax: 2.1738
  Epoch    8/1000 | Train Loss: 3.5401 | Val MAE Tmax: 1.8065 | Val MAE Tmin: 1.9892 | Baseline Tmax: 2.1738
  Epoch    9/1000 | Train Loss: 3.5348 | Val MAE Tmax: 1.7891 | Val MAE Tmin: 1.9870 | Baseline Tmax: 2.1738
  Epoch   10/1000 | Train Loss: 3.5259 | Val MAE Tmax: 1.7963 | Val MAE Tmin: 1.9908 | Baseline Tmax: 2.1738
  Epoch   11/1000 | Train Loss: 3.5207 | Val MAE Tmax: 1.7934 | Val MAE Tmin: 1.9816 | Baseline Tmax: 2.1738
  Epoch   12/1000 | Train Loss: 3.5243 | Val MAE Tmax: 1.7791 | Val MAE Tmin: 1.9891 | Baseline Tmax: 2.1738
  Epoch   13/1000 | Train Loss: 3.5131 | Val MAE Tmax: 1.7776 | Val MAE Tmin: 1.9819 | Baseline Tmax: 2.1738
  Epoch   14/1000 | Train Loss: 3.5116 | Val MAE Tmax: 1.7846 | Val MAE Tmin: 1.9726 | Baseline Tmax: 2.1738
  Epoch   15/1000 | Train Loss: 3.5057 | Val MAE Tmax: 1.7810 | Val MAE Tmin: 1.9881 | Baseline Tmax: 2.1738
  Epoch   16/1000 | Train Loss: 3.5015 | Val MAE Tmax: 1.7830 | Val MAE Tmin: 1.9895 | Baseline Tmax: 2.1738
  Epoch   17/1000 | Train Loss: 3.4987 | Val MAE Tmax: 1.7789 | Val MAE Tmin: 1.9940 | Baseline Tmax: 2.1738
  Epoch   18/1000 | Train Loss: 3.4990 | Val MAE Tmax: 1.7752 | Val MAE Tmin: 1.9802 | Baseline Tmax: 2.1738
  Epoch   19/1000 | Train Loss: 3.4910 | Val MAE Tmax: 1.7811 | Val MAE Tmin: 1.9784 | Baseline Tmax: 2.1738
  Epoch   20/1000 | Train Loss: 3.4972 | Val MAE Tmax: 1.7943 | Val MAE Tmin: 2.0104 | Baseline Tmax: 2.1738
  Epoch   21/1000 | Train Loss: 3.4921 | Val MAE Tmax: 1.7762 | Val MAE Tmin: 1.9964 | Baseline Tmax: 2.1738
  Epoch   22/1000 | Train Loss: 3.4888 | Val MAE Tmax: 1.7816 | Val MAE Tmin: 1.9865 | Baseline Tmax: 2.1738
  Epoch   23/1000 | Train Loss: 3.4879 | Val MAE Tmax: 1.7781 | Val MAE Tmin: 1.9894 | Baseline Tmax: 2.1738
  Epoch   24/1000 | Train Loss: 3.4865 | Val MAE Tmax: 1.7817 | Val MAE Tmin: 1.9855 | Baseline Tmax: 2.1738
  Epoch   25/1000 | Train Loss: 3.4839 | Val MAE Tmax: 1.7888 | Val MAE Tmin: 1.9860 | Baseline Tmax: 2.1738
  Epoch   26/1000 | Train Loss: 3.4782 | Val MAE Tmax: 1.7780 | Val MAE Tmin: 1.9913 | Baseline Tmax: 2.1738
  Epoch   27/1000 | Train Loss: 3.4774 | Val MAE Tmax: 1.7647 | Val MAE Tmin: 1.9800 | Baseline Tmax: 2.1738
  Epoch   28/1000 | Train Loss: 3.4693 | Val MAE Tmax: 1.7542 | Val MAE Tmin: 1.9794 | Baseline Tmax: 2.1738
  Epoch   29/1000 | Train Loss: 3.4690 | Val MAE Tmax: 1.7671 | Val MAE Tmin: 1.9845 | Baseline Tmax: 2.1738
  Epoch   30/1000 | Train Loss: 3.4667 | Val MAE Tmax: 1.7631 | Val MAE Tmin: 1.9971 | Baseline Tmax: 2.1738
  Epoch   31/1000 | Train Loss: 3.4660 | Val MAE Tmax: 1.7557 | Val MAE Tmin: 1.9726 | Baseline Tmax: 2.1738
  Epoch   32/1000 | Train Loss: 3.4676 | Val MAE Tmax: 1.7546 | Val MAE Tmin: 1.9785 | Baseline Tmax: 2.1738
  Epoch   33/1000 | Train Loss: 3.4570 | Val MAE Tmax: 1.7526 | Val MAE Tmin: 1.9793 | Baseline Tmax: 2.1738
  Epoch   34/1000 | Train Loss: 3.4603 | Val MAE Tmax: 1.7598 | Val MAE Tmin: 1.9773 | Baseline Tmax: 2.1738
  Epoch   35/1000 | Train Loss: 3.4608 | Val MAE Tmax: 1.7465 | Val MAE Tmin: 1.9846 | Baseline Tmax: 2.1738
  Epoch   36/1000 | Train Loss: 3.4585 | Val MAE Tmax: 1.7563 | Val MAE Tmin: 1.9815 | Baseline Tmax: 2.1738
  Epoch   37/1000 | Train Loss: 3.4544 | Val MAE Tmax: 1.7353 | Val MAE Tmin: 1.9855 | Baseline Tmax: 2.1738
  Epoch   38/1000 | Train Loss: 3.4494 | Val MAE Tmax: 1.7423 | Val MAE Tmin: 1.9820 | Baseline Tmax: 2.1738
  Epoch   39/1000 | Train Loss: 3.4467 | Val MAE Tmax: 1.7456 | Val MAE Tmin: 1.9756 | Baseline Tmax: 2.1738
  Epoch   40/1000 | Train Loss: 3.4517 | Val MAE Tmax: 1.7595 | Val MAE Tmin: 1.9757 | Baseline Tmax: 2.1738
  Epoch   41/1000 | Train Loss: 3.4460 | Val MAE Tmax: 1.7388 | Val MAE Tmin: 1.9776 | Baseline Tmax: 2.1738
  Epoch   42/1000 | Train Loss: 3.4463 | Val MAE Tmax: 1.7534 | Val MAE Tmin: 1.9732 | Baseline Tmax: 2.1738
  Epoch   43/1000 | Train Loss: 3.4484 | Val MAE Tmax: 1.7507 | Val MAE Tmin: 1.9797 | Baseline Tmax: 2.1738
  Epoch   44/1000 | Train Loss: 3.4358 | Val MAE Tmax: 1.7486 | Val MAE Tmin: 1.9798 | Baseline Tmax: 2.1738
  Epoch   45/1000 | Train Loss: 3.4424 | Val MAE Tmax: 1.7419 | Val MAE Tmin: 1.9763 | Baseline Tmax: 2.1738
  Epoch   46/1000 | Train Loss: 3.4399 | Val MAE Tmax: 1.7374 | Val MAE Tmin: 1.9712 | Baseline Tmax: 2.1738
  Epoch   47/1000 | Train Loss: 3.4310 | Val MAE Tmax: 1.7359 | Val MAE Tmin: 1.9846 | Baseline Tmax: 2.1738
  Epoch   48/1000 | Train Loss: 3.4356 | Val MAE Tmax: 1.7365 | Val MAE Tmin: 1.9768 | Baseline Tmax: 2.1738
  Epoch   49/1000 | Train Loss: 3.4337 | Val MAE Tmax: 1.7419 | Val MAE Tmin: 1.9831 | Baseline Tmax: 2.1738
  Epoch   50/1000 | Train Loss: 3.4329 | Val MAE Tmax: 1.7388 | Val MAE Tmin: 1.9659 | Baseline Tmax: 2.1738
  Epoch   51/1000 | Train Loss: 3.4274 | Val MAE Tmax: 1.7434 | Val MAE Tmin: 1.9763 | Baseline Tmax: 2.1738
  Epoch   52/1000 | Train Loss: 3.4325 | Val MAE Tmax: 1.7385 | Val MAE Tmin: 1.9752 | Baseline Tmax: 2.1738
  Epoch   53/1000 | Train Loss: 3.4248 | Val MAE Tmax: 1.7399 | Val MAE Tmin: 1.9609 | Baseline Tmax: 2.1738
  Epoch   54/1000 | Train Loss: 3.4245 | Val MAE Tmax: 1.7364 | Val MAE Tmin: 1.9761 | Baseline Tmax: 2.1738
  Epoch   55/1000 | Train Loss: 3.4209 | Val MAE Tmax: 1.7501 | Val MAE Tmin: 1.9552 | Baseline Tmax: 2.1738
  Epoch   56/1000 | Train Loss: 3.4312 | Val MAE Tmax: 1.7419 | Val MAE Tmin: 1.9712 | Baseline Tmax: 2.1738
  Epoch   57/1000 | Train Loss: 3.4198 | Val MAE Tmax: 1.7437 | Val MAE Tmin: 1.9762 | Baseline Tmax: 2.1738
  Epoch   58/1000 | Train Loss: 3.4215 | Val MAE Tmax: 1.7376 | Val MAE Tmin: 1.9747 | Baseline Tmax: 2.1738
  Epoch   59/1000 | Train Loss: 3.4193 | Val MAE Tmax: 1.7331 | Val MAE Tmin: 1.9723 | Baseline Tmax: 2.1738
  Epoch   60/1000 | Train Loss: 3.4188 | Val MAE Tmax: 1.7404 | Val MAE Tmin: 1.9632 | Baseline Tmax: 2.1738
  Epoch   61/1000 | Train Loss: 3.4220 | Val MAE Tmax: 1.7438 | Val MAE Tmin: 1.9709 | Baseline Tmax: 2.1738
  Epoch   62/1000 | Train Loss: 3.4207 | Val MAE Tmax: 1.7448 | Val MAE Tmin: 1.9802 | Baseline Tmax: 2.1738
  Epoch   63/1000 | Train Loss: 3.4092 | Val MAE Tmax: 1.7331 | Val MAE Tmin: 1.9660 | Baseline Tmax: 2.1738
  Epoch   64/1000 | Train Loss: 3.4112 | Val MAE Tmax: 1.7306 | Val MAE Tmin: 1.9562 | Baseline Tmax: 2.1738
  Epoch   65/1000 | Train Loss: 3.4133 | Val MAE Tmax: 1.7381 | Val MAE Tmin: 1.9564 | Baseline Tmax: 2.1738
  Epoch   66/1000 | Train Loss: 3.4130 | Val MAE Tmax: 1.7324 | Val MAE Tmin: 1.9584 | Baseline Tmax: 2.1738
  Epoch   67/1000 | Train Loss: 3.4097 | Val MAE Tmax: 1.7226 | Val MAE Tmin: 1.9454 | Baseline Tmax: 2.1738
  Epoch   68/1000 | Train Loss: 3.4114 | Val MAE Tmax: 1.7549 | Val MAE Tmin: 1.9571 | Baseline Tmax: 2.1738
  Epoch   69/1000 | Train Loss: 3.4044 | Val MAE Tmax: 1.7282 | Val MAE Tmin: 1.9540 | Baseline Tmax: 2.1738
  Epoch   70/1000 | Train Loss: 3.4068 | Val MAE Tmax: 1.7322 | Val MAE Tmin: 1.9596 | Baseline Tmax: 2.1738
  Epoch   71/1000 | Train Loss: 3.3975 | Val MAE Tmax: 1.7424 | Val MAE Tmin: 1.9532 | Baseline Tmax: 2.1738
  Epoch   72/1000 | Train Loss: 3.4040 | Val MAE Tmax: 1.7276 | Val MAE Tmin: 1.9450 | Baseline Tmax: 2.1738
  Epoch   73/1000 | Train Loss: 3.3997 | Val MAE Tmax: 1.7380 | Val MAE Tmin: 1.9661 | Baseline Tmax: 2.1738
  Epoch   74/1000 | Train Loss: 3.3976 | Val MAE Tmax: 1.7305 | Val MAE Tmin: 1.9626 | Baseline Tmax: 2.1738
  Epoch   75/1000 | Train Loss: 3.3970 | Val MAE Tmax: 1.7292 | Val MAE Tmin: 1.9490 | Baseline Tmax: 2.1738
  Epoch   76/1000 | Train Loss: 3.3936 | Val MAE Tmax: 1.7234 | Val MAE Tmin: 1.9324 | Baseline Tmax: 2.1738
  Epoch   77/1000 | Train Loss: 3.3936 | Val MAE Tmax: 1.7248 | Val MAE Tmin: 1.9402 | Baseline Tmax: 2.1738
  Epoch   78/1000 | Train Loss: 3.3896 | Val MAE Tmax: 1.7196 | Val MAE Tmin: 1.9453 | Baseline Tmax: 2.1738
  Epoch   79/1000 | Train Loss: 3.3929 | Val MAE Tmax: 1.7310 | Val MAE Tmin: 1.9464 | Baseline Tmax: 2.1738
  Epoch   80/1000 | Train Loss: 3.3899 | Val MAE Tmax: 1.7265 | Val MAE Tmin: 1.9288 | Baseline Tmax: 2.1738
  Epoch   81/1000 | Train Loss: 3.3943 | Val MAE Tmax: 1.7271 | Val MAE Tmin: 1.9223 | Baseline Tmax: 2.1738
  Epoch   82/1000 | Train Loss: 3.3869 | Val MAE Tmax: 1.7309 | Val MAE Tmin: 1.9557 | Baseline Tmax: 2.1738
  Epoch   83/1000 | Train Loss: 3.3965 | Val MAE Tmax: 1.7246 | Val MAE Tmin: 1.9243 | Baseline Tmax: 2.1738
  Epoch   84/1000 | Train Loss: 3.3885 | Val MAE Tmax: 1.7421 | Val MAE Tmin: 1.9415 | Baseline Tmax: 2.1738
  Epoch   85/1000 | Train Loss: 3.3872 | Val MAE Tmax: 1.7421 | Val MAE Tmin: 1.9554 | Baseline Tmax: 2.1738
  Epoch   86/1000 | Train Loss: 3.3755 | Val MAE Tmax: 1.7322 | Val MAE Tmin: 1.9452 | Baseline Tmax: 2.1738
  Epoch   87/1000 | Train Loss: 3.3899 | Val MAE Tmax: 1.7268 | Val MAE Tmin: 1.9371 | Baseline Tmax: 2.1738
  Epoch   88/1000 | Train Loss: 3.3817 | Val MAE Tmax: 1.7264 | Val MAE Tmin: 1.9441 | Baseline Tmax: 2.1738
  Epoch   89/1000 | Train Loss: 3.3804 | Val MAE Tmax: 1.7333 | Val MAE Tmin: 1.9406 | Baseline Tmax: 2.1738
  Epoch   90/1000 | Train Loss: 3.3753 | Val MAE Tmax: 1.7158 | Val MAE Tmin: 1.9378 | Baseline Tmax: 2.1738
  Epoch   91/1000 | Train Loss: 3.3774 | Val MAE Tmax: 1.7216 | Val MAE Tmin: 1.9276 | Baseline Tmax: 2.1738
  Epoch   92/1000 | Train Loss: 3.3727 | Val MAE Tmax: 1.7198 | Val MAE Tmin: 1.9283 | Baseline Tmax: 2.1738
  Epoch   93/1000 | Train Loss: 3.3737 | Val MAE Tmax: 1.7138 | Val MAE Tmin: 1.9413 | Baseline Tmax: 2.1738
  Epoch   94/1000 | Train Loss: 3.3752 | Val MAE Tmax: 1.7275 | Val MAE Tmin: 1.9326 | Baseline Tmax: 2.1738
  Epoch   95/1000 | Train Loss: 3.3710 | Val MAE Tmax: 1.7291 | Val MAE Tmin: 1.9283 | Baseline Tmax: 2.1738
  Epoch   96/1000 | Train Loss: 3.3718 | Val MAE Tmax: 1.7248 | Val MAE Tmin: 1.9370 | Baseline Tmax: 2.1738
  Epoch   97/1000 | Train Loss: 3.3916 | Val MAE Tmax: 1.7265 | Val MAE Tmin: 1.9335 | Baseline Tmax: 2.1738
  Epoch   98/1000 | Train Loss: 3.3736 | Val MAE Tmax: 1.7307 | Val MAE Tmin: 1.9492 | Baseline Tmax: 2.1738
  Epoch   99/1000 | Train Loss: 3.3779 | Val MAE Tmax: 1.7305 | Val MAE Tmin: 1.9333 | Baseline Tmax: 2.1738
  Epoch  100/1000 | Train Loss: 3.3721 | Val MAE Tmax: 1.7030 | Val MAE Tmin: 1.9209 | Baseline Tmax: 2.1738
  Epoch  101/1000 | Train Loss: 3.3617 | Val MAE Tmax: 1.7246 | Val MAE Tmin: 1.9244 | Baseline Tmax: 2.1738
  Epoch  102/1000 | Train Loss: 3.3647 | Val MAE Tmax: 1.7085 | Val MAE Tmin: 1.9235 | Baseline Tmax: 2.1738
  Epoch  103/1000 | Train Loss: 3.3629 | Val MAE Tmax: 1.7184 | Val MAE Tmin: 1.9246 | Baseline Tmax: 2.1738
  Epoch  104/1000 | Train Loss: 3.3651 | Val MAE Tmax: 1.7075 | Val MAE Tmin: 1.9190 | Baseline Tmax: 2.1738
  Epoch  105/1000 | Train Loss: 3.3674 | Val MAE Tmax: 1.7024 | Val MAE Tmin: 1.9217 | Baseline Tmax: 2.1738
  Epoch  106/1000 | Train Loss: 3.3557 | Val MAE Tmax: 1.7120 | Val MAE Tmin: 1.9305 | Baseline Tmax: 2.1738
  Epoch  107/1000 | Train Loss: 3.3684 | Val MAE Tmax: 1.7054 | Val MAE Tmin: 1.9186 | Baseline Tmax: 2.1738
  Epoch  108/1000 | Train Loss: 3.3629 | Val MAE Tmax: 1.7116 | Val MAE Tmin: 1.9300 | Baseline Tmax: 2.1738
  Epoch  109/1000 | Train Loss: 3.3554 | Val MAE Tmax: 1.7071 | Val MAE Tmin: 1.9289 | Baseline Tmax: 2.1738
  Epoch  110/1000 | Train Loss: 3.3574 | Val MAE Tmax: 1.6975 | Val MAE Tmin: 1.9263 | Baseline Tmax: 2.1738
  Epoch  111/1000 | Train Loss: 3.3572 | Val MAE Tmax: 1.7158 | Val MAE Tmin: 1.9321 | Baseline Tmax: 2.1738
  Epoch  112/1000 | Train Loss: 3.3622 | Val MAE Tmax: 1.7028 | Val MAE Tmin: 1.9250 | Baseline Tmax: 2.1738
  Epoch  113/1000 | Train Loss: 3.3534 | Val MAE Tmax: 1.7137 | Val MAE Tmin: 1.9298 | Baseline Tmax: 2.1738
  Epoch  114/1000 | Train Loss: 3.3498 | Val MAE Tmax: 1.6905 | Val MAE Tmin: 1.9280 | Baseline Tmax: 2.1738
  Epoch  115/1000 | Train Loss: 3.3640 | Val MAE Tmax: 1.7108 | Val MAE Tmin: 1.9300 | Baseline Tmax: 2.1738
  Epoch  116/1000 | Train Loss: 3.3551 | Val MAE Tmax: 1.7116 | Val MAE Tmin: 1.9357 | Baseline Tmax: 2.1738
  Epoch  117/1000 | Train Loss: 3.3554 | Val MAE Tmax: 1.7056 | Val MAE Tmin: 1.9405 | Baseline Tmax: 2.1738
  Epoch  118/1000 | Train Loss: 3.3590 | Val MAE Tmax: 1.7126 | Val MAE Tmin: 1.9309 | Baseline Tmax: 2.1738
  Epoch  119/1000 | Train Loss: 3.3588 | Val MAE Tmax: 1.7074 | Val MAE Tmin: 1.9310 | Baseline Tmax: 2.1738
  Epoch  120/1000 | Train Loss: 3.3504 | Val MAE Tmax: 1.6980 | Val MAE Tmin: 1.9296 | Baseline Tmax: 2.1738
  Epoch  121/1000 | Train Loss: 3.3517 | Val MAE Tmax: 1.6992 | Val MAE Tmin: 1.9241 | Baseline Tmax: 2.1738
  Epoch  122/1000 | Train Loss: 3.3435 | Val MAE Tmax: 1.7054 | Val MAE Tmin: 1.9414 | Baseline Tmax: 2.1738
  Epoch  123/1000 | Train Loss: 3.3431 | Val MAE Tmax: 1.7137 | Val MAE Tmin: 1.9415 | Baseline Tmax: 2.1738
  Epoch  124/1000 | Train Loss: 3.3400 | Val MAE Tmax: 1.7038 | Val MAE Tmin: 1.9144 | Baseline Tmax: 2.1738
  Epoch  125/1000 | Train Loss: 3.3405 | Val MAE Tmax: 1.7121 | Val MAE Tmin: 1.9172 | Baseline Tmax: 2.1738
  Epoch  126/1000 | Train Loss: 3.3535 | Val MAE Tmax: 1.7252 | Val MAE Tmin: 1.9452 | Baseline Tmax: 2.1738
  Epoch  127/1000 | Train Loss: 3.3392 | Val MAE Tmax: 1.7046 | Val MAE Tmin: 1.9174 | Baseline Tmax: 2.1738
  Epoch  128/1000 | Train Loss: 3.3271 | Val MAE Tmax: 1.7178 | Val MAE Tmin: 1.9345 | Baseline Tmax: 2.1738
  Epoch  129/1000 | Train Loss: 3.3440 | Val MAE Tmax: 1.7177 | Val MAE Tmin: 1.9367 | Baseline Tmax: 2.1738
  Epoch  130/1000 | Train Loss: 3.3443 | Val MAE Tmax: 1.7192 | Val MAE Tmin: 1.9212 | Baseline Tmax: 2.1738
  Epoch  131/1000 | Train Loss: 3.3353 | Val MAE Tmax: 1.7341 | Val MAE Tmin: 1.9373 | Baseline Tmax: 2.1738
  Epoch  132/1000 | Train Loss: 3.3293 | Val MAE Tmax: 1.7159 | Val MAE Tmin: 1.9378 | Baseline Tmax: 2.1738
  Epoch  133/1000 | Train Loss: 3.3396 | Val MAE Tmax: 1.7211 | Val MAE Tmin: 1.9368 | Baseline Tmax: 2.1738
  Epoch  134/1000 | Train Loss: 3.3295 | Val MAE Tmax: 1.6891 | Val MAE Tmin: 1.9362 | Baseline Tmax: 2.1738
  Early stopping triggered after 134 epochs (Patience=10).

============================================================
  Fold s=1, t=0
============================================================
  Epoch    1/1000 | Train Loss: 3.7160 | Val MAE Tmax: 1.9377 | Val MAE Tmin: 1.8876 | Baseline Tmax: 2.1575
  Epoch    2/1000 | Train Loss: 3.6036 | Val MAE Tmax: 1.8964 | Val MAE Tmin: 1.8809 | Baseline Tmax: 2.1575
  Epoch    3/1000 | Train Loss: 3.5769 | Val MAE Tmax: 1.9112 | Val MAE Tmin: 1.8814 | Baseline Tmax: 2.1575
  Epoch    4/1000 | Train Loss: 3.5564 | Val MAE Tmax: 1.8772 | Val MAE Tmin: 1.8832 | Baseline Tmax: 2.1575
  Epoch    5/1000 | Train Loss: 3.5405 | Val MAE Tmax: 1.8880 | Val MAE Tmin: 1.8902 | Baseline Tmax: 2.1575
  Epoch    6/1000 | Train Loss: 3.5279 | Val MAE Tmax: 1.8727 | Val MAE Tmin: 1.8818 | Baseline Tmax: 2.1575
  Epoch    7/1000 | Train Loss: 3.5200 | Val MAE Tmax: 1.8554 | Val MAE Tmin: 1.8780 | Baseline Tmax: 2.1575
  Epoch    8/1000 | Train Loss: 3.5108 | Val MAE Tmax: 1.8754 | Val MAE Tmin: 1.8839 | Baseline Tmax: 2.1575
  Epoch    9/1000 | Train Loss: 3.5129 | Val MAE Tmax: 1.8645 | Val MAE Tmin: 1.8737 | Baseline Tmax: 2.1575
  Epoch   10/1000 | Train Loss: 3.5004 | Val MAE Tmax: 1.8606 | Val MAE Tmin: 1.8681 | Baseline Tmax: 2.1575
  Epoch   11/1000 | Train Loss: 3.4969 | Val MAE Tmax: 1.8687 | Val MAE Tmin: 1.8671 | Baseline Tmax: 2.1575
  Epoch   12/1000 | Train Loss: 3.4985 | Val MAE Tmax: 1.8640 | Val MAE Tmin: 1.8690 | Baseline Tmax: 2.1575
  Epoch   13/1000 | Train Loss: 3.4905 | Val MAE Tmax: 1.8432 | Val MAE Tmin: 1.8765 | Baseline Tmax: 2.1575
  Epoch   14/1000 | Train Loss: 3.4890 | Val MAE Tmax: 1.8541 | Val MAE Tmin: 1.8725 | Baseline Tmax: 2.1575
  Epoch   15/1000 | Train Loss: 3.4881 | Val MAE Tmax: 1.8507 | Val MAE Tmin: 1.8677 | Baseline Tmax: 2.1575
  Epoch   16/1000 | Train Loss: 3.4824 | Val MAE Tmax: 1.8337 | Val MAE Tmin: 1.8731 | Baseline Tmax: 2.1575
  Epoch   17/1000 | Train Loss: 3.4817 | Val MAE Tmax: 1.8364 | Val MAE Tmin: 1.8687 | Baseline Tmax: 2.1575
  Epoch   18/1000 | Train Loss: 3.4727 | Val MAE Tmax: 1.8271 | Val MAE Tmin: 1.8656 | Baseline Tmax: 2.1575
  Epoch   19/1000 | Train Loss: 3.4730 | Val MAE Tmax: 1.8502 | Val MAE Tmin: 1.8622 | Baseline Tmax: 2.1575
  Epoch   20/1000 | Train Loss: 3.4788 | Val MAE Tmax: 1.8335 | Val MAE Tmin: 1.8605 | Baseline Tmax: 2.1575
  Epoch   21/1000 | Train Loss: 3.4727 | Val MAE Tmax: 1.8276 | Val MAE Tmin: 1.8720 | Baseline Tmax: 2.1575
  Epoch   22/1000 | Train Loss: 3.4709 | Val MAE Tmax: 1.8406 | Val MAE Tmin: 1.8615 | Baseline Tmax: 2.1575
  Epoch   23/1000 | Train Loss: 3.4648 | Val MAE Tmax: 1.8319 | Val MAE Tmin: 1.8635 | Baseline Tmax: 2.1575
  Epoch   24/1000 | Train Loss: 3.4629 | Val MAE Tmax: 1.8093 | Val MAE Tmin: 1.8700 | Baseline Tmax: 2.1575
  Epoch   25/1000 | Train Loss: 3.4577 | Val MAE Tmax: 1.8057 | Val MAE Tmin: 1.8670 | Baseline Tmax: 2.1575
  Epoch   26/1000 | Train Loss: 3.4623 | Val MAE Tmax: 1.8279 | Val MAE Tmin: 1.8627 | Baseline Tmax: 2.1575
  Epoch   27/1000 | Train Loss: 3.4667 | Val MAE Tmax: 1.8253 | Val MAE Tmin: 1.8580 | Baseline Tmax: 2.1575
  Epoch   28/1000 | Train Loss: 3.4617 | Val MAE Tmax: 1.8238 | Val MAE Tmin: 1.8668 | Baseline Tmax: 2.1575
  Epoch   29/1000 | Train Loss: 3.4521 | Val MAE Tmax: 1.8192 | Val MAE Tmin: 1.8708 | Baseline Tmax: 2.1575
  Epoch   30/1000 | Train Loss: 3.4498 | Val MAE Tmax: 1.8384 | Val MAE Tmin: 1.8606 | Baseline Tmax: 2.1575
  Epoch   31/1000 | Train Loss: 3.4462 | Val MAE Tmax: 1.8353 | Val MAE Tmin: 1.8665 | Baseline Tmax: 2.1575
  Epoch   32/1000 | Train Loss: 3.4449 | Val MAE Tmax: 1.8225 | Val MAE Tmin: 1.8688 | Baseline Tmax: 2.1575
  Epoch   33/1000 | Train Loss: 3.4501 | Val MAE Tmax: 1.8102 | Val MAE Tmin: 1.8622 | Baseline Tmax: 2.1575
  Epoch   34/1000 | Train Loss: 3.4422 | Val MAE Tmax: 1.8206 | Val MAE Tmin: 1.8624 | Baseline Tmax: 2.1575
  Epoch   35/1000 | Train Loss: 3.4427 | Val MAE Tmax: 1.8206 | Val MAE Tmin: 1.8613 | Baseline Tmax: 2.1575
  Epoch   36/1000 | Train Loss: 3.4336 | Val MAE Tmax: 1.8122 | Val MAE Tmin: 1.8601 | Baseline Tmax: 2.1575
  Epoch   37/1000 | Train Loss: 3.4315 | Val MAE Tmax: 1.8277 | Val MAE Tmin: 1.8554 | Baseline Tmax: 2.1575
  Epoch   38/1000 | Train Loss: 3.4329 | Val MAE Tmax: 1.8065 | Val MAE Tmin: 1.8630 | Baseline Tmax: 2.1575
  Epoch   39/1000 | Train Loss: 3.4361 | Val MAE Tmax: 1.8131 | Val MAE Tmin: 1.8603 | Baseline Tmax: 2.1575
  Epoch   40/1000 | Train Loss: 3.4314 | Val MAE Tmax: 1.8280 | Val MAE Tmin: 1.8614 | Baseline Tmax: 2.1575
  Epoch   41/1000 | Train Loss: 3.4297 | Val MAE Tmax: 1.8232 | Val MAE Tmin: 1.8641 | Baseline Tmax: 2.1575
  Epoch   42/1000 | Train Loss: 3.4332 | Val MAE Tmax: 1.8219 | Val MAE Tmin: 1.8687 | Baseline Tmax: 2.1575
  Epoch   43/1000 | Train Loss: 3.4223 | Val MAE Tmax: 1.8187 | Val MAE Tmin: 1.8643 | Baseline Tmax: 2.1575
  Epoch   44/1000 | Train Loss: 3.4283 | Val MAE Tmax: 1.8139 | Val MAE Tmin: 1.8595 | Baseline Tmax: 2.1575
  Epoch   45/1000 | Train Loss: 3.4227 | Val MAE Tmax: 1.8184 | Val MAE Tmin: 1.8708 | Baseline Tmax: 2.1575
  Epoch   46/1000 | Train Loss: 3.4172 | Val MAE Tmax: 1.8285 | Val MAE Tmin: 1.8724 | Baseline Tmax: 2.1575
  Epoch   47/1000 | Train Loss: 3.4241 | Val MAE Tmax: 1.8198 | Val MAE Tmin: 1.8679 | Baseline Tmax: 2.1575
  Epoch   48/1000 | Train Loss: 3.4188 | Val MAE Tmax: 1.8097 | Val MAE Tmin: 1.8699 | Baseline Tmax: 2.1575
  Early stopping triggered after 48 epochs (Patience=10).

============================================================
  Fold s=1, t=1
============================================================
  Epoch    1/1000 | Train Loss: 3.7063 | Val MAE Tmax: 1.8502 | Val MAE Tmin: 1.9934 | Baseline Tmax: 2.1399
  Epoch    2/1000 | Train Loss: 3.6071 | Val MAE Tmax: 1.8425 | Val MAE Tmin: 1.9664 | Baseline Tmax: 2.1399
  Epoch    3/1000 | Train Loss: 3.5732 | Val MAE Tmax: 1.8000 | Val MAE Tmin: 1.9642 | Baseline Tmax: 2.1399
  Epoch    4/1000 | Train Loss: 3.5555 | Val MAE Tmax: 1.7978 | Val MAE Tmin: 1.9533 | Baseline Tmax: 2.1399
  Epoch    5/1000 | Train Loss: 3.5400 | Val MAE Tmax: 1.7828 | Val MAE Tmin: 1.9514 | Baseline Tmax: 2.1399
  Epoch    6/1000 | Train Loss: 3.5333 | Val MAE Tmax: 1.7738 | Val MAE Tmin: 1.9561 | Baseline Tmax: 2.1399
  Epoch    7/1000 | Train Loss: 3.5220 | Val MAE Tmax: 1.7672 | Val MAE Tmin: 1.9605 | Baseline Tmax: 2.1399
  Epoch    8/1000 | Train Loss: 3.5118 | Val MAE Tmax: 1.7584 | Val MAE Tmin: 1.9440 | Baseline Tmax: 2.1399
  Epoch    9/1000 | Train Loss: 3.5158 | Val MAE Tmax: 1.7688 | Val MAE Tmin: 1.9529 | Baseline Tmax: 2.1399
  Epoch   10/1000 | Train Loss: 3.5073 | Val MAE Tmax: 1.7612 | Val MAE Tmin: 1.9601 | Baseline Tmax: 2.1399
  Epoch   11/1000 | Train Loss: 3.4975 | Val MAE Tmax: 1.7682 | Val MAE Tmin: 1.9350 | Baseline Tmax: 2.1399
  Epoch   12/1000 | Train Loss: 3.4926 | Val MAE Tmax: 1.7701 | Val MAE Tmin: 1.9538 | Baseline Tmax: 2.1399
  Epoch   13/1000 | Train Loss: 3.4992 | Val MAE Tmax: 1.7605 | Val MAE Tmin: 1.9546 | Baseline Tmax: 2.1399
  Epoch   14/1000 | Train Loss: 3.5008 | Val MAE Tmax: 1.7751 | Val MAE Tmin: 1.9313 | Baseline Tmax: 2.1399
  Epoch   15/1000 | Train Loss: 3.4916 | Val MAE Tmax: 1.7807 | Val MAE Tmin: 1.9642 | Baseline Tmax: 2.1399
  Epoch   16/1000 | Train Loss: 3.4846 | Val MAE Tmax: 1.7745 | Val MAE Tmin: 1.9458 | Baseline Tmax: 2.1399
  Epoch   17/1000 | Train Loss: 3.4857 | Val MAE Tmax: 1.7664 | Val MAE Tmin: 1.9289 | Baseline Tmax: 2.1399
  Epoch   18/1000 | Train Loss: 3.4785 | Val MAE Tmax: 1.7726 | Val MAE Tmin: 1.9255 | Baseline Tmax: 2.1399
  Epoch   19/1000 | Train Loss: 3.4781 | Val MAE Tmax: 1.7778 | Val MAE Tmin: 1.9166 | Baseline Tmax: 2.1399
  Epoch   20/1000 | Train Loss: 3.4732 | Val MAE Tmax: 1.7767 | Val MAE Tmin: 1.9289 | Baseline Tmax: 2.1399
  Epoch   21/1000 | Train Loss: 3.4698 | Val MAE Tmax: 1.8101 | Val MAE Tmin: 1.9134 | Baseline Tmax: 2.1399
  Epoch   22/1000 | Train Loss: 3.4691 | Val MAE Tmax: 1.7770 | Val MAE Tmin: 1.9315 | Baseline Tmax: 2.1399
  Epoch   23/1000 | Train Loss: 3.4660 | Val MAE Tmax: 1.7781 | Val MAE Tmin: 1.9348 | Baseline Tmax: 2.1399
  Epoch   24/1000 | Train Loss: 3.4636 | Val MAE Tmax: 1.7521 | Val MAE Tmin: 1.9199 | Baseline Tmax: 2.1399
  Epoch   25/1000 | Train Loss: 3.4617 | Val MAE Tmax: 1.7720 | Val MAE Tmin: 1.9302 | Baseline Tmax: 2.1399
  Epoch   26/1000 | Train Loss: 3.4590 | Val MAE Tmax: 1.7568 | Val MAE Tmin: 1.9272 | Baseline Tmax: 2.1399
  Epoch   27/1000 | Train Loss: 3.4518 | Val MAE Tmax: 1.7567 | Val MAE Tmin: 1.9280 | Baseline Tmax: 2.1399
  Epoch   28/1000 | Train Loss: 3.4563 | Val MAE Tmax: 1.7630 | Val MAE Tmin: 1.9460 | Baseline Tmax: 2.1399
  Epoch   29/1000 | Train Loss: 3.4455 | Val MAE Tmax: 1.7838 | Val MAE Tmin: 1.9327 | Baseline Tmax: 2.1399
  Epoch   30/1000 | Train Loss: 3.4570 | Val MAE Tmax: 1.7644 | Val MAE Tmin: 1.9064 | Baseline Tmax: 2.1399
  Epoch   31/1000 | Train Loss: 3.4388 | Val MAE Tmax: 1.7812 | Val MAE Tmin: 1.9205 | Baseline Tmax: 2.1399
  Epoch   32/1000 | Train Loss: 3.4402 | Val MAE Tmax: 1.7570 | Val MAE Tmin: 1.9034 | Baseline Tmax: 2.1399
  Epoch   33/1000 | Train Loss: 3.4465 | Val MAE Tmax: 1.7559 | Val MAE Tmin: 1.9006 | Baseline Tmax: 2.1399
  Epoch   34/1000 | Train Loss: 3.4396 | Val MAE Tmax: 1.7747 | Val MAE Tmin: 1.9005 | Baseline Tmax: 2.1399
  Epoch   35/1000 | Train Loss: 3.4324 | Val MAE Tmax: 1.7648 | Val MAE Tmin: 1.8953 | Baseline Tmax: 2.1399
  Epoch   36/1000 | Train Loss: 3.4332 | Val MAE Tmax: 1.7641 | Val MAE Tmin: 1.8994 | Baseline Tmax: 2.1399
  Epoch   37/1000 | Train Loss: 3.4321 | Val MAE Tmax: 1.7724 | Val MAE Tmin: 1.8923 | Baseline Tmax: 2.1399
  Epoch   38/1000 | Train Loss: 3.4341 | Val MAE Tmax: 1.7589 | Val MAE Tmin: 1.9014 | Baseline Tmax: 2.1399
  Epoch   39/1000 | Train Loss: 3.4239 | Val MAE Tmax: 1.7701 | Val MAE Tmin: 1.8955 | Baseline Tmax: 2.1399
  Epoch   40/1000 | Train Loss: 3.4296 | Val MAE Tmax: 1.7597 | Val MAE Tmin: 1.8890 | Baseline Tmax: 2.1399
  Epoch   41/1000 | Train Loss: 3.4215 | Val MAE Tmax: 1.7384 | Val MAE Tmin: 1.8932 | Baseline Tmax: 2.1399
  Epoch   42/1000 | Train Loss: 3.4212 | Val MAE Tmax: 1.7622 | Val MAE Tmin: 1.8884 | Baseline Tmax: 2.1399
  Epoch   43/1000 | Train Loss: 3.4258 | Val MAE Tmax: 1.8184 | Val MAE Tmin: 1.8927 | Baseline Tmax: 2.1399
  Epoch   44/1000 | Train Loss: 3.4114 | Val MAE Tmax: 1.7299 | Val MAE Tmin: 1.8918 | Baseline Tmax: 2.1399
  Epoch   45/1000 | Train Loss: 3.4134 | Val MAE Tmax: 1.7445 | Val MAE Tmin: 1.8993 | Baseline Tmax: 2.1399
  Epoch   46/1000 | Train Loss: 3.4132 | Val MAE Tmax: 1.7379 | Val MAE Tmin: 1.9011 | Baseline Tmax: 2.1399
  Epoch   47/1000 | Train Loss: 3.4052 | Val MAE Tmax: 1.7408 | Val MAE Tmin: 1.8953 | Baseline Tmax: 2.1399
  Epoch   48/1000 | Train Loss: 3.4103 | Val MAE Tmax: 1.7484 | Val MAE Tmin: 1.9040 | Baseline Tmax: 2.1399
  Epoch   49/1000 | Train Loss: 3.4125 | Val MAE Tmax: 1.7383 | Val MAE Tmin: 1.8875 | Baseline Tmax: 2.1399
  Epoch   50/1000 | Train Loss: 3.3990 | Val MAE Tmax: 1.7531 | Val MAE Tmin: 1.8853 | Baseline Tmax: 2.1399
  Epoch   51/1000 | Train Loss: 3.4052 | Val MAE Tmax: 1.7405 | Val MAE Tmin: 1.8755 | Baseline Tmax: 2.1399
  Epoch   52/1000 | Train Loss: 3.4042 | Val MAE Tmax: 1.7267 | Val MAE Tmin: 1.8837 | Baseline Tmax: 2.1399
  Epoch   53/1000 | Train Loss: 3.3992 | Val MAE Tmax: 1.7278 | Val MAE Tmin: 1.8806 | Baseline Tmax: 2.1399
  Epoch   54/1000 | Train Loss: 3.3891 | Val MAE Tmax: 1.7361 | Val MAE Tmin: 1.8870 | Baseline Tmax: 2.1399
  Epoch   55/1000 | Train Loss: 3.3888 | Val MAE Tmax: 1.7467 | Val MAE Tmin: 1.8845 | Baseline Tmax: 2.1399
  Epoch   56/1000 | Train Loss: 3.3925 | Val MAE Tmax: 1.7279 | Val MAE Tmin: 1.8982 | Baseline Tmax: 2.1399
  Epoch   57/1000 | Train Loss: 3.3851 | Val MAE Tmax: 1.7418 | Val MAE Tmin: 1.9036 | Baseline Tmax: 2.1399
  Epoch   58/1000 | Train Loss: 3.3919 | Val MAE Tmax: 1.7310 | Val MAE Tmin: 1.8789 | Baseline Tmax: 2.1399
  Epoch   59/1000 | Train Loss: 3.3827 | Val MAE Tmax: 1.7174 | Val MAE Tmin: 1.8841 | Baseline Tmax: 2.1399
  Epoch   60/1000 | Train Loss: 3.3812 | Val MAE Tmax: 1.7204 | Val MAE Tmin: 1.8827 | Baseline Tmax: 2.1399
  Epoch   61/1000 | Train Loss: 3.3844 | Val MAE Tmax: 1.7302 | Val MAE Tmin: 1.8953 | Baseline Tmax: 2.1399
  Epoch   62/1000 | Train Loss: 3.3806 | Val MAE Tmax: 1.7481 | Val MAE Tmin: 1.8896 | Baseline Tmax: 2.1399
  Epoch   63/1000 | Train Loss: 3.3808 | Val MAE Tmax: 1.7243 | Val MAE Tmin: 1.8745 | Baseline Tmax: 2.1399
  Epoch   64/1000 | Train Loss: 3.3706 | Val MAE Tmax: 1.7182 | Val MAE Tmin: 1.8808 | Baseline Tmax: 2.1399
  Epoch   65/1000 | Train Loss: 3.3779 | Val MAE Tmax: 1.7208 | Val MAE Tmin: 1.8788 | Baseline Tmax: 2.1399
  Epoch   66/1000 | Train Loss: 3.3867 | Val MAE Tmax: 1.7201 | Val MAE Tmin: 1.8783 | Baseline Tmax: 2.1399
  Epoch   67/1000 | Train Loss: 3.3767 | Val MAE Tmax: 1.7246 | Val MAE Tmin: 1.8728 | Baseline Tmax: 2.1399
  Epoch   68/1000 | Train Loss: 3.3735 | Val MAE Tmax: 1.7093 | Val MAE Tmin: 1.8603 | Baseline Tmax: 2.1399
  Epoch   69/1000 | Train Loss: 3.3677 | Val MAE Tmax: 1.7256 | Val MAE Tmin: 1.8803 | Baseline Tmax: 2.1399
  Epoch   70/1000 | Train Loss: 3.3703 | Val MAE Tmax: 1.7345 | Val MAE Tmin: 1.8683 | Baseline Tmax: 2.1399
  Epoch   71/1000 | Train Loss: 3.3727 | Val MAE Tmax: 1.7229 | Val MAE Tmin: 1.8681 | Baseline Tmax: 2.1399
  Epoch   72/1000 | Train Loss: 3.3719 | Val MAE Tmax: 1.7171 | Val MAE Tmin: 1.8774 | Baseline Tmax: 2.1399
  Epoch   73/1000 | Train Loss: 3.3673 | Val MAE Tmax: 1.7140 | Val MAE Tmin: 1.8625 | Baseline Tmax: 2.1399
  Epoch   74/1000 | Train Loss: 3.3694 | Val MAE Tmax: 1.7135 | Val MAE Tmin: 1.8649 | Baseline Tmax: 2.1399
  Epoch   75/1000 | Train Loss: 3.3611 | Val MAE Tmax: 1.7163 | Val MAE Tmin: 1.8757 | Baseline Tmax: 2.1399
  Epoch   76/1000 | Train Loss: 3.3624 | Val MAE Tmax: 1.7055 | Val MAE Tmin: 1.8733 | Baseline Tmax: 2.1399
  Epoch   77/1000 | Train Loss: 3.3740 | Val MAE Tmax: 1.7182 | Val MAE Tmin: 1.8653 | Baseline Tmax: 2.1399
  Epoch   78/1000 | Train Loss: 3.3550 | Val MAE Tmax: 1.7154 | Val MAE Tmin: 1.8754 | Baseline Tmax: 2.1399
  Early stopping triggered after 78 epochs (Patience=10).

============================================================
  Fold s=2, t=0
============================================================
  Epoch    1/1000 | Train Loss: 3.7603 | Val MAE Tmax: 1.6767 | Val MAE Tmin: 1.8302 | Baseline Tmax: 2.0086
  Epoch    2/1000 | Train Loss: 3.6835 | Val MAE Tmax: 1.6581 | Val MAE Tmin: 1.8029 | Baseline Tmax: 2.0086
  Epoch    3/1000 | Train Loss: 3.6627 | Val MAE Tmax: 1.6729 | Val MAE Tmin: 1.7617 | Baseline Tmax: 2.0086
  Epoch    4/1000 | Train Loss: 3.6444 | Val MAE Tmax: 1.6496 | Val MAE Tmin: 1.7640 | Baseline Tmax: 2.0086
  Epoch    5/1000 | Train Loss: 3.6308 | Val MAE Tmax: 1.6418 | Val MAE Tmin: 1.7424 | Baseline Tmax: 2.0086
  Epoch    6/1000 | Train Loss: 3.6278 | Val MAE Tmax: 1.6583 | Val MAE Tmin: 1.7346 | Baseline Tmax: 2.0086
  Epoch    7/1000 | Train Loss: 3.6173 | Val MAE Tmax: 1.6763 | Val MAE Tmin: 1.7222 | Baseline Tmax: 2.0086
  Epoch    8/1000 | Train Loss: 3.6084 | Val MAE Tmax: 1.6907 | Val MAE Tmin: 1.7203 | Baseline Tmax: 2.0086
  Epoch    9/1000 | Train Loss: 3.6015 | Val MAE Tmax: 1.6867 | Val MAE Tmin: 1.7143 | Baseline Tmax: 2.0086
  Epoch   10/1000 | Train Loss: 3.5916 | Val MAE Tmax: 1.6959 | Val MAE Tmin: 1.7120 | Baseline Tmax: 2.0086
  Epoch   11/1000 | Train Loss: 3.5918 | Val MAE Tmax: 1.6828 | Val MAE Tmin: 1.7069 | Baseline Tmax: 2.0086
  Epoch   12/1000 | Train Loss: 3.5836 | Val MAE Tmax: 1.6727 | Val MAE Tmin: 1.7078 | Baseline Tmax: 2.0086
  Epoch   13/1000 | Train Loss: 3.5826 | Val MAE Tmax: 1.7135 | Val MAE Tmin: 1.7201 | Baseline Tmax: 2.0086
  Epoch   14/1000 | Train Loss: 3.5746 | Val MAE Tmax: 1.6921 | Val MAE Tmin: 1.7150 | Baseline Tmax: 2.0086
  Epoch   15/1000 | Train Loss: 3.5752 | Val MAE Tmax: 1.6692 | Val MAE Tmin: 1.7054 | Baseline Tmax: 2.0086
  Epoch   16/1000 | Train Loss: 3.5664 | Val MAE Tmax: 1.6625 | Val MAE Tmin: 1.6963 | Baseline Tmax: 2.0086
  Epoch   17/1000 | Train Loss: 3.5625 | Val MAE Tmax: 1.6679 | Val MAE Tmin: 1.6963 | Baseline Tmax: 2.0086
  Epoch   18/1000 | Train Loss: 3.5632 | Val MAE Tmax: 1.6797 | Val MAE Tmin: 1.6952 | Baseline Tmax: 2.0086
  Epoch   19/1000 | Train Loss: 3.5621 | Val MAE Tmax: 1.6682 | Val MAE Tmin: 1.6972 | Baseline Tmax: 2.0086
  Epoch   20/1000 | Train Loss: 3.5536 | Val MAE Tmax: 1.6816 | Val MAE Tmin: 1.6964 | Baseline Tmax: 2.0086
  Epoch   21/1000 | Train Loss: 3.5520 | Val MAE Tmax: 1.6792 | Val MAE Tmin: 1.6931 | Baseline Tmax: 2.0086
  Epoch   22/1000 | Train Loss: 3.5554 | Val MAE Tmax: 1.6707 | Val MAE Tmin: 1.6931 | Baseline Tmax: 2.0086
  Epoch   23/1000 | Train Loss: 3.5518 | Val MAE Tmax: 1.6502 | Val MAE Tmin: 1.6972 | Baseline Tmax: 2.0086
  Epoch   24/1000 | Train Loss: 3.5432 | Val MAE Tmax: 1.6444 | Val MAE Tmin: 1.7006 | Baseline Tmax: 2.0086
  Epoch   25/1000 | Train Loss: 3.5395 | Val MAE Tmax: 1.6453 | Val MAE Tmin: 1.6956 | Baseline Tmax: 2.0086
  Epoch   26/1000 | Train Loss: 3.5367 | Val MAE Tmax: 1.6618 | Val MAE Tmin: 1.6966 | Baseline Tmax: 2.0086
  Epoch   27/1000 | Train Loss: 3.5426 | Val MAE Tmax: 1.6490 | Val MAE Tmin: 1.6861 | Baseline Tmax: 2.0086
  Epoch   28/1000 | Train Loss: 3.5340 | Val MAE Tmax: 1.6721 | Val MAE Tmin: 1.6901 | Baseline Tmax: 2.0086
  Epoch   29/1000 | Train Loss: 3.5352 | Val MAE Tmax: 1.6742 | Val MAE Tmin: 1.6814 | Baseline Tmax: 2.0086
  Epoch   30/1000 | Train Loss: 3.5344 | Val MAE Tmax: 1.6503 | Val MAE Tmin: 1.6922 | Baseline Tmax: 2.0086
  Epoch   31/1000 | Train Loss: 3.5306 | Val MAE Tmax: 1.6837 | Val MAE Tmin: 1.6881 | Baseline Tmax: 2.0086
  Epoch   32/1000 | Train Loss: 3.5339 | Val MAE Tmax: 1.6547 | Val MAE Tmin: 1.6822 | Baseline Tmax: 2.0086
  Epoch   33/1000 | Train Loss: 3.5245 | Val MAE Tmax: 1.6548 | Val MAE Tmin: 1.6919 | Baseline Tmax: 2.0086
  Epoch   34/1000 | Train Loss: 3.5272 | Val MAE Tmax: 1.6363 | Val MAE Tmin: 1.6917 | Baseline Tmax: 2.0086
  Epoch   35/1000 | Train Loss: 3.5180 | Val MAE Tmax: 1.6514 | Val MAE Tmin: 1.6872 | Baseline Tmax: 2.0086
  Epoch   36/1000 | Train Loss: 3.5163 | Val MAE Tmax: 1.6598 | Val MAE Tmin: 1.6876 | Baseline Tmax: 2.0086
  Epoch   37/1000 | Train Loss: 3.5210 | Val MAE Tmax: 1.6385 | Val MAE Tmin: 1.6913 | Baseline Tmax: 2.0086
  Epoch   38/1000 | Train Loss: 3.5251 | Val MAE Tmax: 1.6402 | Val MAE Tmin: 1.6888 | Baseline Tmax: 2.0086
  Epoch   39/1000 | Train Loss: 3.5168 | Val MAE Tmax: 1.6414 | Val MAE Tmin: 1.6789 | Baseline Tmax: 2.0086
  Epoch   40/1000 | Train Loss: 3.5077 | Val MAE Tmax: 1.6578 | Val MAE Tmin: 1.6803 | Baseline Tmax: 2.0086
  Epoch   41/1000 | Train Loss: 3.5123 | Val MAE Tmax: 1.6365 | Val MAE Tmin: 1.6811 | Baseline Tmax: 2.0086
  Epoch   42/1000 | Train Loss: 3.5022 | Val MAE Tmax: 1.6361 | Val MAE Tmin: 1.6876 | Baseline Tmax: 2.0086
  Epoch   43/1000 | Train Loss: 3.5013 | Val MAE Tmax: 1.6549 | Val MAE Tmin: 1.6811 | Baseline Tmax: 2.0086
  Epoch   44/1000 | Train Loss: 3.5004 | Val MAE Tmax: 1.6637 | Val MAE Tmin: 1.6862 | Baseline Tmax: 2.0086
  Epoch   45/1000 | Train Loss: 3.5024 | Val MAE Tmax: 1.6525 | Val MAE Tmin: 1.6849 | Baseline Tmax: 2.0086
  Epoch   46/1000 | Train Loss: 3.5023 | Val MAE Tmax: 1.6536 | Val MAE Tmin: 1.6901 | Baseline Tmax: 2.0086
  Epoch   47/1000 | Train Loss: 3.5043 | Val MAE Tmax: 1.6575 | Val MAE Tmin: 1.6832 | Baseline Tmax: 2.0086
  Epoch   48/1000 | Train Loss: 3.4953 | Val MAE Tmax: 1.6481 | Val MAE Tmin: 1.6878 | Baseline Tmax: 2.0086
  Epoch   49/1000 | Train Loss: 3.5079 | Val MAE Tmax: 1.6415 | Val MAE Tmin: 1.6809 | Baseline Tmax: 2.0086
  Epoch   50/1000 | Train Loss: 3.5068 | Val MAE Tmax: 1.6584 | Val MAE Tmin: 1.6766 | Baseline Tmax: 2.0086
  Epoch   51/1000 | Train Loss: 3.5062 | Val MAE Tmax: 1.6338 | Val MAE Tmin: 1.6822 | Baseline Tmax: 2.0086
  Epoch   52/1000 | Train Loss: 3.4949 | Val MAE Tmax: 1.6484 | Val MAE Tmin: 1.6843 | Baseline Tmax: 2.0086
  Epoch   53/1000 | Train Loss: 3.4996 | Val MAE Tmax: 1.6865 | Val MAE Tmin: 1.6780 | Baseline Tmax: 2.0086
  Epoch   54/1000 | Train Loss: 3.4973 | Val MAE Tmax: 1.6424 | Val MAE Tmin: 1.6913 | Baseline Tmax: 2.0086
  Epoch   55/1000 | Train Loss: 3.5028 | Val MAE Tmax: 1.6357 | Val MAE Tmin: 1.6846 | Baseline Tmax: 2.0086
  Epoch   56/1000 | Train Loss: 3.5086 | Val MAE Tmax: 1.6527 | Val MAE Tmin: 1.6803 | Baseline Tmax: 2.0086
  Epoch   57/1000 | Train Loss: 3.4936 | Val MAE Tmax: 1.6457 | Val MAE Tmin: 1.6839 | Baseline Tmax: 2.0086
  Epoch   58/1000 | Train Loss: 3.4925 | Val MAE Tmax: 1.6395 | Val MAE Tmin: 1.6851 | Baseline Tmax: 2.0086
  Epoch   59/1000 | Train Loss: 3.4952 | Val MAE Tmax: 1.6581 | Val MAE Tmin: 1.6903 | Baseline Tmax: 2.0086
  Epoch   60/1000 | Train Loss: 3.4862 | Val MAE Tmax: 1.6556 | Val MAE Tmin: 1.6828 | Baseline Tmax: 2.0086
  Epoch   61/1000 | Train Loss: 3.4915 | Val MAE Tmax: 1.6609 | Val MAE Tmin: 1.6787 | Baseline Tmax: 2.0086
  Early stopping triggered after 61 epochs (Patience=10).

============================================================
  Fold s=2, t=1
============================================================
  Epoch    1/1000 | Train Loss: 3.7675 | Val MAE Tmax: 1.7235 | Val MAE Tmin: 1.8964 | Baseline Tmax: 2.0690
  Epoch    2/1000 | Train Loss: 3.6855 | Val MAE Tmax: 1.6566 | Val MAE Tmin: 1.8707 | Baseline Tmax: 2.0690
  Epoch    3/1000 | Train Loss: 3.6549 | Val MAE Tmax: 1.6326 | Val MAE Tmin: 1.8550 | Baseline Tmax: 2.0690
  Epoch    4/1000 | Train Loss: 3.6434 | Val MAE Tmax: 1.6228 | Val MAE Tmin: 1.8406 | Baseline Tmax: 2.0690
  Epoch    5/1000 | Train Loss: 3.6198 | Val MAE Tmax: 1.6286 | Val MAE Tmin: 1.8326 | Baseline Tmax: 2.0690
  Epoch    6/1000 | Train Loss: 3.6152 | Val MAE Tmax: 1.6177 | Val MAE Tmin: 1.7895 | Baseline Tmax: 2.0690
  Epoch    7/1000 | Train Loss: 3.6047 | Val MAE Tmax: 1.6004 | Val MAE Tmin: 1.7971 | Baseline Tmax: 2.0690
  Epoch    8/1000 | Train Loss: 3.6026 | Val MAE Tmax: 1.6061 | Val MAE Tmin: 1.7934 | Baseline Tmax: 2.0690
  Epoch    9/1000 | Train Loss: 3.5982 | Val MAE Tmax: 1.6165 | Val MAE Tmin: 1.7870 | Baseline Tmax: 2.0690
  Epoch   10/1000 | Train Loss: 3.5966 | Val MAE Tmax: 1.6049 | Val MAE Tmin: 1.7991 | Baseline Tmax: 2.0690
  Epoch   11/1000 | Train Loss: 3.5912 | Val MAE Tmax: 1.6040 | Val MAE Tmin: 1.7828 | Baseline Tmax: 2.0690
  Epoch   12/1000 | Train Loss: 3.5837 | Val MAE Tmax: 1.6015 | Val MAE Tmin: 1.7663 | Baseline Tmax: 2.0690
  Epoch   13/1000 | Train Loss: 3.5824 | Val MAE Tmax: 1.5916 | Val MAE Tmin: 1.7773 | Baseline Tmax: 2.0690
  Epoch   14/1000 | Train Loss: 3.5783 | Val MAE Tmax: 1.5963 | Val MAE Tmin: 1.7719 | Baseline Tmax: 2.0690
  Epoch   15/1000 | Train Loss: 3.5832 | Val MAE Tmax: 1.5868 | Val MAE Tmin: 1.7824 | Baseline Tmax: 2.0690
  Epoch   16/1000 | Train Loss: 3.5781 | Val MAE Tmax: 1.5935 | Val MAE Tmin: 1.7801 | Baseline Tmax: 2.0690
  Epoch   17/1000 | Train Loss: 3.5781 | Val MAE Tmax: 1.5802 | Val MAE Tmin: 1.7726 | Baseline Tmax: 2.0690
  Epoch   18/1000 | Train Loss: 3.5736 | Val MAE Tmax: 1.6089 | Val MAE Tmin: 1.7736 | Baseline Tmax: 2.0690
  Epoch   19/1000 | Train Loss: 3.5671 | Val MAE Tmax: 1.5846 | Val MAE Tmin: 1.7751 | Baseline Tmax: 2.0690
  Epoch   20/1000 | Train Loss: 3.5665 | Val MAE Tmax: 1.5968 | Val MAE Tmin: 1.7671 | Baseline Tmax: 2.0690
  Epoch   21/1000 | Train Loss: 3.5648 | Val MAE Tmax: 1.5915 | Val MAE Tmin: 1.7742 | Baseline Tmax: 2.0690
  Epoch   22/1000 | Train Loss: 3.5569 | Val MAE Tmax: 1.5877 | Val MAE Tmin: 1.7732 | Baseline Tmax: 2.0690
  Epoch   23/1000 | Train Loss: 3.5605 | Val MAE Tmax: 1.5805 | Val MAE Tmin: 1.7770 | Baseline Tmax: 2.0690
  Epoch   24/1000 | Train Loss: 3.5509 | Val MAE Tmax: 1.5825 | Val MAE Tmin: 1.7849 | Baseline Tmax: 2.0690
  Epoch   25/1000 | Train Loss: 3.5507 | Val MAE Tmax: 1.5840 | Val MAE Tmin: 1.7737 | Baseline Tmax: 2.0690
  Epoch   26/1000 | Train Loss: 3.5538 | Val MAE Tmax: 1.5777 | Val MAE Tmin: 1.7678 | Baseline Tmax: 2.0690
  Epoch   27/1000 | Train Loss: 3.5446 | Val MAE Tmax: 1.5837 | Val MAE Tmin: 1.7792 | Baseline Tmax: 2.0690
  Epoch   28/1000 | Train Loss: 3.5509 | Val MAE Tmax: 1.5727 | Val MAE Tmin: 1.7708 | Baseline Tmax: 2.0690
  Epoch   29/1000 | Train Loss: 3.5446 | Val MAE Tmax: 1.5781 | Val MAE Tmin: 1.7698 | Baseline Tmax: 2.0690
  Epoch   30/1000 | Train Loss: 3.5484 | Val MAE Tmax: 1.5636 | Val MAE Tmin: 1.7679 | Baseline Tmax: 2.0690
  Epoch   31/1000 | Train Loss: 3.5422 | Val MAE Tmax: 1.5677 | Val MAE Tmin: 1.7675 | Baseline Tmax: 2.0690
  Epoch   32/1000 | Train Loss: 3.5382 | Val MAE Tmax: 1.5737 | Val MAE Tmin: 1.7620 | Baseline Tmax: 2.0690
  Epoch   33/1000 | Train Loss: 3.5362 | Val MAE Tmax: 1.5766 | Val MAE Tmin: 1.7636 | Baseline Tmax: 2.0690
  Epoch   34/1000 | Train Loss: 3.5353 | Val MAE Tmax: 1.5607 | Val MAE Tmin: 1.7814 | Baseline Tmax: 2.0690
  Epoch   35/1000 | Train Loss: 3.5300 | Val MAE Tmax: 1.5621 | Val MAE Tmin: 1.7601 | Baseline Tmax: 2.0690
  Epoch   36/1000 | Train Loss: 3.5325 | Val MAE Tmax: 1.5531 | Val MAE Tmin: 1.7675 | Baseline Tmax: 2.0690
  Epoch   37/1000 | Train Loss: 3.5267 | Val MAE Tmax: 1.5670 | Val MAE Tmin: 1.7659 | Baseline Tmax: 2.0690
  Epoch   38/1000 | Train Loss: 3.5223 | Val MAE Tmax: 1.5563 | Val MAE Tmin: 1.7587 | Baseline Tmax: 2.0690
  Epoch   39/1000 | Train Loss: 3.5226 | Val MAE Tmax: 1.5642 | Val MAE Tmin: 1.7840 | Baseline Tmax: 2.0690
  Epoch   40/1000 | Train Loss: 3.5211 | Val MAE Tmax: 1.5551 | Val MAE Tmin: 1.7572 | Baseline Tmax: 2.0690
  Epoch   41/1000 | Train Loss: 3.5303 | Val MAE Tmax: 1.5577 | Val MAE Tmin: 1.7644 | Baseline Tmax: 2.0690
  Epoch   42/1000 | Train Loss: 3.5247 | Val MAE Tmax: 1.5499 | Val MAE Tmin: 1.7640 | Baseline Tmax: 2.0690
  Epoch   43/1000 | Train Loss: 3.5148 | Val MAE Tmax: 1.5490 | Val MAE Tmin: 1.7644 | Baseline Tmax: 2.0690
  Epoch   44/1000 | Train Loss: 3.5191 | Val MAE Tmax: 1.5655 | Val MAE Tmin: 1.7710 | Baseline Tmax: 2.0690
  Epoch   45/1000 | Train Loss: 3.5161 | Val MAE Tmax: 1.5529 | Val MAE Tmin: 1.7595 | Baseline Tmax: 2.0690
  Epoch   46/1000 | Train Loss: 3.5125 | Val MAE Tmax: 1.5485 | Val MAE Tmin: 1.7745 | Baseline Tmax: 2.0690
  Epoch   47/1000 | Train Loss: 3.5056 | Val MAE Tmax: 1.5471 | Val MAE Tmin: 1.7788 | Baseline Tmax: 2.0690
  Epoch   48/1000 | Train Loss: 3.5047 | Val MAE Tmax: 1.5430 | Val MAE Tmin: 1.7561 | Baseline Tmax: 2.0690
  Epoch   49/1000 | Train Loss: 3.5084 | Val MAE Tmax: 1.5519 | Val MAE Tmin: 1.7758 | Baseline Tmax: 2.0690
  Epoch   50/1000 | Train Loss: 3.5028 | Val MAE Tmax: 1.5484 | Val MAE Tmin: 1.7663 | Baseline Tmax: 2.0690
  Epoch   51/1000 | Train Loss: 3.5097 | Val MAE Tmax: 1.5315 | Val MAE Tmin: 1.7715 | Baseline Tmax: 2.0690
  Epoch   52/1000 | Train Loss: 3.5103 | Val MAE Tmax: 1.5555 | Val MAE Tmin: 1.7685 | Baseline Tmax: 2.0690
  Epoch   53/1000 | Train Loss: 3.5079 | Val MAE Tmax: 1.5464 | Val MAE Tmin: 1.7675 | Baseline Tmax: 2.0690
  Epoch   54/1000 | Train Loss: 3.5039 | Val MAE Tmax: 1.5400 | Val MAE Tmin: 1.7561 | Baseline Tmax: 2.0690
  Epoch   55/1000 | Train Loss: 3.5008 | Val MAE Tmax: 1.5449 | Val MAE Tmin: 1.7635 | Baseline Tmax: 2.0690
  Epoch   56/1000 | Train Loss: 3.5048 | Val MAE Tmax: 1.5444 | Val MAE Tmin: 1.7514 | Baseline Tmax: 2.0690
  Epoch   57/1000 | Train Loss: 3.5057 | Val MAE Tmax: 1.5401 | Val MAE Tmin: 1.7655 | Baseline Tmax: 2.0690
  Epoch   58/1000 | Train Loss: 3.4951 | Val MAE Tmax: 1.5403 | Val MAE Tmin: 1.7567 | Baseline Tmax: 2.0690
  Epoch   59/1000 | Train Loss: 3.4981 | Val MAE Tmax: 1.5331 | Val MAE Tmin: 1.7538 | Baseline Tmax: 2.0690
  Epoch   60/1000 | Train Loss: 3.4969 | Val MAE Tmax: 1.5385 | Val MAE Tmin: 1.7671 | Baseline Tmax: 2.0690
  Epoch   61/1000 | Train Loss: 3.4959 | Val MAE Tmax: 1.5467 | Val MAE Tmin: 1.7549 | Baseline Tmax: 2.0690
  Epoch   62/1000 | Train Loss: 3.5004 | Val MAE Tmax: 1.5459 | Val MAE Tmin: 1.7467 | Baseline Tmax: 2.0690
  Epoch   63/1000 | Train Loss: 3.4929 | Val MAE Tmax: 1.5327 | Val MAE Tmin: 1.7590 | Baseline Tmax: 2.0690
  Epoch   64/1000 | Train Loss: 3.4940 | Val MAE Tmax: 1.5264 | Val MAE Tmin: 1.7519 | Baseline Tmax: 2.0690
  Epoch   65/1000 | Train Loss: 3.4882 | Val MAE Tmax: 1.5319 | Val MAE Tmin: 1.7456 | Baseline Tmax: 2.0690
  Epoch   66/1000 | Train Loss: 3.4857 | Val MAE Tmax: 1.5346 | Val MAE Tmin: 1.7492 | Baseline Tmax: 2.0690
  Epoch   67/1000 | Train Loss: 3.4849 | Val MAE Tmax: 1.5316 | Val MAE Tmin: 1.7645 | Baseline Tmax: 2.0690
  Epoch   68/1000 | Train Loss: 3.4808 | Val MAE Tmax: 1.5250 | Val MAE Tmin: 1.7439 | Baseline Tmax: 2.0690
  Epoch   69/1000 | Train Loss: 3.4859 | Val MAE Tmax: 1.5230 | Val MAE Tmin: 1.7416 | Baseline Tmax: 2.0690
  Epoch   70/1000 | Train Loss: 3.4778 | Val MAE Tmax: 1.5316 | Val MAE Tmin: 1.7446 | Baseline Tmax: 2.0690
  Epoch   71/1000 | Train Loss: 3.4786 | Val MAE Tmax: 1.5270 | Val MAE Tmin: 1.7437 | Baseline Tmax: 2.0690
  Epoch   72/1000 | Train Loss: 3.4784 | Val MAE Tmax: 1.5263 | Val MAE Tmin: 1.7401 | Baseline Tmax: 2.0690
  Epoch   73/1000 | Train Loss: 3.4682 | Val MAE Tmax: 1.5466 | Val MAE Tmin: 1.7480 | Baseline Tmax: 2.0690
  Epoch   74/1000 | Train Loss: 3.4774 | Val MAE Tmax: 1.5494 | Val MAE Tmin: 1.7424 | Baseline Tmax: 2.0690
  Epoch   75/1000 | Train Loss: 3.4786 | Val MAE Tmax: 1.5345 | Val MAE Tmin: 1.7491 | Baseline Tmax: 2.0690
  Epoch   76/1000 | Train Loss: 3.4760 | Val MAE Tmax: 1.5217 | Val MAE Tmin: 1.7459 | Baseline Tmax: 2.0690
  Epoch   77/1000 | Train Loss: 3.4706 | Val MAE Tmax: 1.5427 | Val MAE Tmin: 1.7421 | Baseline Tmax: 2.0690
  Epoch   78/1000 | Train Loss: 3.4806 | Val MAE Tmax: 1.5367 | Val MAE Tmin: 1.7436 | Baseline Tmax: 2.0690
  Epoch   79/1000 | Train Loss: 3.4788 | Val MAE Tmax: 1.5348 | Val MAE Tmin: 1.7374 | Baseline Tmax: 2.0690
  Early stopping triggered after 79 epochs (Patience=10).

============================================================
  Fold s=3, t=0
============================================================
  Epoch    1/1000 | Train Loss: 3.8128 | Val MAE Tmax: 1.6953 | Val MAE Tmin: 1.4261 | Baseline Tmax: 1.8691
  Epoch    2/1000 | Train Loss: 3.7366 | Val MAE Tmax: 1.6513 | Val MAE Tmin: 1.4572 | Baseline Tmax: 1.8691
  Epoch    3/1000 | Train Loss: 3.7044 | Val MAE Tmax: 1.6447 | Val MAE Tmin: 1.4222 | Baseline Tmax: 1.8691
  Epoch    4/1000 | Train Loss: 3.6889 | Val MAE Tmax: 1.6527 | Val MAE Tmin: 1.3984 | Baseline Tmax: 1.8691
  Epoch    5/1000 | Train Loss: 3.6766 | Val MAE Tmax: 1.6696 | Val MAE Tmin: 1.4056 | Baseline Tmax: 1.8691
  Epoch    6/1000 | Train Loss: 3.6668 | Val MAE Tmax: 1.6658 | Val MAE Tmin: 1.3995 | Baseline Tmax: 1.8691
  Epoch    7/1000 | Train Loss: 3.6619 | Val MAE Tmax: 1.6533 | Val MAE Tmin: 1.3898 | Baseline Tmax: 1.8691
  Epoch    8/1000 | Train Loss: 3.6548 | Val MAE Tmax: 1.6507 | Val MAE Tmin: 1.3911 | Baseline Tmax: 1.8691
  Epoch    9/1000 | Train Loss: 3.6500 | Val MAE Tmax: 1.6295 | Val MAE Tmin: 1.3875 | Baseline Tmax: 1.8691
  Epoch   10/1000 | Train Loss: 3.6418 | Val MAE Tmax: 1.6385 | Val MAE Tmin: 1.3872 | Baseline Tmax: 1.8691
  Epoch   11/1000 | Train Loss: 3.6340 | Val MAE Tmax: 1.6370 | Val MAE Tmin: 1.3903 | Baseline Tmax: 1.8691
  Epoch   12/1000 | Train Loss: 3.6348 | Val MAE Tmax: 1.6316 | Val MAE Tmin: 1.4028 | Baseline Tmax: 1.8691
  Epoch   13/1000 | Train Loss: 3.6295 | Val MAE Tmax: 1.6399 | Val MAE Tmin: 1.3799 | Baseline Tmax: 1.8691
  Epoch   14/1000 | Train Loss: 3.6220 | Val MAE Tmax: 1.5982 | Val MAE Tmin: 1.3694 | Baseline Tmax: 1.8691
  Epoch   15/1000 | Train Loss: 3.6198 | Val MAE Tmax: 1.6137 | Val MAE Tmin: 1.3778 | Baseline Tmax: 1.8691
  Epoch   16/1000 | Train Loss: 3.6133 | Val MAE Tmax: 1.6094 | Val MAE Tmin: 1.3874 | Baseline Tmax: 1.8691
  Epoch   17/1000 | Train Loss: 3.6148 | Val MAE Tmax: 1.6359 | Val MAE Tmin: 1.3682 | Baseline Tmax: 1.8691
  Epoch   18/1000 | Train Loss: 3.6088 | Val MAE Tmax: 1.6183 | Val MAE Tmin: 1.3808 | Baseline Tmax: 1.8691
  Epoch   19/1000 | Train Loss: 3.6080 | Val MAE Tmax: 1.6267 | Val MAE Tmin: 1.3780 | Baseline Tmax: 1.8691
  Epoch   20/1000 | Train Loss: 3.6034 | Val MAE Tmax: 1.6173 | Val MAE Tmin: 1.3744 | Baseline Tmax: 1.8691
  Epoch   21/1000 | Train Loss: 3.6021 | Val MAE Tmax: 1.6127 | Val MAE Tmin: 1.3653 | Baseline Tmax: 1.8691
  Epoch   22/1000 | Train Loss: 3.5973 | Val MAE Tmax: 1.6210 | Val MAE Tmin: 1.3601 | Baseline Tmax: 1.8691
  Epoch   23/1000 | Train Loss: 3.5962 | Val MAE Tmax: 1.6303 | Val MAE Tmin: 1.3687 | Baseline Tmax: 1.8691
  Epoch   24/1000 | Train Loss: 3.5957 | Val MAE Tmax: 1.6504 | Val MAE Tmin: 1.3765 | Baseline Tmax: 1.8691
  Early stopping triggered after 24 epochs (Patience=10).

============================================================
  Fold s=3, t=1
============================================================
  Epoch    1/1000 | Train Loss: 3.8276 | Val MAE Tmax: 1.6969 | Val MAE Tmin: 1.6388 | Baseline Tmax: 1.9274
  Epoch    2/1000 | Train Loss: 3.7390 | Val MAE Tmax: 1.6406 | Val MAE Tmin: 1.5900 | Baseline Tmax: 1.9274
  Epoch    3/1000 | Train Loss: 3.7135 | Val MAE Tmax: 1.6571 | Val MAE Tmin: 1.6076 | Baseline Tmax: 1.9274
  Epoch    4/1000 | Train Loss: 3.6921 | Val MAE Tmax: 1.6248 | Val MAE Tmin: 1.6776 | Baseline Tmax: 1.9274
  Epoch    5/1000 | Train Loss: 3.6861 | Val MAE Tmax: 1.6036 | Val MAE Tmin: 1.6837 | Baseline Tmax: 1.9274
  Epoch    6/1000 | Train Loss: 3.6807 | Val MAE Tmax: 1.6304 | Val MAE Tmin: 1.6437 | Baseline Tmax: 1.9274
  Epoch    7/1000 | Train Loss: 3.6672 | Val MAE Tmax: 1.6880 | Val MAE Tmin: 1.6991 | Baseline Tmax: 1.9274
  Epoch    8/1000 | Train Loss: 3.6640 | Val MAE Tmax: 1.6305 | Val MAE Tmin: 1.6618 | Baseline Tmax: 1.9274
  Epoch    9/1000 | Train Loss: 3.6529 | Val MAE Tmax: 1.5940 | Val MAE Tmin: 1.6631 | Baseline Tmax: 1.9274
  Epoch   10/1000 | Train Loss: 3.6440 | Val MAE Tmax: 1.5830 | Val MAE Tmin: 1.6010 | Baseline Tmax: 1.9274
  Epoch   11/1000 | Train Loss: 3.6372 | Val MAE Tmax: 1.5904 | Val MAE Tmin: 1.5781 | Baseline Tmax: 1.9274
  Epoch   12/1000 | Train Loss: 3.6405 | Val MAE Tmax: 1.6237 | Val MAE Tmin: 1.5782 | Baseline Tmax: 1.9274
  Epoch   13/1000 | Train Loss: 3.6299 | Val MAE Tmax: 1.6119 | Val MAE Tmin: 1.5361 | Baseline Tmax: 1.9274
  Epoch   14/1000 | Train Loss: 3.6313 | Val MAE Tmax: 1.5902 | Val MAE Tmin: 1.5572 | Baseline Tmax: 1.9274
  Epoch   15/1000 | Train Loss: 3.6245 | Val MAE Tmax: 1.5892 | Val MAE Tmin: 1.5530 | Baseline Tmax: 1.9274
  Epoch   16/1000 | Train Loss: 3.6182 | Val MAE Tmax: 1.5742 | Val MAE Tmin: 1.5112 | Baseline Tmax: 1.9274
  Epoch   17/1000 | Train Loss: 3.6146 | Val MAE Tmax: 1.5695 | Val MAE Tmin: 1.5400 | Baseline Tmax: 1.9274
  Epoch   18/1000 | Train Loss: 3.6138 | Val MAE Tmax: 1.5988 | Val MAE Tmin: 1.4914 | Baseline Tmax: 1.9274
  Epoch   19/1000 | Train Loss: 3.6078 | Val MAE Tmax: 1.5559 | Val MAE Tmin: 1.5322 | Baseline Tmax: 1.9274
  Epoch   20/1000 | Train Loss: 3.6044 | Val MAE Tmax: 1.5587 | Val MAE Tmin: 1.5394 | Baseline Tmax: 1.9274
  Epoch   21/1000 | Train Loss: 3.6041 | Val MAE Tmax: 1.5520 | Val MAE Tmin: 1.4883 | Baseline Tmax: 1.9274
  Epoch   22/1000 | Train Loss: 3.5968 | Val MAE Tmax: 1.5584 | Val MAE Tmin: 1.5283 | Baseline Tmax: 1.9274
  Epoch   23/1000 | Train Loss: 3.6016 | Val MAE Tmax: 1.5383 | Val MAE Tmin: 1.5015 | Baseline Tmax: 1.9274
  Epoch   24/1000 | Train Loss: 3.5873 | Val MAE Tmax: 1.5418 | Val MAE Tmin: 1.4761 | Baseline Tmax: 1.9274
  Epoch   25/1000 | Train Loss: 3.5904 | Val MAE Tmax: 1.5395 | Val MAE Tmin: 1.5292 | Baseline Tmax: 1.9274
  Epoch   26/1000 | Train Loss: 3.5835 | Val MAE Tmax: 1.5376 | Val MAE Tmin: 1.4894 | Baseline Tmax: 1.9274
  Epoch   27/1000 | Train Loss: 3.5835 | Val MAE Tmax: 1.5304 | Val MAE Tmin: 1.4666 | Baseline Tmax: 1.9274
  Epoch   28/1000 | Train Loss: 3.5838 | Val MAE Tmax: 1.5317 | Val MAE Tmin: 1.4664 | Baseline Tmax: 1.9274
  Epoch   29/1000 | Train Loss: 3.5791 | Val MAE Tmax: 1.5294 | Val MAE Tmin: 1.5139 | Baseline Tmax: 1.9274
  Epoch   30/1000 | Train Loss: 3.5790 | Val MAE Tmax: 1.5349 | Val MAE Tmin: 1.5245 | Baseline Tmax: 1.9274
  Epoch   31/1000 | Train Loss: 3.5782 | Val MAE Tmax: 1.5626 | Val MAE Tmin: 1.5027 | Baseline Tmax: 1.9274
  Epoch   32/1000 | Train Loss: 3.5664 | Val MAE Tmax: 1.5432 | Val MAE Tmin: 1.4716 | Baseline Tmax: 1.9274
  Epoch   33/1000 | Train Loss: 3.5666 | Val MAE Tmax: 1.5432 | Val MAE Tmin: 1.4769 | Baseline Tmax: 1.9274
  Epoch   34/1000 | Train Loss: 3.5643 | Val MAE Tmax: 1.5148 | Val MAE Tmin: 1.4861 | Baseline Tmax: 1.9274
  Epoch   35/1000 | Train Loss: 3.5679 | Val MAE Tmax: 1.5155 | Val MAE Tmin: 1.4657 | Baseline Tmax: 1.9274
  Epoch   36/1000 | Train Loss: 3.5622 | Val MAE Tmax: 1.5225 | Val MAE Tmin: 1.4730 | Baseline Tmax: 1.9274
  Epoch   37/1000 | Train Loss: 3.5587 | Val MAE Tmax: 1.5071 | Val MAE Tmin: 1.4814 | Baseline Tmax: 1.9274
  Epoch   38/1000 | Train Loss: 3.5533 | Val MAE Tmax: 1.5334 | Val MAE Tmin: 1.4805 | Baseline Tmax: 1.9274
  Epoch   39/1000 | Train Loss: 3.5545 | Val MAE Tmax: 1.5274 | Val MAE Tmin: 1.4638 | Baseline Tmax: 1.9274
  Epoch   40/1000 | Train Loss: 3.5541 | Val MAE Tmax: 1.5127 | Val MAE Tmin: 1.4525 | Baseline Tmax: 1.9274
  Epoch   41/1000 | Train Loss: 3.5524 | Val MAE Tmax: 1.5106 | Val MAE Tmin: 1.4528 | Baseline Tmax: 1.9274
  Epoch   42/1000 | Train Loss: 3.5535 | Val MAE Tmax: 1.5247 | Val MAE Tmin: 1.4725 | Baseline Tmax: 1.9274
  Epoch   43/1000 | Train Loss: 3.5574 | Val MAE Tmax: 1.5190 | Val MAE Tmin: 1.4594 | Baseline Tmax: 1.9274
  Epoch   44/1000 | Train Loss: 3.5438 | Val MAE Tmax: 1.5220 | Val MAE Tmin: 1.4475 | Baseline Tmax: 1.9274
  Epoch   45/1000 | Train Loss: 3.5483 | Val MAE Tmax: 1.5086 | Val MAE Tmin: 1.4557 | Baseline Tmax: 1.9274
  Epoch   46/1000 | Train Loss: 3.5428 | Val MAE Tmax: 1.5088 | Val MAE Tmin: 1.4722 | Baseline Tmax: 1.9274
  Epoch   47/1000 | Train Loss: 3.5439 | Val MAE Tmax: 1.5103 | Val MAE Tmin: 1.4494 | Baseline Tmax: 1.9274
  Epoch   48/1000 | Train Loss: 3.5426 | Val MAE Tmax: 1.5087 | Val MAE Tmin: 1.4447 | Baseline Tmax: 1.9274
  Epoch   49/1000 | Train Loss: 3.5461 | Val MAE Tmax: 1.4912 | Val MAE Tmin: 1.4376 | Baseline Tmax: 1.9274
  Epoch   50/1000 | Train Loss: 3.5392 | Val MAE Tmax: 1.5317 | Val MAE Tmin: 1.4543 | Baseline Tmax: 1.9274
  Epoch   51/1000 | Train Loss: 3.5349 | Val MAE Tmax: 1.5069 | Val MAE Tmin: 1.4392 | Baseline Tmax: 1.9274
  Epoch   52/1000 | Train Loss: 3.5316 | Val MAE Tmax: 1.5036 | Val MAE Tmin: 1.4588 | Baseline Tmax: 1.9274
  Epoch   53/1000 | Train Loss: 3.5377 | Val MAE Tmax: 1.5010 | Val MAE Tmin: 1.4597 | Baseline Tmax: 1.9274
  Epoch   54/1000 | Train Loss: 3.5270 | Val MAE Tmax: 1.5038 | Val MAE Tmin: 1.4560 | Baseline Tmax: 1.9274
  Epoch   55/1000 | Train Loss: 3.5308 | Val MAE Tmax: 1.4973 | Val MAE Tmin: 1.4758 | Baseline Tmax: 1.9274
  Epoch   56/1000 | Train Loss: 3.5237 | Val MAE Tmax: 1.5055 | Val MAE Tmin: 1.4530 | Baseline Tmax: 1.9274
  Epoch   57/1000 | Train Loss: 3.5256 | Val MAE Tmax: 1.5227 | Val MAE Tmin: 1.4375 | Baseline Tmax: 1.9274
  Epoch   58/1000 | Train Loss: 3.5258 | Val MAE Tmax: 1.5256 | Val MAE Tmin: 1.4632 | Baseline Tmax: 1.9274
  Epoch   59/1000 | Train Loss: 3.5151 | Val MAE Tmax: 1.5176 | Val MAE Tmin: 1.4715 | Baseline Tmax: 1.9274
  Early stopping triggered after 59 epochs (Patience=10).

============================================================
  Final Test Evaluation (best validation-selected ST-LOBO checkpoint)
============================================================
  Test MAE Tmax: 1.7848
  Test MAE Tmin: 1.7759
  Baseline Tmax: 2.2014
  Baseline Tmin: 1.9355

============================================================
  Summary (median across folds)
============================================================
  val_mae_tmax                  : 1.6688  (std=0.1076)
  val_mae_tmin                  : 1.8009  (std=0.2005)
  baseline_mae_tmax             : 2.1045  (std=0.1078)
  baseline_mae_tmin             : 2.0980  (std=0.2787)

Saved checkpoint → checkpoints/best_model.pt
Saved scaler    → checkpoints/scaler.pkl
