Using device: cuda
Loading merged.csv ...
TrainVal rows: 33511 | Test rows: 8395
Training years used: [2020, 2021, 2022, 2023]
Graph: 23 nodes, 69 edges (k=3)
Cross-Validation Mode: ST_LOBO
ST-LOBO spatial blocks (K=4, random_state=42):
  Block 0: 6 stations → ['0-20000-0-06278', '0-20000-0-06279', '0-20000-0-06280', '0-20000-0-06283', '0-20000-0-06286', '0-20000-0-06290']
  Block 1: 9 stations → ['0-20000-0-06240', '0-20000-0-06260', '0-20000-0-06275', '0-20000-0-06348', '0-20000-0-06350', '0-20000-0-06356', '0-20000-0-06370', '0-20000-0-06375', '0-20000-0-06380']
  Block 2: 4 stations → ['0-20000-0-06235', '0-20000-0-06269', '0-20000-0-06270', '0-20000-0-06273']
  Block 3: 4 stations → ['0-20000-0-06310', '0-20000-0-06320', '0-20000-0-06330', '0-20000-0-06344']
ST-LOBO temporal windows (T=2):
  Window 0: 2020-2021
  Window 1: 2022-2023

============================================================
  Fold s=0, t=0
============================================================
  Epoch    1/1000 | Train Loss: 3.7322 | Val MAE Tmax: 1.9044 | Val MAE Tmin: 1.9786 | Baseline Tmax: 2.1459
  Epoch    2/1000 | Train Loss: 3.6421 | Val MAE Tmax: 1.8516 | Val MAE Tmin: 1.9508 | Baseline Tmax: 2.1459
  Epoch    3/1000 | Train Loss: 3.6049 | Val MAE Tmax: 1.8470 | Val MAE Tmin: 1.9396 | Baseline Tmax: 2.1459
  Epoch    4/1000 | Train Loss: 3.5864 | Val MAE Tmax: 1.8408 | Val MAE Tmin: 1.9349 | Baseline Tmax: 2.1459
  Epoch    5/1000 | Train Loss: 3.5784 | Val MAE Tmax: 1.8405 | Val MAE Tmin: 1.9378 | Baseline Tmax: 2.1459
  Epoch    6/1000 | Train Loss: 3.5644 | Val MAE Tmax: 1.8298 | Val MAE Tmin: 1.9371 | Baseline Tmax: 2.1459
  Epoch    7/1000 | Train Loss: 3.5600 | Val MAE Tmax: 1.8283 | Val MAE Tmin: 1.9360 | Baseline Tmax: 2.1459
  Epoch    8/1000 | Train Loss: 3.5509 | Val MAE Tmax: 1.8277 | Val MAE Tmin: 1.9333 | Baseline Tmax: 2.1459
  Epoch    9/1000 | Train Loss: 3.5449 | Val MAE Tmax: 1.8258 | Val MAE Tmin: 1.9354 | Baseline Tmax: 2.1459
  Epoch   10/1000 | Train Loss: 3.5393 | Val MAE Tmax: 1.8242 | Val MAE Tmin: 1.9352 | Baseline Tmax: 2.1459
  Epoch   11/1000 | Train Loss: 3.5333 | Val MAE Tmax: 1.8176 | Val MAE Tmin: 1.9357 | Baseline Tmax: 2.1459
  Epoch   12/1000 | Train Loss: 3.5273 | Val MAE Tmax: 1.8186 | Val MAE Tmin: 1.9330 | Baseline Tmax: 2.1459
  Epoch   13/1000 | Train Loss: 3.5228 | Val MAE Tmax: 1.8155 | Val MAE Tmin: 1.9334 | Baseline Tmax: 2.1459
  Epoch   14/1000 | Train Loss: 3.5209 | Val MAE Tmax: 1.8160 | Val MAE Tmin: 1.9319 | Baseline Tmax: 2.1459
  Epoch   15/1000 | Train Loss: 3.5159 | Val MAE Tmax: 1.8176 | Val MAE Tmin: 1.9285 | Baseline Tmax: 2.1459
  Epoch   16/1000 | Train Loss: 3.5123 | Val MAE Tmax: 1.8189 | Val MAE Tmin: 1.9280 | Baseline Tmax: 2.1459
  Epoch   17/1000 | Train Loss: 3.5104 | Val MAE Tmax: 1.8200 | Val MAE Tmin: 1.9272 | Baseline Tmax: 2.1459
  Epoch   18/1000 | Train Loss: 3.5053 | Val MAE Tmax: 1.8093 | Val MAE Tmin: 1.9272 | Baseline Tmax: 2.1459
  Epoch   19/1000 | Train Loss: 3.5006 | Val MAE Tmax: 1.8169 | Val MAE Tmin: 1.9252 | Baseline Tmax: 2.1459
  Epoch   20/1000 | Train Loss: 3.4951 | Val MAE Tmax: 1.8199 | Val MAE Tmin: 1.9275 | Baseline Tmax: 2.1459
  Epoch   21/1000 | Train Loss: 3.4963 | Val MAE Tmax: 1.8182 | Val MAE Tmin: 1.9226 | Baseline Tmax: 2.1459
  Epoch   22/1000 | Train Loss: 3.4940 | Val MAE Tmax: 1.8157 | Val MAE Tmin: 1.9253 | Baseline Tmax: 2.1459
  Epoch   23/1000 | Train Loss: 3.4900 | Val MAE Tmax: 1.8166 | Val MAE Tmin: 1.9280 | Baseline Tmax: 2.1459
  Epoch   24/1000 | Train Loss: 3.4890 | Val MAE Tmax: 1.8162 | Val MAE Tmin: 1.9305 | Baseline Tmax: 2.1459
  Epoch   25/1000 | Train Loss: 3.4846 | Val MAE Tmax: 1.8066 | Val MAE Tmin: 1.9305 | Baseline Tmax: 2.1459
  Epoch   26/1000 | Train Loss: 3.4827 | Val MAE Tmax: 1.8174 | Val MAE Tmin: 1.9307 | Baseline Tmax: 2.1459
  Epoch   27/1000 | Train Loss: 3.4804 | Val MAE Tmax: 1.8149 | Val MAE Tmin: 1.9297 | Baseline Tmax: 2.1459
  Epoch   28/1000 | Train Loss: 3.4749 | Val MAE Tmax: 1.8065 | Val MAE Tmin: 1.9272 | Baseline Tmax: 2.1459
  Epoch   29/1000 | Train Loss: 3.4761 | Val MAE Tmax: 1.8018 | Val MAE Tmin: 1.9320 | Baseline Tmax: 2.1459
  Epoch   30/1000 | Train Loss: 3.4727 | Val MAE Tmax: 1.8126 | Val MAE Tmin: 1.9304 | Baseline Tmax: 2.1459
  Epoch   31/1000 | Train Loss: 3.4697 | Val MAE Tmax: 1.8096 | Val MAE Tmin: 1.9296 | Baseline Tmax: 2.1459
  Epoch   32/1000 | Train Loss: 3.4677 | Val MAE Tmax: 1.8183 | Val MAE Tmin: 1.9307 | Baseline Tmax: 2.1459
  Epoch   33/1000 | Train Loss: 3.4625 | Val MAE Tmax: 1.8088 | Val MAE Tmin: 1.9322 | Baseline Tmax: 2.1459
  Epoch   34/1000 | Train Loss: 3.4614 | Val MAE Tmax: 1.8114 | Val MAE Tmin: 1.9330 | Baseline Tmax: 2.1459
  Epoch   35/1000 | Train Loss: 3.4632 | Val MAE Tmax: 1.8089 | Val MAE Tmin: 1.9367 | Baseline Tmax: 2.1459
  Epoch   36/1000 | Train Loss: 3.4580 | Val MAE Tmax: 1.8158 | Val MAE Tmin: 1.9312 | Baseline Tmax: 2.1459
  Epoch   37/1000 | Train Loss: 3.4579 | Val MAE Tmax: 1.8014 | Val MAE Tmin: 1.9311 | Baseline Tmax: 2.1459
  Epoch   38/1000 | Train Loss: 3.4546 | Val MAE Tmax: 1.8065 | Val MAE Tmin: 1.9315 | Baseline Tmax: 2.1459
  Epoch   39/1000 | Train Loss: 3.4539 | Val MAE Tmax: 1.8088 | Val MAE Tmin: 1.9346 | Baseline Tmax: 2.1459
  Epoch   40/1000 | Train Loss: 3.4512 | Val MAE Tmax: 1.8000 | Val MAE Tmin: 1.9318 | Baseline Tmax: 2.1459
  Epoch   41/1000 | Train Loss: 3.4512 | Val MAE Tmax: 1.8045 | Val MAE Tmin: 1.9334 | Baseline Tmax: 2.1459
  Epoch   42/1000 | Train Loss: 3.4513 | Val MAE Tmax: 1.7937 | Val MAE Tmin: 1.9295 | Baseline Tmax: 2.1459
  Epoch   43/1000 | Train Loss: 3.4453 | Val MAE Tmax: 1.8033 | Val MAE Tmin: 1.9311 | Baseline Tmax: 2.1459
  Epoch   44/1000 | Train Loss: 3.4503 | Val MAE Tmax: 1.7994 | Val MAE Tmin: 1.9326 | Baseline Tmax: 2.1459
  Epoch   45/1000 | Train Loss: 3.4431 | Val MAE Tmax: 1.7947 | Val MAE Tmin: 1.9342 | Baseline Tmax: 2.1459
  Epoch   46/1000 | Train Loss: 3.4435 | Val MAE Tmax: 1.7957 | Val MAE Tmin: 1.9336 | Baseline Tmax: 2.1459
  Epoch   47/1000 | Train Loss: 3.4393 | Val MAE Tmax: 1.7963 | Val MAE Tmin: 1.9324 | Baseline Tmax: 2.1459
  Epoch   48/1000 | Train Loss: 3.4387 | Val MAE Tmax: 1.7906 | Val MAE Tmin: 1.9347 | Baseline Tmax: 2.1459
  Epoch   49/1000 | Train Loss: 3.4376 | Val MAE Tmax: 1.7864 | Val MAE Tmin: 1.9357 | Baseline Tmax: 2.1459
  Epoch   50/1000 | Train Loss: 3.4367 | Val MAE Tmax: 1.7919 | Val MAE Tmin: 1.9303 | Baseline Tmax: 2.1459
  Epoch   51/1000 | Train Loss: 3.4358 | Val MAE Tmax: 1.7919 | Val MAE Tmin: 1.9290 | Baseline Tmax: 2.1459
  Epoch   52/1000 | Train Loss: 3.4375 | Val MAE Tmax: 1.7843 | Val MAE Tmin: 1.9288 | Baseline Tmax: 2.1459
  Epoch   53/1000 | Train Loss: 3.4317 | Val MAE Tmax: 1.7769 | Val MAE Tmin: 1.9288 | Baseline Tmax: 2.1459
  Epoch   54/1000 | Train Loss: 3.4296 | Val MAE Tmax: 1.7808 | Val MAE Tmin: 1.9328 | Baseline Tmax: 2.1459
  Epoch   55/1000 | Train Loss: 3.4287 | Val MAE Tmax: 1.7870 | Val MAE Tmin: 1.9304 | Baseline Tmax: 2.1459
  Epoch   56/1000 | Train Loss: 3.4334 | Val MAE Tmax: 1.7835 | Val MAE Tmin: 1.9279 | Baseline Tmax: 2.1459
  Epoch   57/1000 | Train Loss: 3.4312 | Val MAE Tmax: 1.7820 | Val MAE Tmin: 1.9306 | Baseline Tmax: 2.1459
  Epoch   58/1000 | Train Loss: 3.4284 | Val MAE Tmax: 1.7759 | Val MAE Tmin: 1.9324 | Baseline Tmax: 2.1459
  Epoch   59/1000 | Train Loss: 3.4243 | Val MAE Tmax: 1.7723 | Val MAE Tmin: 1.9296 | Baseline Tmax: 2.1459
  Epoch   60/1000 | Train Loss: 3.4249 | Val MAE Tmax: 1.7786 | Val MAE Tmin: 1.9289 | Baseline Tmax: 2.1459
  Epoch   61/1000 | Train Loss: 3.4200 | Val MAE Tmax: 1.7782 | Val MAE Tmin: 1.9294 | Baseline Tmax: 2.1459
  Epoch   62/1000 | Train Loss: 3.4200 | Val MAE Tmax: 1.7805 | Val MAE Tmin: 1.9301 | Baseline Tmax: 2.1459
  Epoch   63/1000 | Train Loss: 3.4197 | Val MAE Tmax: 1.7769 | Val MAE Tmin: 1.9286 | Baseline Tmax: 2.1459
  Epoch   64/1000 | Train Loss: 3.4165 | Val MAE Tmax: 1.7796 | Val MAE Tmin: 1.9257 | Baseline Tmax: 2.1459
  Epoch   65/1000 | Train Loss: 3.4224 | Val MAE Tmax: 1.7733 | Val MAE Tmin: 1.9276 | Baseline Tmax: 2.1459
  Epoch   66/1000 | Train Loss: 3.4183 | Val MAE Tmax: 1.7760 | Val MAE Tmin: 1.9282 | Baseline Tmax: 2.1459
  Epoch   67/1000 | Train Loss: 3.4160 | Val MAE Tmax: 1.7681 | Val MAE Tmin: 1.9241 | Baseline Tmax: 2.1459
  Epoch   68/1000 | Train Loss: 3.4110 | Val MAE Tmax: 1.7738 | Val MAE Tmin: 1.9224 | Baseline Tmax: 2.1459
  Epoch   69/1000 | Train Loss: 3.4116 | Val MAE Tmax: 1.7683 | Val MAE Tmin: 1.9218 | Baseline Tmax: 2.1459
  Epoch   70/1000 | Train Loss: 3.4155 | Val MAE Tmax: 1.7673 | Val MAE Tmin: 1.9276 | Baseline Tmax: 2.1459
  Epoch   71/1000 | Train Loss: 3.4169 | Val MAE Tmax: 1.7674 | Val MAE Tmin: 1.9222 | Baseline Tmax: 2.1459
  Epoch   72/1000 | Train Loss: 3.4137 | Val MAE Tmax: 1.7747 | Val MAE Tmin: 1.9228 | Baseline Tmax: 2.1459
  Epoch   73/1000 | Train Loss: 3.4099 | Val MAE Tmax: 1.7708 | Val MAE Tmin: 1.9256 | Baseline Tmax: 2.1459
  Epoch   74/1000 | Train Loss: 3.4092 | Val MAE Tmax: 1.7587 | Val MAE Tmin: 1.9208 | Baseline Tmax: 2.1459
  Epoch   75/1000 | Train Loss: 3.4045 | Val MAE Tmax: 1.7671 | Val MAE Tmin: 1.9190 | Baseline Tmax: 2.1459
  Epoch   76/1000 | Train Loss: 3.4033 | Val MAE Tmax: 1.7648 | Val MAE Tmin: 1.9194 | Baseline Tmax: 2.1459
  Epoch   77/1000 | Train Loss: 3.4078 | Val MAE Tmax: 1.7693 | Val MAE Tmin: 1.9212 | Baseline Tmax: 2.1459
  Epoch   78/1000 | Train Loss: 3.4034 | Val MAE Tmax: 1.7686 | Val MAE Tmin: 1.9188 | Baseline Tmax: 2.1459
  Epoch   79/1000 | Train Loss: 3.4038 | Val MAE Tmax: 1.7687 | Val MAE Tmin: 1.9129 | Baseline Tmax: 2.1459
  Epoch   80/1000 | Train Loss: 3.4069 | Val MAE Tmax: 1.7699 | Val MAE Tmin: 1.9178 | Baseline Tmax: 2.1459
  Epoch   81/1000 | Train Loss: 3.3983 | Val MAE Tmax: 1.7607 | Val MAE Tmin: 1.9156 | Baseline Tmax: 2.1459
  Epoch   82/1000 | Train Loss: 3.4012 | Val MAE Tmax: 1.7615 | Val MAE Tmin: 1.9200 | Baseline Tmax: 2.1459
  Epoch   83/1000 | Train Loss: 3.3999 | Val MAE Tmax: 1.7660 | Val MAE Tmin: 1.9168 | Baseline Tmax: 2.1459
  Epoch   84/1000 | Train Loss: 3.4009 | Val MAE Tmax: 1.7606 | Val MAE Tmin: 1.9177 | Baseline Tmax: 2.1459
  Epoch   85/1000 | Train Loss: 3.3979 | Val MAE Tmax: 1.7614 | Val MAE Tmin: 1.9159 | Baseline Tmax: 2.1459
  Epoch   86/1000 | Train Loss: 3.3952 | Val MAE Tmax: 1.7686 | Val MAE Tmin: 1.9189 | Baseline Tmax: 2.1459
  Epoch   87/1000 | Train Loss: 3.4005 | Val MAE Tmax: 1.7696 | Val MAE Tmin: 1.9208 | Baseline Tmax: 2.1459
  Epoch   88/1000 | Train Loss: 3.3975 | Val MAE Tmax: 1.7676 | Val MAE Tmin: 1.9236 | Baseline Tmax: 2.1459
  Epoch   89/1000 | Train Loss: 3.3941 | Val MAE Tmax: 1.7651 | Val MAE Tmin: 1.9184 | Baseline Tmax: 2.1459
  Epoch   90/1000 | Train Loss: 3.3908 | Val MAE Tmax: 1.7691 | Val MAE Tmin: 1.9139 | Baseline Tmax: 2.1459
  Epoch   91/1000 | Train Loss: 3.3952 | Val MAE Tmax: 1.7664 | Val MAE Tmin: 1.9212 | Baseline Tmax: 2.1459
  Early stopping triggered after 91 epochs (Patience=10).

============================================================
  Fold s=0, t=1
============================================================
  Epoch    1/1000 | Train Loss: 3.7244 | Val MAE Tmax: 1.8760 | Val MAE Tmin: 2.0452 | Baseline Tmax: 2.1738
  Epoch    2/1000 | Train Loss: 3.6394 | Val MAE Tmax: 1.8287 | Val MAE Tmin: 2.0285 | Baseline Tmax: 2.1738
  Epoch    3/1000 | Train Loss: 3.6051 | Val MAE Tmax: 1.8246 | Val MAE Tmin: 2.0192 | Baseline Tmax: 2.1738
  Epoch    4/1000 | Train Loss: 3.5891 | Val MAE Tmax: 1.8266 | Val MAE Tmin: 2.0120 | Baseline Tmax: 2.1738
  Epoch    5/1000 | Train Loss: 3.5767 | Val MAE Tmax: 1.8217 | Val MAE Tmin: 2.0097 | Baseline Tmax: 2.1738
  Epoch    6/1000 | Train Loss: 3.5661 | Val MAE Tmax: 1.8204 | Val MAE Tmin: 2.0103 | Baseline Tmax: 2.1738
  Epoch    7/1000 | Train Loss: 3.5587 | Val MAE Tmax: 1.8181 | Val MAE Tmin: 2.0055 | Baseline Tmax: 2.1738
  Epoch    8/1000 | Train Loss: 3.5517 | Val MAE Tmax: 1.8175 | Val MAE Tmin: 1.9952 | Baseline Tmax: 2.1738
  Epoch    9/1000 | Train Loss: 3.5419 | Val MAE Tmax: 1.8083 | Val MAE Tmin: 1.9936 | Baseline Tmax: 2.1738
  Epoch   10/1000 | Train Loss: 3.5358 | Val MAE Tmax: 1.8065 | Val MAE Tmin: 1.9932 | Baseline Tmax: 2.1738
  Epoch   11/1000 | Train Loss: 3.5307 | Val MAE Tmax: 1.7993 | Val MAE Tmin: 1.9858 | Baseline Tmax: 2.1738
  Epoch   12/1000 | Train Loss: 3.5271 | Val MAE Tmax: 1.7967 | Val MAE Tmin: 1.9836 | Baseline Tmax: 2.1738
  Epoch   13/1000 | Train Loss: 3.5223 | Val MAE Tmax: 1.7980 | Val MAE Tmin: 1.9830 | Baseline Tmax: 2.1738
  Epoch   14/1000 | Train Loss: 3.5187 | Val MAE Tmax: 1.7938 | Val MAE Tmin: 1.9839 | Baseline Tmax: 2.1738
  Epoch   15/1000 | Train Loss: 3.5122 | Val MAE Tmax: 1.7881 | Val MAE Tmin: 1.9790 | Baseline Tmax: 2.1738
  Epoch   16/1000 | Train Loss: 3.5115 | Val MAE Tmax: 1.7907 | Val MAE Tmin: 1.9802 | Baseline Tmax: 2.1738
  Epoch   17/1000 | Train Loss: 3.5056 | Val MAE Tmax: 1.7904 | Val MAE Tmin: 1.9793 | Baseline Tmax: 2.1738
  Epoch   18/1000 | Train Loss: 3.5041 | Val MAE Tmax: 1.7854 | Val MAE Tmin: 1.9761 | Baseline Tmax: 2.1738
  Epoch   19/1000 | Train Loss: 3.4991 | Val MAE Tmax: 1.7873 | Val MAE Tmin: 1.9742 | Baseline Tmax: 2.1738
  Epoch   20/1000 | Train Loss: 3.4948 | Val MAE Tmax: 1.7860 | Val MAE Tmin: 1.9745 | Baseline Tmax: 2.1738
  Epoch   21/1000 | Train Loss: 3.4935 | Val MAE Tmax: 1.7868 | Val MAE Tmin: 1.9662 | Baseline Tmax: 2.1738
  Epoch   22/1000 | Train Loss: 3.4925 | Val MAE Tmax: 1.7825 | Val MAE Tmin: 1.9751 | Baseline Tmax: 2.1738
  Epoch   23/1000 | Train Loss: 3.4844 | Val MAE Tmax: 1.7820 | Val MAE Tmin: 1.9707 | Baseline Tmax: 2.1738
  Epoch   24/1000 | Train Loss: 3.4858 | Val MAE Tmax: 1.7838 | Val MAE Tmin: 1.9698 | Baseline Tmax: 2.1738
  Epoch   25/1000 | Train Loss: 3.4832 | Val MAE Tmax: 1.7809 | Val MAE Tmin: 1.9683 | Baseline Tmax: 2.1738
  Epoch   26/1000 | Train Loss: 3.4800 | Val MAE Tmax: 1.7805 | Val MAE Tmin: 1.9733 | Baseline Tmax: 2.1738
  Epoch   27/1000 | Train Loss: 3.4757 | Val MAE Tmax: 1.7789 | Val MAE Tmin: 1.9694 | Baseline Tmax: 2.1738
  Epoch   28/1000 | Train Loss: 3.4767 | Val MAE Tmax: 1.7708 | Val MAE Tmin: 1.9663 | Baseline Tmax: 2.1738
  Epoch   29/1000 | Train Loss: 3.4732 | Val MAE Tmax: 1.7709 | Val MAE Tmin: 1.9633 | Baseline Tmax: 2.1738
  Epoch   30/1000 | Train Loss: 3.4722 | Val MAE Tmax: 1.7726 | Val MAE Tmin: 1.9676 | Baseline Tmax: 2.1738
  Epoch   31/1000 | Train Loss: 3.4678 | Val MAE Tmax: 1.7756 | Val MAE Tmin: 1.9643 | Baseline Tmax: 2.1738
  Epoch   32/1000 | Train Loss: 3.4658 | Val MAE Tmax: 1.7714 | Val MAE Tmin: 1.9660 | Baseline Tmax: 2.1738
  Epoch   33/1000 | Train Loss: 3.4625 | Val MAE Tmax: 1.7663 | Val MAE Tmin: 1.9648 | Baseline Tmax: 2.1738
  Epoch   34/1000 | Train Loss: 3.4623 | Val MAE Tmax: 1.7688 | Val MAE Tmin: 1.9661 | Baseline Tmax: 2.1738
  Epoch   35/1000 | Train Loss: 3.4602 | Val MAE Tmax: 1.7684 | Val MAE Tmin: 1.9641 | Baseline Tmax: 2.1738
  Epoch   36/1000 | Train Loss: 3.4584 | Val MAE Tmax: 1.7667 | Val MAE Tmin: 1.9653 | Baseline Tmax: 2.1738
  Epoch   37/1000 | Train Loss: 3.4541 | Val MAE Tmax: 1.7663 | Val MAE Tmin: 1.9682 | Baseline Tmax: 2.1738
  Epoch   38/1000 | Train Loss: 3.4527 | Val MAE Tmax: 1.7650 | Val MAE Tmin: 1.9601 | Baseline Tmax: 2.1738
  Epoch   39/1000 | Train Loss: 3.4523 | Val MAE Tmax: 1.7655 | Val MAE Tmin: 1.9618 | Baseline Tmax: 2.1738
  Epoch   40/1000 | Train Loss: 3.4510 | Val MAE Tmax: 1.7665 | Val MAE Tmin: 1.9646 | Baseline Tmax: 2.1738
  Epoch   41/1000 | Train Loss: 3.4487 | Val MAE Tmax: 1.7653 | Val MAE Tmin: 1.9610 | Baseline Tmax: 2.1738
  Epoch   42/1000 | Train Loss: 3.4436 | Val MAE Tmax: 1.7652 | Val MAE Tmin: 1.9561 | Baseline Tmax: 2.1738
  Epoch   43/1000 | Train Loss: 3.4415 | Val MAE Tmax: 1.7690 | Val MAE Tmin: 1.9617 | Baseline Tmax: 2.1738
  Epoch   44/1000 | Train Loss: 3.4422 | Val MAE Tmax: 1.7679 | Val MAE Tmin: 1.9618 | Baseline Tmax: 2.1738
  Epoch   45/1000 | Train Loss: 3.4435 | Val MAE Tmax: 1.7639 | Val MAE Tmin: 1.9626 | Baseline Tmax: 2.1738
  Epoch   46/1000 | Train Loss: 3.4377 | Val MAE Tmax: 1.7598 | Val MAE Tmin: 1.9603 | Baseline Tmax: 2.1738
  Epoch   47/1000 | Train Loss: 3.4364 | Val MAE Tmax: 1.7616 | Val MAE Tmin: 1.9660 | Baseline Tmax: 2.1738
  Epoch   48/1000 | Train Loss: 3.4376 | Val MAE Tmax: 1.7537 | Val MAE Tmin: 1.9614 | Baseline Tmax: 2.1738
  Epoch   49/1000 | Train Loss: 3.4390 | Val MAE Tmax: 1.7605 | Val MAE Tmin: 1.9599 | Baseline Tmax: 2.1738
  Epoch   50/1000 | Train Loss: 3.4328 | Val MAE Tmax: 1.7631 | Val MAE Tmin: 1.9702 | Baseline Tmax: 2.1738
  Epoch   51/1000 | Train Loss: 3.4301 | Val MAE Tmax: 1.7547 | Val MAE Tmin: 1.9661 | Baseline Tmax: 2.1738
  Epoch   52/1000 | Train Loss: 3.4262 | Val MAE Tmax: 1.7549 | Val MAE Tmin: 1.9607 | Baseline Tmax: 2.1738
  Epoch   53/1000 | Train Loss: 3.4285 | Val MAE Tmax: 1.7528 | Val MAE Tmin: 1.9650 | Baseline Tmax: 2.1738
  Epoch   54/1000 | Train Loss: 3.4252 | Val MAE Tmax: 1.7526 | Val MAE Tmin: 1.9627 | Baseline Tmax: 2.1738
  Epoch   55/1000 | Train Loss: 3.4266 | Val MAE Tmax: 1.7503 | Val MAE Tmin: 1.9615 | Baseline Tmax: 2.1738
  Epoch   56/1000 | Train Loss: 3.4255 | Val MAE Tmax: 1.7499 | Val MAE Tmin: 1.9611 | Baseline Tmax: 2.1738
  Epoch   57/1000 | Train Loss: 3.4186 | Val MAE Tmax: 1.7554 | Val MAE Tmin: 1.9586 | Baseline Tmax: 2.1738
  Epoch   58/1000 | Train Loss: 3.4237 | Val MAE Tmax: 1.7488 | Val MAE Tmin: 1.9521 | Baseline Tmax: 2.1738
  Epoch   59/1000 | Train Loss: 3.4162 | Val MAE Tmax: 1.7450 | Val MAE Tmin: 1.9556 | Baseline Tmax: 2.1738
  Epoch   60/1000 | Train Loss: 3.4145 | Val MAE Tmax: 1.7439 | Val MAE Tmin: 1.9492 | Baseline Tmax: 2.1738
  Epoch   61/1000 | Train Loss: 3.4179 | Val MAE Tmax: 1.7492 | Val MAE Tmin: 1.9547 | Baseline Tmax: 2.1738
  Epoch   62/1000 | Train Loss: 3.4139 | Val MAE Tmax: 1.7419 | Val MAE Tmin: 1.9559 | Baseline Tmax: 2.1738
  Epoch   63/1000 | Train Loss: 3.4128 | Val MAE Tmax: 1.7350 | Val MAE Tmin: 1.9563 | Baseline Tmax: 2.1738
  Epoch   64/1000 | Train Loss: 3.4110 | Val MAE Tmax: 1.7380 | Val MAE Tmin: 1.9532 | Baseline Tmax: 2.1738
  Epoch   65/1000 | Train Loss: 3.4160 | Val MAE Tmax: 1.7394 | Val MAE Tmin: 1.9575 | Baseline Tmax: 2.1738
  Epoch   66/1000 | Train Loss: 3.4121 | Val MAE Tmax: 1.7410 | Val MAE Tmin: 1.9499 | Baseline Tmax: 2.1738
  Epoch   67/1000 | Train Loss: 3.4096 | Val MAE Tmax: 1.7381 | Val MAE Tmin: 1.9527 | Baseline Tmax: 2.1738
  Epoch   68/1000 | Train Loss: 3.4132 | Val MAE Tmax: 1.7419 | Val MAE Tmin: 1.9539 | Baseline Tmax: 2.1738
  Epoch   69/1000 | Train Loss: 3.4088 | Val MAE Tmax: 1.7336 | Val MAE Tmin: 1.9553 | Baseline Tmax: 2.1738
  Epoch   70/1000 | Train Loss: 3.4058 | Val MAE Tmax: 1.7350 | Val MAE Tmin: 1.9586 | Baseline Tmax: 2.1738
  Epoch   71/1000 | Train Loss: 3.4064 | Val MAE Tmax: 1.7377 | Val MAE Tmin: 1.9493 | Baseline Tmax: 2.1738
  Epoch   72/1000 | Train Loss: 3.4035 | Val MAE Tmax: 1.7416 | Val MAE Tmin: 1.9553 | Baseline Tmax: 2.1738
  Epoch   73/1000 | Train Loss: 3.4042 | Val MAE Tmax: 1.7382 | Val MAE Tmin: 1.9541 | Baseline Tmax: 2.1738
  Epoch   74/1000 | Train Loss: 3.4013 | Val MAE Tmax: 1.7287 | Val MAE Tmin: 1.9503 | Baseline Tmax: 2.1738
  Epoch   75/1000 | Train Loss: 3.4037 | Val MAE Tmax: 1.7350 | Val MAE Tmin: 1.9488 | Baseline Tmax: 2.1738
  Epoch   76/1000 | Train Loss: 3.4003 | Val MAE Tmax: 1.7332 | Val MAE Tmin: 1.9461 | Baseline Tmax: 2.1738
  Epoch   77/1000 | Train Loss: 3.4031 | Val MAE Tmax: 1.7315 | Val MAE Tmin: 1.9537 | Baseline Tmax: 2.1738
  Epoch   78/1000 | Train Loss: 3.3991 | Val MAE Tmax: 1.7265 | Val MAE Tmin: 1.9528 | Baseline Tmax: 2.1738
  Epoch   79/1000 | Train Loss: 3.3963 | Val MAE Tmax: 1.7313 | Val MAE Tmin: 1.9458 | Baseline Tmax: 2.1738
  Epoch   80/1000 | Train Loss: 3.3989 | Val MAE Tmax: 1.7284 | Val MAE Tmin: 1.9550 | Baseline Tmax: 2.1738
  Epoch   81/1000 | Train Loss: 3.3957 | Val MAE Tmax: 1.7255 | Val MAE Tmin: 1.9454 | Baseline Tmax: 2.1738
  Epoch   82/1000 | Train Loss: 3.4003 | Val MAE Tmax: 1.7273 | Val MAE Tmin: 1.9459 | Baseline Tmax: 2.1738
  Epoch   83/1000 | Train Loss: 3.3962 | Val MAE Tmax: 1.7248 | Val MAE Tmin: 1.9455 | Baseline Tmax: 2.1738
  Epoch   84/1000 | Train Loss: 3.3937 | Val MAE Tmax: 1.7245 | Val MAE Tmin: 1.9439 | Baseline Tmax: 2.1738
  Epoch   85/1000 | Train Loss: 3.3960 | Val MAE Tmax: 1.7244 | Val MAE Tmin: 1.9494 | Baseline Tmax: 2.1738
  Epoch   86/1000 | Train Loss: 3.3897 | Val MAE Tmax: 1.7256 | Val MAE Tmin: 1.9452 | Baseline Tmax: 2.1738
  Epoch   87/1000 | Train Loss: 3.3963 | Val MAE Tmax: 1.7234 | Val MAE Tmin: 1.9513 | Baseline Tmax: 2.1738
  Epoch   88/1000 | Train Loss: 3.3897 | Val MAE Tmax: 1.7250 | Val MAE Tmin: 1.9453 | Baseline Tmax: 2.1738
  Epoch   89/1000 | Train Loss: 3.3858 | Val MAE Tmax: 1.7171 | Val MAE Tmin: 1.9427 | Baseline Tmax: 2.1738
  Epoch   90/1000 | Train Loss: 3.3886 | Val MAE Tmax: 1.7184 | Val MAE Tmin: 1.9489 | Baseline Tmax: 2.1738
  Epoch   91/1000 | Train Loss: 3.3855 | Val MAE Tmax: 1.7199 | Val MAE Tmin: 1.9498 | Baseline Tmax: 2.1738
  Epoch   92/1000 | Train Loss: 3.3847 | Val MAE Tmax: 1.7213 | Val MAE Tmin: 1.9483 | Baseline Tmax: 2.1738
  Epoch   93/1000 | Train Loss: 3.3877 | Val MAE Tmax: 1.7161 | Val MAE Tmin: 1.9412 | Baseline Tmax: 2.1738
  Epoch   94/1000 | Train Loss: 3.3852 | Val MAE Tmax: 1.7207 | Val MAE Tmin: 1.9513 | Baseline Tmax: 2.1738
  Epoch   95/1000 | Train Loss: 3.3827 | Val MAE Tmax: 1.7199 | Val MAE Tmin: 1.9478 | Baseline Tmax: 2.1738
  Epoch   96/1000 | Train Loss: 3.3825 | Val MAE Tmax: 1.7234 | Val MAE Tmin: 1.9415 | Baseline Tmax: 2.1738
  Epoch   97/1000 | Train Loss: 3.3834 | Val MAE Tmax: 1.7233 | Val MAE Tmin: 1.9485 | Baseline Tmax: 2.1738
  Epoch   98/1000 | Train Loss: 3.3817 | Val MAE Tmax: 1.7198 | Val MAE Tmin: 1.9430 | Baseline Tmax: 2.1738
  Epoch   99/1000 | Train Loss: 3.3827 | Val MAE Tmax: 1.7121 | Val MAE Tmin: 1.9423 | Baseline Tmax: 2.1738
  Epoch  100/1000 | Train Loss: 3.3803 | Val MAE Tmax: 1.7167 | Val MAE Tmin: 1.9376 | Baseline Tmax: 2.1738
  Epoch  101/1000 | Train Loss: 3.3800 | Val MAE Tmax: 1.7180 | Val MAE Tmin: 1.9388 | Baseline Tmax: 2.1738
  Epoch  102/1000 | Train Loss: 3.3805 | Val MAE Tmax: 1.7214 | Val MAE Tmin: 1.9349 | Baseline Tmax: 2.1738
  Epoch  103/1000 | Train Loss: 3.3810 | Val MAE Tmax: 1.7159 | Val MAE Tmin: 1.9451 | Baseline Tmax: 2.1738
  Epoch  104/1000 | Train Loss: 3.3777 | Val MAE Tmax: 1.7106 | Val MAE Tmin: 1.9460 | Baseline Tmax: 2.1738
  Epoch  105/1000 | Train Loss: 3.3767 | Val MAE Tmax: 1.7209 | Val MAE Tmin: 1.9457 | Baseline Tmax: 2.1738
  Epoch  106/1000 | Train Loss: 3.3812 | Val MAE Tmax: 1.7173 | Val MAE Tmin: 1.9338 | Baseline Tmax: 2.1738
  Epoch  107/1000 | Train Loss: 3.3810 | Val MAE Tmax: 1.7145 | Val MAE Tmin: 1.9413 | Baseline Tmax: 2.1738
  Epoch  108/1000 | Train Loss: 3.3780 | Val MAE Tmax: 1.7174 | Val MAE Tmin: 1.9407 | Baseline Tmax: 2.1738
  Epoch  109/1000 | Train Loss: 3.3744 | Val MAE Tmax: 1.7171 | Val MAE Tmin: 1.9447 | Baseline Tmax: 2.1738
  Epoch  110/1000 | Train Loss: 3.3752 | Val MAE Tmax: 1.7213 | Val MAE Tmin: 1.9394 | Baseline Tmax: 2.1738
  Epoch  111/1000 | Train Loss: 3.3719 | Val MAE Tmax: 1.7257 | Val MAE Tmin: 1.9365 | Baseline Tmax: 2.1738
  Epoch  112/1000 | Train Loss: 3.3740 | Val MAE Tmax: 1.7213 | Val MAE Tmin: 1.9354 | Baseline Tmax: 2.1738
  Epoch  113/1000 | Train Loss: 3.3712 | Val MAE Tmax: 1.7164 | Val MAE Tmin: 1.9364 | Baseline Tmax: 2.1738
  Epoch  114/1000 | Train Loss: 3.3766 | Val MAE Tmax: 1.7154 | Val MAE Tmin: 1.9394 | Baseline Tmax: 2.1738
  Epoch  115/1000 | Train Loss: 3.3755 | Val MAE Tmax: 1.7283 | Val MAE Tmin: 1.9226 | Baseline Tmax: 2.1738
  Epoch  116/1000 | Train Loss: 3.3729 | Val MAE Tmax: 1.7185 | Val MAE Tmin: 1.9294 | Baseline Tmax: 2.1738
  Epoch  117/1000 | Train Loss: 3.3709 | Val MAE Tmax: 1.7113 | Val MAE Tmin: 1.9381 | Baseline Tmax: 2.1738
  Epoch  118/1000 | Train Loss: 3.3734 | Val MAE Tmax: 1.7159 | Val MAE Tmin: 1.9341 | Baseline Tmax: 2.1738
  Epoch  119/1000 | Train Loss: 3.3722 | Val MAE Tmax: 1.7162 | Val MAE Tmin: 1.9388 | Baseline Tmax: 2.1738
  Epoch  120/1000 | Train Loss: 3.3662 | Val MAE Tmax: 1.7169 | Val MAE Tmin: 1.9329 | Baseline Tmax: 2.1738
  Epoch  121/1000 | Train Loss: 3.3724 | Val MAE Tmax: 1.7111 | Val MAE Tmin: 1.9299 | Baseline Tmax: 2.1738
  Epoch  122/1000 | Train Loss: 3.3749 | Val MAE Tmax: 1.7115 | Val MAE Tmin: 1.9369 | Baseline Tmax: 2.1738
  Epoch  123/1000 | Train Loss: 3.3645 | Val MAE Tmax: 1.7122 | Val MAE Tmin: 1.9370 | Baseline Tmax: 2.1738
  Epoch  124/1000 | Train Loss: 3.3686 | Val MAE Tmax: 1.7185 | Val MAE Tmin: 1.9315 | Baseline Tmax: 2.1738
  Epoch  125/1000 | Train Loss: 3.3675 | Val MAE Tmax: 1.7190 | Val MAE Tmin: 1.9346 | Baseline Tmax: 2.1738
  Epoch  126/1000 | Train Loss: 3.3661 | Val MAE Tmax: 1.7191 | Val MAE Tmin: 1.9344 | Baseline Tmax: 2.1738
  Epoch  127/1000 | Train Loss: 3.3618 | Val MAE Tmax: 1.7192 | Val MAE Tmin: 1.9357 | Baseline Tmax: 2.1738
  Epoch  128/1000 | Train Loss: 3.3638 | Val MAE Tmax: 1.7222 | Val MAE Tmin: 1.9299 | Baseline Tmax: 2.1738
  Epoch  129/1000 | Train Loss: 3.3647 | Val MAE Tmax: 1.7222 | Val MAE Tmin: 1.9281 | Baseline Tmax: 2.1738
  Epoch  130/1000 | Train Loss: 3.3650 | Val MAE Tmax: 1.7217 | Val MAE Tmin: 1.9265 | Baseline Tmax: 2.1738
  Epoch  131/1000 | Train Loss: 3.3616 | Val MAE Tmax: 1.7202 | Val MAE Tmin: 1.9404 | Baseline Tmax: 2.1738
  Early stopping triggered after 131 epochs (Patience=10).

============================================================
  Fold s=1, t=0
============================================================
  Epoch    1/1000 | Train Loss: 3.7142 | Val MAE Tmax: 1.8898 | Val MAE Tmin: 1.8914 | Baseline Tmax: 2.1575
  Epoch    2/1000 | Train Loss: 3.6265 | Val MAE Tmax: 1.8606 | Val MAE Tmin: 1.8748 | Baseline Tmax: 2.1575
  Epoch    3/1000 | Train Loss: 3.5945 | Val MAE Tmax: 1.8546 | Val MAE Tmin: 1.8710 | Baseline Tmax: 2.1575
  Epoch    4/1000 | Train Loss: 3.5750 | Val MAE Tmax: 1.8436 | Val MAE Tmin: 1.8725 | Baseline Tmax: 2.1575
  Epoch    5/1000 | Train Loss: 3.5601 | Val MAE Tmax: 1.8438 | Val MAE Tmin: 1.8739 | Baseline Tmax: 2.1575
  Epoch    6/1000 | Train Loss: 3.5509 | Val MAE Tmax: 1.8370 | Val MAE Tmin: 1.8700 | Baseline Tmax: 2.1575
  Epoch    7/1000 | Train Loss: 3.5382 | Val MAE Tmax: 1.8359 | Val MAE Tmin: 1.8703 | Baseline Tmax: 2.1575
  Epoch    8/1000 | Train Loss: 3.5327 | Val MAE Tmax: 1.8394 | Val MAE Tmin: 1.8657 | Baseline Tmax: 2.1575
  Epoch    9/1000 | Train Loss: 3.5266 | Val MAE Tmax: 1.8341 | Val MAE Tmin: 1.8650 | Baseline Tmax: 2.1575
  Epoch   10/1000 | Train Loss: 3.5163 | Val MAE Tmax: 1.8319 | Val MAE Tmin: 1.8700 | Baseline Tmax: 2.1575
  Epoch   11/1000 | Train Loss: 3.5119 | Val MAE Tmax: 1.8339 | Val MAE Tmin: 1.8709 | Baseline Tmax: 2.1575
  Epoch   12/1000 | Train Loss: 3.5095 | Val MAE Tmax: 1.8323 | Val MAE Tmin: 1.8689 | Baseline Tmax: 2.1575
  Epoch   13/1000 | Train Loss: 3.5069 | Val MAE Tmax: 1.8250 | Val MAE Tmin: 1.8657 | Baseline Tmax: 2.1575
  Epoch   14/1000 | Train Loss: 3.5010 | Val MAE Tmax: 1.8170 | Val MAE Tmin: 1.8646 | Baseline Tmax: 2.1575
  Epoch   15/1000 | Train Loss: 3.4984 | Val MAE Tmax: 1.8253 | Val MAE Tmin: 1.8654 | Baseline Tmax: 2.1575
  Epoch   16/1000 | Train Loss: 3.4928 | Val MAE Tmax: 1.8230 | Val MAE Tmin: 1.8681 | Baseline Tmax: 2.1575
  Epoch   17/1000 | Train Loss: 3.4929 | Val MAE Tmax: 1.8185 | Val MAE Tmin: 1.8652 | Baseline Tmax: 2.1575
  Epoch   18/1000 | Train Loss: 3.4897 | Val MAE Tmax: 1.8173 | Val MAE Tmin: 1.8636 | Baseline Tmax: 2.1575
  Epoch   19/1000 | Train Loss: 3.4903 | Val MAE Tmax: 1.8105 | Val MAE Tmin: 1.8657 | Baseline Tmax: 2.1575
  Epoch   20/1000 | Train Loss: 3.4869 | Val MAE Tmax: 1.8094 | Val MAE Tmin: 1.8632 | Baseline Tmax: 2.1575
  Epoch   21/1000 | Train Loss: 3.4848 | Val MAE Tmax: 1.8083 | Val MAE Tmin: 1.8610 | Baseline Tmax: 2.1575
  Epoch   22/1000 | Train Loss: 3.4807 | Val MAE Tmax: 1.8088 | Val MAE Tmin: 1.8628 | Baseline Tmax: 2.1575
  Epoch   23/1000 | Train Loss: 3.4780 | Val MAE Tmax: 1.8057 | Val MAE Tmin: 1.8615 | Baseline Tmax: 2.1575
  Epoch   24/1000 | Train Loss: 3.4754 | Val MAE Tmax: 1.8089 | Val MAE Tmin: 1.8594 | Baseline Tmax: 2.1575
  Epoch   25/1000 | Train Loss: 3.4747 | Val MAE Tmax: 1.8067 | Val MAE Tmin: 1.8607 | Baseline Tmax: 2.1575
  Epoch   26/1000 | Train Loss: 3.4750 | Val MAE Tmax: 1.8091 | Val MAE Tmin: 1.8608 | Baseline Tmax: 2.1575
  Epoch   27/1000 | Train Loss: 3.4676 | Val MAE Tmax: 1.8068 | Val MAE Tmin: 1.8580 | Baseline Tmax: 2.1575
  Epoch   28/1000 | Train Loss: 3.4683 | Val MAE Tmax: 1.8078 | Val MAE Tmin: 1.8598 | Baseline Tmax: 2.1575
  Epoch   29/1000 | Train Loss: 3.4671 | Val MAE Tmax: 1.8010 | Val MAE Tmin: 1.8609 | Baseline Tmax: 2.1575
  Epoch   30/1000 | Train Loss: 3.4649 | Val MAE Tmax: 1.8088 | Val MAE Tmin: 1.8593 | Baseline Tmax: 2.1575
  Epoch   31/1000 | Train Loss: 3.4650 | Val MAE Tmax: 1.8055 | Val MAE Tmin: 1.8604 | Baseline Tmax: 2.1575
  Epoch   32/1000 | Train Loss: 3.4597 | Val MAE Tmax: 1.8112 | Val MAE Tmin: 1.8580 | Baseline Tmax: 2.1575
  Epoch   33/1000 | Train Loss: 3.4595 | Val MAE Tmax: 1.7999 | Val MAE Tmin: 1.8600 | Baseline Tmax: 2.1575
  Epoch   34/1000 | Train Loss: 3.4587 | Val MAE Tmax: 1.7952 | Val MAE Tmin: 1.8614 | Baseline Tmax: 2.1575
  Epoch   35/1000 | Train Loss: 3.4558 | Val MAE Tmax: 1.8010 | Val MAE Tmin: 1.8592 | Baseline Tmax: 2.1575
  Epoch   36/1000 | Train Loss: 3.4549 | Val MAE Tmax: 1.8099 | Val MAE Tmin: 1.8621 | Baseline Tmax: 2.1575
  Epoch   37/1000 | Train Loss: 3.4525 | Val MAE Tmax: 1.7976 | Val MAE Tmin: 1.8594 | Baseline Tmax: 2.1575
  Epoch   38/1000 | Train Loss: 3.4533 | Val MAE Tmax: 1.7991 | Val MAE Tmin: 1.8585 | Baseline Tmax: 2.1575
  Epoch   39/1000 | Train Loss: 3.4530 | Val MAE Tmax: 1.7950 | Val MAE Tmin: 1.8594 | Baseline Tmax: 2.1575
  Epoch   40/1000 | Train Loss: 3.4490 | Val MAE Tmax: 1.7947 | Val MAE Tmin: 1.8593 | Baseline Tmax: 2.1575
  Epoch   41/1000 | Train Loss: 3.4467 | Val MAE Tmax: 1.7956 | Val MAE Tmin: 1.8571 | Baseline Tmax: 2.1575
  Epoch   42/1000 | Train Loss: 3.4444 | Val MAE Tmax: 1.7933 | Val MAE Tmin: 1.8571 | Baseline Tmax: 2.1575
  Epoch   43/1000 | Train Loss: 3.4453 | Val MAE Tmax: 1.7913 | Val MAE Tmin: 1.8568 | Baseline Tmax: 2.1575
  Epoch   44/1000 | Train Loss: 3.4399 | Val MAE Tmax: 1.7992 | Val MAE Tmin: 1.8539 | Baseline Tmax: 2.1575
  Epoch   45/1000 | Train Loss: 3.4407 | Val MAE Tmax: 1.8050 | Val MAE Tmin: 1.8561 | Baseline Tmax: 2.1575
  Epoch   46/1000 | Train Loss: 3.4395 | Val MAE Tmax: 1.7918 | Val MAE Tmin: 1.8567 | Baseline Tmax: 2.1575
  Epoch   47/1000 | Train Loss: 3.4366 | Val MAE Tmax: 1.8061 | Val MAE Tmin: 1.8581 | Baseline Tmax: 2.1575
  Epoch   48/1000 | Train Loss: 3.4368 | Val MAE Tmax: 1.7941 | Val MAE Tmin: 1.8568 | Baseline Tmax: 2.1575
  Epoch   49/1000 | Train Loss: 3.4404 | Val MAE Tmax: 1.7959 | Val MAE Tmin: 1.8525 | Baseline Tmax: 2.1575
  Epoch   50/1000 | Train Loss: 3.4309 | Val MAE Tmax: 1.7925 | Val MAE Tmin: 1.8542 | Baseline Tmax: 2.1575
  Epoch   51/1000 | Train Loss: 3.4330 | Val MAE Tmax: 1.7870 | Val MAE Tmin: 1.8530 | Baseline Tmax: 2.1575
  Epoch   52/1000 | Train Loss: 3.4305 | Val MAE Tmax: 1.7912 | Val MAE Tmin: 1.8518 | Baseline Tmax: 2.1575
  Epoch   53/1000 | Train Loss: 3.4322 | Val MAE Tmax: 1.7832 | Val MAE Tmin: 1.8479 | Baseline Tmax: 2.1575
  Epoch   54/1000 | Train Loss: 3.4301 | Val MAE Tmax: 1.7859 | Val MAE Tmin: 1.8512 | Baseline Tmax: 2.1575
  Epoch   55/1000 | Train Loss: 3.4301 | Val MAE Tmax: 1.7806 | Val MAE Tmin: 1.8508 | Baseline Tmax: 2.1575
  Epoch   56/1000 | Train Loss: 3.4290 | Val MAE Tmax: 1.7853 | Val MAE Tmin: 1.8489 | Baseline Tmax: 2.1575
  Epoch   57/1000 | Train Loss: 3.4332 | Val MAE Tmax: 1.7847 | Val MAE Tmin: 1.8520 | Baseline Tmax: 2.1575
  Epoch   58/1000 | Train Loss: 3.4259 | Val MAE Tmax: 1.7836 | Val MAE Tmin: 1.8493 | Baseline Tmax: 2.1575
  Epoch   59/1000 | Train Loss: 3.4236 | Val MAE Tmax: 1.7857 | Val MAE Tmin: 1.8496 | Baseline Tmax: 2.1575
  Epoch   60/1000 | Train Loss: 3.4236 | Val MAE Tmax: 1.7780 | Val MAE Tmin: 1.8527 | Baseline Tmax: 2.1575
  Epoch   61/1000 | Train Loss: 3.4201 | Val MAE Tmax: 1.7872 | Val MAE Tmin: 1.8529 | Baseline Tmax: 2.1575
  Epoch   62/1000 | Train Loss: 3.4239 | Val MAE Tmax: 1.7923 | Val MAE Tmin: 1.8533 | Baseline Tmax: 2.1575
  Epoch   63/1000 | Train Loss: 3.4201 | Val MAE Tmax: 1.7954 | Val MAE Tmin: 1.8541 | Baseline Tmax: 2.1575
  Epoch   64/1000 | Train Loss: 3.4221 | Val MAE Tmax: 1.7798 | Val MAE Tmin: 1.8509 | Baseline Tmax: 2.1575
  Epoch   65/1000 | Train Loss: 3.4199 | Val MAE Tmax: 1.7795 | Val MAE Tmin: 1.8511 | Baseline Tmax: 2.1575
  Epoch   66/1000 | Train Loss: 3.4181 | Val MAE Tmax: 1.7774 | Val MAE Tmin: 1.8498 | Baseline Tmax: 2.1575
  Epoch   67/1000 | Train Loss: 3.4187 | Val MAE Tmax: 1.7841 | Val MAE Tmin: 1.8518 | Baseline Tmax: 2.1575
  Epoch   68/1000 | Train Loss: 3.4145 | Val MAE Tmax: 1.7866 | Val MAE Tmin: 1.8515 | Baseline Tmax: 2.1575
  Epoch   69/1000 | Train Loss: 3.4149 | Val MAE Tmax: 1.7811 | Val MAE Tmin: 1.8501 | Baseline Tmax: 2.1575
  Epoch   70/1000 | Train Loss: 3.4129 | Val MAE Tmax: 1.7821 | Val MAE Tmin: 1.8509 | Baseline Tmax: 2.1575
  Epoch   71/1000 | Train Loss: 3.4135 | Val MAE Tmax: 1.7773 | Val MAE Tmin: 1.8479 | Baseline Tmax: 2.1575
  Epoch   72/1000 | Train Loss: 3.4126 | Val MAE Tmax: 1.7791 | Val MAE Tmin: 1.8537 | Baseline Tmax: 2.1575
  Epoch   73/1000 | Train Loss: 3.4100 | Val MAE Tmax: 1.7770 | Val MAE Tmin: 1.8559 | Baseline Tmax: 2.1575
  Epoch   74/1000 | Train Loss: 3.4117 | Val MAE Tmax: 1.7730 | Val MAE Tmin: 1.8490 | Baseline Tmax: 2.1575
  Epoch   75/1000 | Train Loss: 3.4091 | Val MAE Tmax: 1.7708 | Val MAE Tmin: 1.8471 | Baseline Tmax: 2.1575
  Epoch   76/1000 | Train Loss: 3.4092 | Val MAE Tmax: 1.7732 | Val MAE Tmin: 1.8498 | Baseline Tmax: 2.1575
  Epoch   77/1000 | Train Loss: 3.4073 | Val MAE Tmax: 1.7722 | Val MAE Tmin: 1.8505 | Baseline Tmax: 2.1575
  Epoch   78/1000 | Train Loss: 3.4034 | Val MAE Tmax: 1.7700 | Val MAE Tmin: 1.8608 | Baseline Tmax: 2.1575
  Epoch   79/1000 | Train Loss: 3.4042 | Val MAE Tmax: 1.7721 | Val MAE Tmin: 1.8552 | Baseline Tmax: 2.1575
  Epoch   80/1000 | Train Loss: 3.4005 | Val MAE Tmax: 1.7759 | Val MAE Tmin: 1.8474 | Baseline Tmax: 2.1575
  Epoch   81/1000 | Train Loss: 3.4052 | Val MAE Tmax: 1.7654 | Val MAE Tmin: 1.8512 | Baseline Tmax: 2.1575
  Epoch   82/1000 | Train Loss: 3.4005 | Val MAE Tmax: 1.7734 | Val MAE Tmin: 1.8568 | Baseline Tmax: 2.1575
  Epoch   83/1000 | Train Loss: 3.3996 | Val MAE Tmax: 1.7678 | Val MAE Tmin: 1.8469 | Baseline Tmax: 2.1575
  Epoch   84/1000 | Train Loss: 3.4004 | Val MAE Tmax: 1.7673 | Val MAE Tmin: 1.8439 | Baseline Tmax: 2.1575
  Epoch   85/1000 | Train Loss: 3.3962 | Val MAE Tmax: 1.7664 | Val MAE Tmin: 1.8479 | Baseline Tmax: 2.1575
  Epoch   86/1000 | Train Loss: 3.3954 | Val MAE Tmax: 1.7713 | Val MAE Tmin: 1.8485 | Baseline Tmax: 2.1575
  Epoch   87/1000 | Train Loss: 3.3952 | Val MAE Tmax: 1.7657 | Val MAE Tmin: 1.8478 | Baseline Tmax: 2.1575
  Epoch   88/1000 | Train Loss: 3.3940 | Val MAE Tmax: 1.7701 | Val MAE Tmin: 1.8450 | Baseline Tmax: 2.1575
  Epoch   89/1000 | Train Loss: 3.3877 | Val MAE Tmax: 1.7664 | Val MAE Tmin: 1.8460 | Baseline Tmax: 2.1575
  Epoch   90/1000 | Train Loss: 3.3887 | Val MAE Tmax: 1.7656 | Val MAE Tmin: 1.8466 | Baseline Tmax: 2.1575
  Epoch   91/1000 | Train Loss: 3.3892 | Val MAE Tmax: 1.7640 | Val MAE Tmin: 1.8457 | Baseline Tmax: 2.1575
  Epoch   92/1000 | Train Loss: 3.3919 | Val MAE Tmax: 1.7619 | Val MAE Tmin: 1.8468 | Baseline Tmax: 2.1575
  Epoch   93/1000 | Train Loss: 3.3846 | Val MAE Tmax: 1.7618 | Val MAE Tmin: 1.8496 | Baseline Tmax: 2.1575
  Epoch   94/1000 | Train Loss: 3.3818 | Val MAE Tmax: 1.7702 | Val MAE Tmin: 1.8534 | Baseline Tmax: 2.1575
  Epoch   95/1000 | Train Loss: 3.3837 | Val MAE Tmax: 1.7616 | Val MAE Tmin: 1.8469 | Baseline Tmax: 2.1575
  Epoch   96/1000 | Train Loss: 3.3796 | Val MAE Tmax: 1.7660 | Val MAE Tmin: 1.8528 | Baseline Tmax: 2.1575
  Epoch   97/1000 | Train Loss: 3.3817 | Val MAE Tmax: 1.7557 | Val MAE Tmin: 1.8497 | Baseline Tmax: 2.1575
  Epoch   98/1000 | Train Loss: 3.3848 | Val MAE Tmax: 1.7594 | Val MAE Tmin: 1.8464 | Baseline Tmax: 2.1575
  Epoch   99/1000 | Train Loss: 3.3816 | Val MAE Tmax: 1.7572 | Val MAE Tmin: 1.8390 | Baseline Tmax: 2.1575
  Epoch  100/1000 | Train Loss: 3.3754 | Val MAE Tmax: 1.7699 | Val MAE Tmin: 1.8462 | Baseline Tmax: 2.1575
  Epoch  101/1000 | Train Loss: 3.3759 | Val MAE Tmax: 1.7697 | Val MAE Tmin: 1.8409 | Baseline Tmax: 2.1575
  Epoch  102/1000 | Train Loss: 3.3788 | Val MAE Tmax: 1.7629 | Val MAE Tmin: 1.8462 | Baseline Tmax: 2.1575
  Epoch  103/1000 | Train Loss: 3.3796 | Val MAE Tmax: 1.7612 | Val MAE Tmin: 1.8471 | Baseline Tmax: 2.1575
  Epoch  104/1000 | Train Loss: 3.3775 | Val MAE Tmax: 1.7604 | Val MAE Tmin: 1.8402 | Baseline Tmax: 2.1575
  Epoch  105/1000 | Train Loss: 3.3779 | Val MAE Tmax: 1.7648 | Val MAE Tmin: 1.8429 | Baseline Tmax: 2.1575
  Epoch  106/1000 | Train Loss: 3.3792 | Val MAE Tmax: 1.7583 | Val MAE Tmin: 1.8445 | Baseline Tmax: 2.1575
  Epoch  107/1000 | Train Loss: 3.3760 | Val MAE Tmax: 1.7556 | Val MAE Tmin: 1.8434 | Baseline Tmax: 2.1575
  Epoch  108/1000 | Train Loss: 3.3729 | Val MAE Tmax: 1.7614 | Val MAE Tmin: 1.8491 | Baseline Tmax: 2.1575
  Epoch  109/1000 | Train Loss: 3.3731 | Val MAE Tmax: 1.7543 | Val MAE Tmin: 1.8455 | Baseline Tmax: 2.1575
  Early stopping triggered after 109 epochs (Patience=10).

============================================================
  Fold s=1, t=1
============================================================
  Epoch    1/1000 | Train Loss: 3.7138 | Val MAE Tmax: 1.9837 | Val MAE Tmin: 1.9415 | Baseline Tmax: 2.1399
  Epoch    2/1000 | Train Loss: 3.6117 | Val MAE Tmax: 1.8702 | Val MAE Tmin: 1.9421 | Baseline Tmax: 2.1399
  Epoch    3/1000 | Train Loss: 3.5755 | Val MAE Tmax: 1.8775 | Val MAE Tmin: 1.9530 | Baseline Tmax: 2.1399
  Epoch    4/1000 | Train Loss: 3.5570 | Val MAE Tmax: 1.8539 | Val MAE Tmin: 1.9432 | Baseline Tmax: 2.1399
  Epoch    5/1000 | Train Loss: 3.5397 | Val MAE Tmax: 1.8573 | Val MAE Tmin: 1.9522 | Baseline Tmax: 2.1399
  Epoch    6/1000 | Train Loss: 3.5308 | Val MAE Tmax: 1.8452 | Val MAE Tmin: 1.9485 | Baseline Tmax: 2.1399
  Epoch    7/1000 | Train Loss: 3.5238 | Val MAE Tmax: 1.8375 | Val MAE Tmin: 1.9414 | Baseline Tmax: 2.1399
  Epoch    8/1000 | Train Loss: 3.5188 | Val MAE Tmax: 1.8348 | Val MAE Tmin: 1.9343 | Baseline Tmax: 2.1399
  Epoch    9/1000 | Train Loss: 3.5083 | Val MAE Tmax: 1.8477 | Val MAE Tmin: 1.9419 | Baseline Tmax: 2.1399
  Epoch   10/1000 | Train Loss: 3.5066 | Val MAE Tmax: 1.8346 | Val MAE Tmin: 1.9383 | Baseline Tmax: 2.1399
  Epoch   11/1000 | Train Loss: 3.5065 | Val MAE Tmax: 1.8467 | Val MAE Tmin: 1.9390 | Baseline Tmax: 2.1399
  Epoch   12/1000 | Train Loss: 3.5040 | Val MAE Tmax: 1.8547 | Val MAE Tmin: 1.9297 | Baseline Tmax: 2.1399
  Epoch   13/1000 | Train Loss: 3.4972 | Val MAE Tmax: 1.8347 | Val MAE Tmin: 1.9331 | Baseline Tmax: 2.1399
  Epoch   14/1000 | Train Loss: 3.4939 | Val MAE Tmax: 1.8358 | Val MAE Tmin: 1.9327 | Baseline Tmax: 2.1399
  Epoch   15/1000 | Train Loss: 3.4904 | Val MAE Tmax: 1.8303 | Val MAE Tmin: 1.9337 | Baseline Tmax: 2.1399
  Epoch   16/1000 | Train Loss: 3.4873 | Val MAE Tmax: 1.8249 | Val MAE Tmin: 1.9280 | Baseline Tmax: 2.1399
  Epoch   17/1000 | Train Loss: 3.4837 | Val MAE Tmax: 1.8197 | Val MAE Tmin: 1.9289 | Baseline Tmax: 2.1399
  Epoch   18/1000 | Train Loss: 3.4805 | Val MAE Tmax: 1.8067 | Val MAE Tmin: 1.9262 | Baseline Tmax: 2.1399
  Epoch   19/1000 | Train Loss: 3.4778 | Val MAE Tmax: 1.7943 | Val MAE Tmin: 1.9276 | Baseline Tmax: 2.1399
  Epoch   20/1000 | Train Loss: 3.4762 | Val MAE Tmax: 1.8129 | Val MAE Tmin: 1.9228 | Baseline Tmax: 2.1399
  Epoch   21/1000 | Train Loss: 3.4714 | Val MAE Tmax: 1.8083 | Val MAE Tmin: 1.9235 | Baseline Tmax: 2.1399
  Epoch   22/1000 | Train Loss: 3.4686 | Val MAE Tmax: 1.8134 | Val MAE Tmin: 1.9240 | Baseline Tmax: 2.1399
  Epoch   23/1000 | Train Loss: 3.4681 | Val MAE Tmax: 1.7963 | Val MAE Tmin: 1.9204 | Baseline Tmax: 2.1399
  Epoch   24/1000 | Train Loss: 3.4623 | Val MAE Tmax: 1.8096 | Val MAE Tmin: 1.9221 | Baseline Tmax: 2.1399
  Epoch   25/1000 | Train Loss: 3.4640 | Val MAE Tmax: 1.7886 | Val MAE Tmin: 1.9205 | Baseline Tmax: 2.1399
  Epoch   26/1000 | Train Loss: 3.4602 | Val MAE Tmax: 1.7920 | Val MAE Tmin: 1.9198 | Baseline Tmax: 2.1399
  Epoch   27/1000 | Train Loss: 3.4587 | Val MAE Tmax: 1.7919 | Val MAE Tmin: 1.9245 | Baseline Tmax: 2.1399
  Epoch   28/1000 | Train Loss: 3.4605 | Val MAE Tmax: 1.7911 | Val MAE Tmin: 1.9171 | Baseline Tmax: 2.1399
  Epoch   29/1000 | Train Loss: 3.4566 | Val MAE Tmax: 1.7842 | Val MAE Tmin: 1.9190 | Baseline Tmax: 2.1399
  Epoch   30/1000 | Train Loss: 3.4517 | Val MAE Tmax: 1.7854 | Val MAE Tmin: 1.9158 | Baseline Tmax: 2.1399
  Epoch   31/1000 | Train Loss: 3.4522 | Val MAE Tmax: 1.7959 | Val MAE Tmin: 1.9145 | Baseline Tmax: 2.1399
  Epoch   32/1000 | Train Loss: 3.4474 | Val MAE Tmax: 1.7959 | Val MAE Tmin: 1.9177 | Baseline Tmax: 2.1399
  Epoch   33/1000 | Train Loss: 3.4447 | Val MAE Tmax: 1.7822 | Val MAE Tmin: 1.9117 | Baseline Tmax: 2.1399
  Epoch   34/1000 | Train Loss: 3.4424 | Val MAE Tmax: 1.7810 | Val MAE Tmin: 1.9146 | Baseline Tmax: 2.1399
  Epoch   35/1000 | Train Loss: 3.4438 | Val MAE Tmax: 1.7733 | Val MAE Tmin: 1.9096 | Baseline Tmax: 2.1399
  Epoch   36/1000 | Train Loss: 3.4391 | Val MAE Tmax: 1.7743 | Val MAE Tmin: 1.9098 | Baseline Tmax: 2.1399
  Epoch   37/1000 | Train Loss: 3.4369 | Val MAE Tmax: 1.7740 | Val MAE Tmin: 1.9084 | Baseline Tmax: 2.1399
  Epoch   38/1000 | Train Loss: 3.4383 | Val MAE Tmax: 1.7813 | Val MAE Tmin: 1.9063 | Baseline Tmax: 2.1399
  Epoch   39/1000 | Train Loss: 3.4361 | Val MAE Tmax: 1.7772 | Val MAE Tmin: 1.9057 | Baseline Tmax: 2.1399
  Epoch   40/1000 | Train Loss: 3.4306 | Val MAE Tmax: 1.7874 | Val MAE Tmin: 1.9036 | Baseline Tmax: 2.1399
  Epoch   41/1000 | Train Loss: 3.4317 | Val MAE Tmax: 1.7761 | Val MAE Tmin: 1.8979 | Baseline Tmax: 2.1399
  Epoch   42/1000 | Train Loss: 3.4273 | Val MAE Tmax: 1.7835 | Val MAE Tmin: 1.8987 | Baseline Tmax: 2.1399
  Epoch   43/1000 | Train Loss: 3.4290 | Val MAE Tmax: 1.7829 | Val MAE Tmin: 1.8973 | Baseline Tmax: 2.1399
  Epoch   44/1000 | Train Loss: 3.4278 | Val MAE Tmax: 1.7788 | Val MAE Tmin: 1.8956 | Baseline Tmax: 2.1399
  Epoch   45/1000 | Train Loss: 3.4254 | Val MAE Tmax: 1.7778 | Val MAE Tmin: 1.8952 | Baseline Tmax: 2.1399
  Epoch   46/1000 | Train Loss: 3.4281 | Val MAE Tmax: 1.7734 | Val MAE Tmin: 1.8940 | Baseline Tmax: 2.1399
  Epoch   47/1000 | Train Loss: 3.4211 | Val MAE Tmax: 1.7864 | Val MAE Tmin: 1.8943 | Baseline Tmax: 2.1399
  Epoch   48/1000 | Train Loss: 3.4230 | Val MAE Tmax: 1.7799 | Val MAE Tmin: 1.8890 | Baseline Tmax: 2.1399
  Epoch   49/1000 | Train Loss: 3.4187 | Val MAE Tmax: 1.7676 | Val MAE Tmin: 1.8896 | Baseline Tmax: 2.1399
  Epoch   50/1000 | Train Loss: 3.4172 | Val MAE Tmax: 1.7723 | Val MAE Tmin: 1.8865 | Baseline Tmax: 2.1399
  Epoch   51/1000 | Train Loss: 3.4136 | Val MAE Tmax: 1.7754 | Val MAE Tmin: 1.8889 | Baseline Tmax: 2.1399
  Epoch   52/1000 | Train Loss: 3.4148 | Val MAE Tmax: 1.7702 | Val MAE Tmin: 1.8899 | Baseline Tmax: 2.1399
  Epoch   53/1000 | Train Loss: 3.4132 | Val MAE Tmax: 1.7760 | Val MAE Tmin: 1.8826 | Baseline Tmax: 2.1399
  Epoch   54/1000 | Train Loss: 3.4137 | Val MAE Tmax: 1.7777 | Val MAE Tmin: 1.8881 | Baseline Tmax: 2.1399
  Epoch   55/1000 | Train Loss: 3.4135 | Val MAE Tmax: 1.7642 | Val MAE Tmin: 1.8876 | Baseline Tmax: 2.1399
  Epoch   56/1000 | Train Loss: 3.4135 | Val MAE Tmax: 1.7703 | Val MAE Tmin: 1.8868 | Baseline Tmax: 2.1399
  Epoch   57/1000 | Train Loss: 3.4093 | Val MAE Tmax: 1.7644 | Val MAE Tmin: 1.8855 | Baseline Tmax: 2.1399
  Epoch   58/1000 | Train Loss: 3.4112 | Val MAE Tmax: 1.7643 | Val MAE Tmin: 1.8860 | Baseline Tmax: 2.1399
  Epoch   59/1000 | Train Loss: 3.4064 | Val MAE Tmax: 1.7713 | Val MAE Tmin: 1.8909 | Baseline Tmax: 2.1399
  Epoch   60/1000 | Train Loss: 3.4036 | Val MAE Tmax: 1.7612 | Val MAE Tmin: 1.8836 | Baseline Tmax: 2.1399
  Epoch   61/1000 | Train Loss: 3.4051 | Val MAE Tmax: 1.7693 | Val MAE Tmin: 1.8849 | Baseline Tmax: 2.1399
  Epoch   62/1000 | Train Loss: 3.4032 | Val MAE Tmax: 1.7664 | Val MAE Tmin: 1.8807 | Baseline Tmax: 2.1399
  Epoch   63/1000 | Train Loss: 3.4061 | Val MAE Tmax: 1.7589 | Val MAE Tmin: 1.8842 | Baseline Tmax: 2.1399
  Epoch   64/1000 | Train Loss: 3.3988 | Val MAE Tmax: 1.7507 | Val MAE Tmin: 1.8818 | Baseline Tmax: 2.1399
  Epoch   65/1000 | Train Loss: 3.3999 | Val MAE Tmax: 1.7618 | Val MAE Tmin: 1.8821 | Baseline Tmax: 2.1399
  Epoch   66/1000 | Train Loss: 3.4014 | Val MAE Tmax: 1.7672 | Val MAE Tmin: 1.8785 | Baseline Tmax: 2.1399
  Epoch   67/1000 | Train Loss: 3.4017 | Val MAE Tmax: 1.7592 | Val MAE Tmin: 1.8809 | Baseline Tmax: 2.1399
  Epoch   68/1000 | Train Loss: 3.3986 | Val MAE Tmax: 1.7634 | Val MAE Tmin: 1.8782 | Baseline Tmax: 2.1399
  Epoch   69/1000 | Train Loss: 3.4005 | Val MAE Tmax: 1.7623 | Val MAE Tmin: 1.8838 | Baseline Tmax: 2.1399
  Epoch   70/1000 | Train Loss: 3.3962 | Val MAE Tmax: 1.7615 | Val MAE Tmin: 1.8793 | Baseline Tmax: 2.1399
  Epoch   71/1000 | Train Loss: 3.4012 | Val MAE Tmax: 1.7612 | Val MAE Tmin: 1.8805 | Baseline Tmax: 2.1399
  Epoch   72/1000 | Train Loss: 3.3954 | Val MAE Tmax: 1.7534 | Val MAE Tmin: 1.8799 | Baseline Tmax: 2.1399
  Epoch   73/1000 | Train Loss: 3.3959 | Val MAE Tmax: 1.7568 | Val MAE Tmin: 1.8812 | Baseline Tmax: 2.1399
  Epoch   74/1000 | Train Loss: 3.3979 | Val MAE Tmax: 1.7575 | Val MAE Tmin: 1.8795 | Baseline Tmax: 2.1399
  Early stopping triggered after 74 epochs (Patience=10).

============================================================
  Fold s=2, t=0
============================================================
  Epoch    1/1000 | Train Loss: 3.7618 | Val MAE Tmax: 1.7108 | Val MAE Tmin: 1.8441 | Baseline Tmax: 2.0086
  Epoch    2/1000 | Train Loss: 3.6889 | Val MAE Tmax: 1.6815 | Val MAE Tmin: 1.8298 | Baseline Tmax: 2.0086
  Epoch    3/1000 | Train Loss: 3.6618 | Val MAE Tmax: 1.6641 | Val MAE Tmin: 1.8263 | Baseline Tmax: 2.0086
  Epoch    4/1000 | Train Loss: 3.6454 | Val MAE Tmax: 1.6613 | Val MAE Tmin: 1.8182 | Baseline Tmax: 2.0086
  Epoch    5/1000 | Train Loss: 3.6379 | Val MAE Tmax: 1.6583 | Val MAE Tmin: 1.8150 | Baseline Tmax: 2.0086
  Epoch    6/1000 | Train Loss: 3.6289 | Val MAE Tmax: 1.6572 | Val MAE Tmin: 1.8112 | Baseline Tmax: 2.0086
  Epoch    7/1000 | Train Loss: 3.6210 | Val MAE Tmax: 1.6546 | Val MAE Tmin: 1.8087 | Baseline Tmax: 2.0086
  Epoch    8/1000 | Train Loss: 3.6150 | Val MAE Tmax: 1.6475 | Val MAE Tmin: 1.8045 | Baseline Tmax: 2.0086
  Epoch    9/1000 | Train Loss: 3.6092 | Val MAE Tmax: 1.6438 | Val MAE Tmin: 1.8072 | Baseline Tmax: 2.0086
  Epoch   10/1000 | Train Loss: 3.6052 | Val MAE Tmax: 1.6364 | Val MAE Tmin: 1.8083 | Baseline Tmax: 2.0086
  Epoch   11/1000 | Train Loss: 3.6008 | Val MAE Tmax: 1.6336 | Val MAE Tmin: 1.8056 | Baseline Tmax: 2.0086
  Epoch   12/1000 | Train Loss: 3.5965 | Val MAE Tmax: 1.6349 | Val MAE Tmin: 1.8040 | Baseline Tmax: 2.0086
  Epoch   13/1000 | Train Loss: 3.5901 | Val MAE Tmax: 1.6364 | Val MAE Tmin: 1.8025 | Baseline Tmax: 2.0086
  Epoch   14/1000 | Train Loss: 3.5904 | Val MAE Tmax: 1.6315 | Val MAE Tmin: 1.7985 | Baseline Tmax: 2.0086
  Epoch   15/1000 | Train Loss: 3.5869 | Val MAE Tmax: 1.6256 | Val MAE Tmin: 1.7952 | Baseline Tmax: 2.0086
  Epoch   16/1000 | Train Loss: 3.5838 | Val MAE Tmax: 1.6290 | Val MAE Tmin: 1.7969 | Baseline Tmax: 2.0086
  Epoch   17/1000 | Train Loss: 3.5804 | Val MAE Tmax: 1.6258 | Val MAE Tmin: 1.7997 | Baseline Tmax: 2.0086
  Epoch   18/1000 | Train Loss: 3.5763 | Val MAE Tmax: 1.6277 | Val MAE Tmin: 1.7990 | Baseline Tmax: 2.0086
  Epoch   19/1000 | Train Loss: 3.5765 | Val MAE Tmax: 1.6246 | Val MAE Tmin: 1.7939 | Baseline Tmax: 2.0086
  Epoch   20/1000 | Train Loss: 3.5733 | Val MAE Tmax: 1.6251 | Val MAE Tmin: 1.7903 | Baseline Tmax: 2.0086
  Epoch   21/1000 | Train Loss: 3.5733 | Val MAE Tmax: 1.6280 | Val MAE Tmin: 1.7886 | Baseline Tmax: 2.0086
  Epoch   22/1000 | Train Loss: 3.5706 | Val MAE Tmax: 1.6222 | Val MAE Tmin: 1.7900 | Baseline Tmax: 2.0086
  Epoch   23/1000 | Train Loss: 3.5671 | Val MAE Tmax: 1.6237 | Val MAE Tmin: 1.7902 | Baseline Tmax: 2.0086
  Epoch   24/1000 | Train Loss: 3.5657 | Val MAE Tmax: 1.6317 | Val MAE Tmin: 1.7886 | Baseline Tmax: 2.0086
  Epoch   25/1000 | Train Loss: 3.5600 | Val MAE Tmax: 1.6329 | Val MAE Tmin: 1.7855 | Baseline Tmax: 2.0086
  Epoch   26/1000 | Train Loss: 3.5633 | Val MAE Tmax: 1.6418 | Val MAE Tmin: 1.7841 | Baseline Tmax: 2.0086
  Epoch   27/1000 | Train Loss: 3.5578 | Val MAE Tmax: 1.6291 | Val MAE Tmin: 1.7849 | Baseline Tmax: 2.0086
  Epoch   28/1000 | Train Loss: 3.5555 | Val MAE Tmax: 1.6305 | Val MAE Tmin: 1.7901 | Baseline Tmax: 2.0086
  Epoch   29/1000 | Train Loss: 3.5545 | Val MAE Tmax: 1.6325 | Val MAE Tmin: 1.7849 | Baseline Tmax: 2.0086
  Epoch   30/1000 | Train Loss: 3.5542 | Val MAE Tmax: 1.6329 | Val MAE Tmin: 1.7857 | Baseline Tmax: 2.0086
  Epoch   31/1000 | Train Loss: 3.5505 | Val MAE Tmax: 1.6368 | Val MAE Tmin: 1.7874 | Baseline Tmax: 2.0086
  Epoch   32/1000 | Train Loss: 3.5502 | Val MAE Tmax: 1.6247 | Val MAE Tmin: 1.7855 | Baseline Tmax: 2.0086
  Epoch   33/1000 | Train Loss: 3.5451 | Val MAE Tmax: 1.6211 | Val MAE Tmin: 1.7860 | Baseline Tmax: 2.0086
  Epoch   34/1000 | Train Loss: 3.5440 | Val MAE Tmax: 1.6313 | Val MAE Tmin: 1.7932 | Baseline Tmax: 2.0086
  Epoch   35/1000 | Train Loss: 3.5445 | Val MAE Tmax: 1.6269 | Val MAE Tmin: 1.7905 | Baseline Tmax: 2.0086
  Epoch   36/1000 | Train Loss: 3.5379 | Val MAE Tmax: 1.6266 | Val MAE Tmin: 1.7901 | Baseline Tmax: 2.0086
  Epoch   37/1000 | Train Loss: 3.5387 | Val MAE Tmax: 1.6317 | Val MAE Tmin: 1.7872 | Baseline Tmax: 2.0086
  Epoch   38/1000 | Train Loss: 3.5334 | Val MAE Tmax: 1.6233 | Val MAE Tmin: 1.7925 | Baseline Tmax: 2.0086
  Epoch   39/1000 | Train Loss: 3.5319 | Val MAE Tmax: 1.6260 | Val MAE Tmin: 1.7883 | Baseline Tmax: 2.0086
  Epoch   40/1000 | Train Loss: 3.5340 | Val MAE Tmax: 1.6323 | Val MAE Tmin: 1.7831 | Baseline Tmax: 2.0086
  Epoch   41/1000 | Train Loss: 3.5300 | Val MAE Tmax: 1.6370 | Val MAE Tmin: 1.7894 | Baseline Tmax: 2.0086
  Epoch   42/1000 | Train Loss: 3.5290 | Val MAE Tmax: 1.6249 | Val MAE Tmin: 1.7902 | Baseline Tmax: 2.0086
  Epoch   43/1000 | Train Loss: 3.5255 | Val MAE Tmax: 1.6328 | Val MAE Tmin: 1.7907 | Baseline Tmax: 2.0086
  Early stopping triggered after 43 epochs (Patience=10).

============================================================
  Fold s=2, t=1
============================================================
  Epoch    1/1000 | Train Loss: 3.7678 | Val MAE Tmax: 1.7327 | Val MAE Tmin: 1.9408 | Baseline Tmax: 2.0690
  Epoch    2/1000 | Train Loss: 3.6897 | Val MAE Tmax: 1.6415 | Val MAE Tmin: 1.9133 | Baseline Tmax: 2.0690
  Epoch    3/1000 | Train Loss: 3.6576 | Val MAE Tmax: 1.6249 | Val MAE Tmin: 1.9049 | Baseline Tmax: 2.0690
  Epoch    4/1000 | Train Loss: 3.6400 | Val MAE Tmax: 1.6105 | Val MAE Tmin: 1.8889 | Baseline Tmax: 2.0690
  Epoch    5/1000 | Train Loss: 3.6312 | Val MAE Tmax: 1.6067 | Val MAE Tmin: 1.8958 | Baseline Tmax: 2.0690
  Epoch    6/1000 | Train Loss: 3.6235 | Val MAE Tmax: 1.5963 | Val MAE Tmin: 1.8886 | Baseline Tmax: 2.0690
  Epoch    7/1000 | Train Loss: 3.6114 | Val MAE Tmax: 1.5950 | Val MAE Tmin: 1.8963 | Baseline Tmax: 2.0690
  Epoch    8/1000 | Train Loss: 3.6045 | Val MAE Tmax: 1.5905 | Val MAE Tmin: 1.8904 | Baseline Tmax: 2.0690
  Epoch    9/1000 | Train Loss: 3.5967 | Val MAE Tmax: 1.5864 | Val MAE Tmin: 1.8942 | Baseline Tmax: 2.0690
  Epoch   10/1000 | Train Loss: 3.5941 | Val MAE Tmax: 1.5818 | Val MAE Tmin: 1.8867 | Baseline Tmax: 2.0690
  Epoch   11/1000 | Train Loss: 3.5878 | Val MAE Tmax: 1.5839 | Val MAE Tmin: 1.8924 | Baseline Tmax: 2.0690
  Epoch   12/1000 | Train Loss: 3.5835 | Val MAE Tmax: 1.5819 | Val MAE Tmin: 1.8915 | Baseline Tmax: 2.0690
  Epoch   13/1000 | Train Loss: 3.5784 | Val MAE Tmax: 1.5779 | Val MAE Tmin: 1.8906 | Baseline Tmax: 2.0690
  Epoch   14/1000 | Train Loss: 3.5753 | Val MAE Tmax: 1.5791 | Val MAE Tmin: 1.8963 | Baseline Tmax: 2.0690
  Epoch   15/1000 | Train Loss: 3.5748 | Val MAE Tmax: 1.5771 | Val MAE Tmin: 1.8880 | Baseline Tmax: 2.0690
  Epoch   16/1000 | Train Loss: 3.5703 | Val MAE Tmax: 1.5796 | Val MAE Tmin: 1.8872 | Baseline Tmax: 2.0690
  Epoch   17/1000 | Train Loss: 3.5712 | Val MAE Tmax: 1.5741 | Val MAE Tmin: 1.8937 | Baseline Tmax: 2.0690
  Epoch   18/1000 | Train Loss: 3.5653 | Val MAE Tmax: 1.5751 | Val MAE Tmin: 1.8932 | Baseline Tmax: 2.0690
  Epoch   19/1000 | Train Loss: 3.5648 | Val MAE Tmax: 1.5731 | Val MAE Tmin: 1.8915 | Baseline Tmax: 2.0690
  Epoch   20/1000 | Train Loss: 3.5635 | Val MAE Tmax: 1.5700 | Val MAE Tmin: 1.8976 | Baseline Tmax: 2.0690
  Epoch   21/1000 | Train Loss: 3.5605 | Val MAE Tmax: 1.5675 | Val MAE Tmin: 1.9050 | Baseline Tmax: 2.0690
  Epoch   22/1000 | Train Loss: 3.5616 | Val MAE Tmax: 1.5670 | Val MAE Tmin: 1.8984 | Baseline Tmax: 2.0690
  Epoch   23/1000 | Train Loss: 3.5560 | Val MAE Tmax: 1.5647 | Val MAE Tmin: 1.8944 | Baseline Tmax: 2.0690
  Epoch   24/1000 | Train Loss: 3.5547 | Val MAE Tmax: 1.5618 | Val MAE Tmin: 1.8885 | Baseline Tmax: 2.0690
  Epoch   25/1000 | Train Loss: 3.5523 | Val MAE Tmax: 1.5614 | Val MAE Tmin: 1.8853 | Baseline Tmax: 2.0690
  Epoch   26/1000 | Train Loss: 3.5544 | Val MAE Tmax: 1.5563 | Val MAE Tmin: 1.8934 | Baseline Tmax: 2.0690
  Epoch   27/1000 | Train Loss: 3.5478 | Val MAE Tmax: 1.5568 | Val MAE Tmin: 1.8839 | Baseline Tmax: 2.0690
  Epoch   28/1000 | Train Loss: 3.5491 | Val MAE Tmax: 1.5583 | Val MAE Tmin: 1.8842 | Baseline Tmax: 2.0690
  Epoch   29/1000 | Train Loss: 3.5482 | Val MAE Tmax: 1.5536 | Val MAE Tmin: 1.8862 | Baseline Tmax: 2.0690
  Epoch   30/1000 | Train Loss: 3.5461 | Val MAE Tmax: 1.5526 | Val MAE Tmin: 1.8903 | Baseline Tmax: 2.0690
  Epoch   31/1000 | Train Loss: 3.5449 | Val MAE Tmax: 1.5528 | Val MAE Tmin: 1.8877 | Baseline Tmax: 2.0690
  Epoch   32/1000 | Train Loss: 3.5462 | Val MAE Tmax: 1.5524 | Val MAE Tmin: 1.8862 | Baseline Tmax: 2.0690
  Epoch   33/1000 | Train Loss: 3.5454 | Val MAE Tmax: 1.5515 | Val MAE Tmin: 1.8814 | Baseline Tmax: 2.0690
  Epoch   34/1000 | Train Loss: 3.5401 | Val MAE Tmax: 1.5493 | Val MAE Tmin: 1.8842 | Baseline Tmax: 2.0690
  Epoch   35/1000 | Train Loss: 3.5414 | Val MAE Tmax: 1.5472 | Val MAE Tmin: 1.8828 | Baseline Tmax: 2.0690
  Epoch   36/1000 | Train Loss: 3.5388 | Val MAE Tmax: 1.5492 | Val MAE Tmin: 1.8808 | Baseline Tmax: 2.0690
  Epoch   37/1000 | Train Loss: 3.5343 | Val MAE Tmax: 1.5498 | Val MAE Tmin: 1.8775 | Baseline Tmax: 2.0690
  Epoch   38/1000 | Train Loss: 3.5383 | Val MAE Tmax: 1.5453 | Val MAE Tmin: 1.8776 | Baseline Tmax: 2.0690
  Epoch   39/1000 | Train Loss: 3.5368 | Val MAE Tmax: 1.5440 | Val MAE Tmin: 1.8657 | Baseline Tmax: 2.0690
  Epoch   40/1000 | Train Loss: 3.5335 | Val MAE Tmax: 1.5437 | Val MAE Tmin: 1.8807 | Baseline Tmax: 2.0690
  Epoch   41/1000 | Train Loss: 3.5341 | Val MAE Tmax: 1.5417 | Val MAE Tmin: 1.8735 | Baseline Tmax: 2.0690
  Epoch   42/1000 | Train Loss: 3.5291 | Val MAE Tmax: 1.5390 | Val MAE Tmin: 1.8629 | Baseline Tmax: 2.0690
  Epoch   43/1000 | Train Loss: 3.5294 | Val MAE Tmax: 1.5433 | Val MAE Tmin: 1.8630 | Baseline Tmax: 2.0690
  Epoch   44/1000 | Train Loss: 3.5294 | Val MAE Tmax: 1.5382 | Val MAE Tmin: 1.8690 | Baseline Tmax: 2.0690
  Epoch   45/1000 | Train Loss: 3.5285 | Val MAE Tmax: 1.5403 | Val MAE Tmin: 1.8630 | Baseline Tmax: 2.0690
  Epoch   46/1000 | Train Loss: 3.5251 | Val MAE Tmax: 1.5369 | Val MAE Tmin: 1.8626 | Baseline Tmax: 2.0690
  Epoch   47/1000 | Train Loss: 3.5227 | Val MAE Tmax: 1.5379 | Val MAE Tmin: 1.8752 | Baseline Tmax: 2.0690
  Epoch   48/1000 | Train Loss: 3.5192 | Val MAE Tmax: 1.5397 | Val MAE Tmin: 1.8620 | Baseline Tmax: 2.0690
  Epoch   49/1000 | Train Loss: 3.5213 | Val MAE Tmax: 1.5362 | Val MAE Tmin: 1.8593 | Baseline Tmax: 2.0690
  Epoch   50/1000 | Train Loss: 3.5193 | Val MAE Tmax: 1.5366 | Val MAE Tmin: 1.8690 | Baseline Tmax: 2.0690
  Epoch   51/1000 | Train Loss: 3.5193 | Val MAE Tmax: 1.5358 | Val MAE Tmin: 1.8584 | Baseline Tmax: 2.0690
  Epoch   52/1000 | Train Loss: 3.5155 | Val MAE Tmax: 1.5368 | Val MAE Tmin: 1.8545 | Baseline Tmax: 2.0690
  Epoch   53/1000 | Train Loss: 3.5133 | Val MAE Tmax: 1.5344 | Val MAE Tmin: 1.8508 | Baseline Tmax: 2.0690
  Epoch   54/1000 | Train Loss: 3.5110 | Val MAE Tmax: 1.5388 | Val MAE Tmin: 1.8386 | Baseline Tmax: 2.0690
  Epoch   55/1000 | Train Loss: 3.5100 | Val MAE Tmax: 1.5330 | Val MAE Tmin: 1.8374 | Baseline Tmax: 2.0690
  Epoch   56/1000 | Train Loss: 3.5098 | Val MAE Tmax: 1.5311 | Val MAE Tmin: 1.8472 | Baseline Tmax: 2.0690
  Epoch   57/1000 | Train Loss: 3.5104 | Val MAE Tmax: 1.5292 | Val MAE Tmin: 1.8428 | Baseline Tmax: 2.0690
  Epoch   58/1000 | Train Loss: 3.5052 | Val MAE Tmax: 1.5307 | Val MAE Tmin: 1.8453 | Baseline Tmax: 2.0690
  Epoch   59/1000 | Train Loss: 3.5061 | Val MAE Tmax: 1.5365 | Val MAE Tmin: 1.8301 | Baseline Tmax: 2.0690
  Epoch   60/1000 | Train Loss: 3.5038 | Val MAE Tmax: 1.5333 | Val MAE Tmin: 1.8203 | Baseline Tmax: 2.0690
  Epoch   61/1000 | Train Loss: 3.5026 | Val MAE Tmax: 1.5315 | Val MAE Tmin: 1.8253 | Baseline Tmax: 2.0690
  Epoch   62/1000 | Train Loss: 3.5005 | Val MAE Tmax: 1.5325 | Val MAE Tmin: 1.8171 | Baseline Tmax: 2.0690
  Epoch   63/1000 | Train Loss: 3.5016 | Val MAE Tmax: 1.5368 | Val MAE Tmin: 1.8160 | Baseline Tmax: 2.0690
  Epoch   64/1000 | Train Loss: 3.4944 | Val MAE Tmax: 1.5362 | Val MAE Tmin: 1.8105 | Baseline Tmax: 2.0690
  Epoch   65/1000 | Train Loss: 3.4986 | Val MAE Tmax: 1.5343 | Val MAE Tmin: 1.8122 | Baseline Tmax: 2.0690
  Epoch   66/1000 | Train Loss: 3.4947 | Val MAE Tmax: 1.5356 | Val MAE Tmin: 1.8035 | Baseline Tmax: 2.0690
  Epoch   67/1000 | Train Loss: 3.4924 | Val MAE Tmax: 1.5327 | Val MAE Tmin: 1.8026 | Baseline Tmax: 2.0690
  Epoch   68/1000 | Train Loss: 3.4911 | Val MAE Tmax: 1.5422 | Val MAE Tmin: 1.7881 | Baseline Tmax: 2.0690
  Epoch   69/1000 | Train Loss: 3.4927 | Val MAE Tmax: 1.5401 | Val MAE Tmin: 1.7836 | Baseline Tmax: 2.0690
  Epoch   70/1000 | Train Loss: 3.4908 | Val MAE Tmax: 1.5382 | Val MAE Tmin: 1.7919 | Baseline Tmax: 2.0690
  Epoch   71/1000 | Train Loss: 3.4888 | Val MAE Tmax: 1.5363 | Val MAE Tmin: 1.7794 | Baseline Tmax: 2.0690
  Epoch   72/1000 | Train Loss: 3.4875 | Val MAE Tmax: 1.5345 | Val MAE Tmin: 1.7886 | Baseline Tmax: 2.0690
  Epoch   73/1000 | Train Loss: 3.4862 | Val MAE Tmax: 1.5334 | Val MAE Tmin: 1.7804 | Baseline Tmax: 2.0690
  Epoch   74/1000 | Train Loss: 3.4849 | Val MAE Tmax: 1.5367 | Val MAE Tmin: 1.7864 | Baseline Tmax: 2.0690
  Epoch   75/1000 | Train Loss: 3.4860 | Val MAE Tmax: 1.5405 | Val MAE Tmin: 1.7829 | Baseline Tmax: 2.0690
  Epoch   76/1000 | Train Loss: 3.4843 | Val MAE Tmax: 1.5437 | Val MAE Tmin: 1.7818 | Baseline Tmax: 2.0690
  Epoch   77/1000 | Train Loss: 3.4814 | Val MAE Tmax: 1.5389 | Val MAE Tmin: 1.7795 | Baseline Tmax: 2.0690
  Epoch   78/1000 | Train Loss: 3.4873 | Val MAE Tmax: 1.5439 | Val MAE Tmin: 1.7824 | Baseline Tmax: 2.0690
  Epoch   79/1000 | Train Loss: 3.4825 | Val MAE Tmax: 1.5434 | Val MAE Tmin: 1.7816 | Baseline Tmax: 2.0690
  Epoch   80/1000 | Train Loss: 3.4771 | Val MAE Tmax: 1.5415 | Val MAE Tmin: 1.7797 | Baseline Tmax: 2.0690
  Epoch   81/1000 | Train Loss: 3.4786 | Val MAE Tmax: 1.5473 | Val MAE Tmin: 1.7784 | Baseline Tmax: 2.0690
  Epoch   82/1000 | Train Loss: 3.4813 | Val MAE Tmax: 1.5368 | Val MAE Tmin: 1.7785 | Baseline Tmax: 2.0690
  Epoch   83/1000 | Train Loss: 3.4767 | Val MAE Tmax: 1.5346 | Val MAE Tmin: 1.7742 | Baseline Tmax: 2.0690
  Epoch   84/1000 | Train Loss: 3.4764 | Val MAE Tmax: 1.5345 | Val MAE Tmin: 1.7731 | Baseline Tmax: 2.0690
  Epoch   85/1000 | Train Loss: 3.4786 | Val MAE Tmax: 1.5385 | Val MAE Tmin: 1.7824 | Baseline Tmax: 2.0690
  Epoch   86/1000 | Train Loss: 3.4781 | Val MAE Tmax: 1.5342 | Val MAE Tmin: 1.7736 | Baseline Tmax: 2.0690
  Epoch   87/1000 | Train Loss: 3.4709 | Val MAE Tmax: 1.5416 | Val MAE Tmin: 1.7686 | Baseline Tmax: 2.0690
  Epoch   88/1000 | Train Loss: 3.4740 | Val MAE Tmax: 1.5423 | Val MAE Tmin: 1.7786 | Baseline Tmax: 2.0690
  Epoch   89/1000 | Train Loss: 3.4726 | Val MAE Tmax: 1.5407 | Val MAE Tmin: 1.7666 | Baseline Tmax: 2.0690
  Epoch   90/1000 | Train Loss: 3.4715 | Val MAE Tmax: 1.5406 | Val MAE Tmin: 1.7680 | Baseline Tmax: 2.0690
  Epoch   91/1000 | Train Loss: 3.4708 | Val MAE Tmax: 1.5441 | Val MAE Tmin: 1.7719 | Baseline Tmax: 2.0690
  Epoch   92/1000 | Train Loss: 3.4698 | Val MAE Tmax: 1.5339 | Val MAE Tmin: 1.7754 | Baseline Tmax: 2.0690
  Epoch   93/1000 | Train Loss: 3.4676 | Val MAE Tmax: 1.5430 | Val MAE Tmin: 1.7671 | Baseline Tmax: 2.0690
  Epoch   94/1000 | Train Loss: 3.4671 | Val MAE Tmax: 1.5466 | Val MAE Tmin: 1.7760 | Baseline Tmax: 2.0690
  Epoch   95/1000 | Train Loss: 3.4721 | Val MAE Tmax: 1.5406 | Val MAE Tmin: 1.7740 | Baseline Tmax: 2.0690
  Epoch   96/1000 | Train Loss: 3.4648 | Val MAE Tmax: 1.5396 | Val MAE Tmin: 1.7824 | Baseline Tmax: 2.0690
  Epoch   97/1000 | Train Loss: 3.4661 | Val MAE Tmax: 1.5384 | Val MAE Tmin: 1.7694 | Baseline Tmax: 2.0690
  Epoch   98/1000 | Train Loss: 3.4651 | Val MAE Tmax: 1.5379 | Val MAE Tmin: 1.7659 | Baseline Tmax: 2.0690
  Epoch   99/1000 | Train Loss: 3.4684 | Val MAE Tmax: 1.5481 | Val MAE Tmin: 1.7765 | Baseline Tmax: 2.0690
  Epoch  100/1000 | Train Loss: 3.4627 | Val MAE Tmax: 1.5389 | Val MAE Tmin: 1.7621 | Baseline Tmax: 2.0690
  Epoch  101/1000 | Train Loss: 3.4619 | Val MAE Tmax: 1.5426 | Val MAE Tmin: 1.7815 | Baseline Tmax: 2.0690
  Epoch  102/1000 | Train Loss: 3.4625 | Val MAE Tmax: 1.5451 | Val MAE Tmin: 1.7671 | Baseline Tmax: 2.0690
  Epoch  103/1000 | Train Loss: 3.4630 | Val MAE Tmax: 1.5351 | Val MAE Tmin: 1.7670 | Baseline Tmax: 2.0690
  Epoch  104/1000 | Train Loss: 3.4620 | Val MAE Tmax: 1.5355 | Val MAE Tmin: 1.7734 | Baseline Tmax: 2.0690
  Epoch  105/1000 | Train Loss: 3.4604 | Val MAE Tmax: 1.5407 | Val MAE Tmin: 1.7751 | Baseline Tmax: 2.0690
  Epoch  106/1000 | Train Loss: 3.4591 | Val MAE Tmax: 1.5414 | Val MAE Tmin: 1.7753 | Baseline Tmax: 2.0690
  Epoch  107/1000 | Train Loss: 3.4574 | Val MAE Tmax: 1.5496 | Val MAE Tmin: 1.7739 | Baseline Tmax: 2.0690
  Epoch  108/1000 | Train Loss: 3.4564 | Val MAE Tmax: 1.5463 | Val MAE Tmin: 1.7687 | Baseline Tmax: 2.0690
  Epoch  109/1000 | Train Loss: 3.4649 | Val MAE Tmax: 1.5459 | Val MAE Tmin: 1.7708 | Baseline Tmax: 2.0690
  Epoch  110/1000 | Train Loss: 3.4593 | Val MAE Tmax: 1.5428 | Val MAE Tmin: 1.7622 | Baseline Tmax: 2.0690
  Early stopping triggered after 110 epochs (Patience=10).

============================================================
  Fold s=3, t=0
============================================================
  Epoch    1/1000 | Train Loss: 3.8330 | Val MAE Tmax: 1.7059 | Val MAE Tmin: 1.4427 | Baseline Tmax: 1.8691
  Epoch    2/1000 | Train Loss: 3.7368 | Val MAE Tmax: 1.7591 | Val MAE Tmin: 1.4353 | Baseline Tmax: 1.8691
  Epoch    3/1000 | Train Loss: 3.7023 | Val MAE Tmax: 1.7544 | Val MAE Tmin: 1.4507 | Baseline Tmax: 1.8691
  Epoch    4/1000 | Train Loss: 3.6845 | Val MAE Tmax: 1.7676 | Val MAE Tmin: 1.4489 | Baseline Tmax: 1.8691
  Epoch    5/1000 | Train Loss: 3.6705 | Val MAE Tmax: 1.7506 | Val MAE Tmin: 1.4519 | Baseline Tmax: 1.8691
  Epoch    6/1000 | Train Loss: 3.6608 | Val MAE Tmax: 1.7490 | Val MAE Tmin: 1.4485 | Baseline Tmax: 1.8691
  Epoch    7/1000 | Train Loss: 3.6541 | Val MAE Tmax: 1.7292 | Val MAE Tmin: 1.4417 | Baseline Tmax: 1.8691
  Epoch    8/1000 | Train Loss: 3.6435 | Val MAE Tmax: 1.7302 | Val MAE Tmin: 1.4349 | Baseline Tmax: 1.8691
  Epoch    9/1000 | Train Loss: 3.6392 | Val MAE Tmax: 1.7204 | Val MAE Tmin: 1.4303 | Baseline Tmax: 1.8691
  Epoch   10/1000 | Train Loss: 3.6293 | Val MAE Tmax: 1.7195 | Val MAE Tmin: 1.4264 | Baseline Tmax: 1.8691
  Epoch   11/1000 | Train Loss: 3.6262 | Val MAE Tmax: 1.7218 | Val MAE Tmin: 1.4227 | Baseline Tmax: 1.8691
  Epoch   12/1000 | Train Loss: 3.6224 | Val MAE Tmax: 1.7141 | Val MAE Tmin: 1.4169 | Baseline Tmax: 1.8691
  Epoch   13/1000 | Train Loss: 3.6188 | Val MAE Tmax: 1.7277 | Val MAE Tmin: 1.4149 | Baseline Tmax: 1.8691
  Epoch   14/1000 | Train Loss: 3.6129 | Val MAE Tmax: 1.7325 | Val MAE Tmin: 1.4197 | Baseline Tmax: 1.8691
  Epoch   15/1000 | Train Loss: 3.6122 | Val MAE Tmax: 1.7258 | Val MAE Tmin: 1.4169 | Baseline Tmax: 1.8691
  Epoch   16/1000 | Train Loss: 3.6061 | Val MAE Tmax: 1.7461 | Val MAE Tmin: 1.4149 | Baseline Tmax: 1.8691
  Epoch   17/1000 | Train Loss: 3.6015 | Val MAE Tmax: 1.7444 | Val MAE Tmin: 1.4158 | Baseline Tmax: 1.8691
  Epoch   18/1000 | Train Loss: 3.6003 | Val MAE Tmax: 1.7604 | Val MAE Tmin: 1.4194 | Baseline Tmax: 1.8691
  Epoch   19/1000 | Train Loss: 3.5972 | Val MAE Tmax: 1.7424 | Val MAE Tmin: 1.4143 | Baseline Tmax: 1.8691
  Epoch   20/1000 | Train Loss: 3.5961 | Val MAE Tmax: 1.7384 | Val MAE Tmin: 1.4143 | Baseline Tmax: 1.8691
  Epoch   21/1000 | Train Loss: 3.5925 | Val MAE Tmax: 1.7363 | Val MAE Tmin: 1.4104 | Baseline Tmax: 1.8691
  Epoch   22/1000 | Train Loss: 3.5915 | Val MAE Tmax: 1.7319 | Val MAE Tmin: 1.4137 | Baseline Tmax: 1.8691
  Early stopping triggered after 22 epochs (Patience=10).

============================================================
  Fold s=3, t=1
============================================================
  Epoch    1/1000 | Train Loss: 3.8168 | Val MAE Tmax: 1.6426 | Val MAE Tmin: 1.5988 | Baseline Tmax: 1.9274
  Epoch    2/1000 | Train Loss: 3.7242 | Val MAE Tmax: 1.7532 | Val MAE Tmin: 1.6142 | Baseline Tmax: 1.9274
  Epoch    3/1000 | Train Loss: 3.6873 | Val MAE Tmax: 1.7399 | Val MAE Tmin: 1.6697 | Baseline Tmax: 1.9274
  Epoch    4/1000 | Train Loss: 3.6726 | Val MAE Tmax: 1.7316 | Val MAE Tmin: 1.6786 | Baseline Tmax: 1.9274
  Epoch    5/1000 | Train Loss: 3.6642 | Val MAE Tmax: 1.7196 | Val MAE Tmin: 1.6443 | Baseline Tmax: 1.9274
  Epoch    6/1000 | Train Loss: 3.6539 | Val MAE Tmax: 1.7424 | Val MAE Tmin: 1.6567 | Baseline Tmax: 1.9274
  Epoch    7/1000 | Train Loss: 3.6470 | Val MAE Tmax: 1.7104 | Val MAE Tmin: 1.6360 | Baseline Tmax: 1.9274
  Epoch    8/1000 | Train Loss: 3.6404 | Val MAE Tmax: 1.6919 | Val MAE Tmin: 1.6345 | Baseline Tmax: 1.9274
  Epoch    9/1000 | Train Loss: 3.6319 | Val MAE Tmax: 1.6765 | Val MAE Tmin: 1.6170 | Baseline Tmax: 1.9274
  Epoch   10/1000 | Train Loss: 3.6276 | Val MAE Tmax: 1.6986 | Val MAE Tmin: 1.6320 | Baseline Tmax: 1.9274
  Epoch   11/1000 | Train Loss: 3.6209 | Val MAE Tmax: 1.6744 | Val MAE Tmin: 1.6254 | Baseline Tmax: 1.9274
  Early stopping triggered after 11 epochs (Patience=10).

============================================================
  Final Test Evaluation (best validation-selected ST-LOBO checkpoint)
============================================================
  Test MAE Tmax: 1.7968
  Test MAE Tmin: 1.7954
  Baseline Tmax: 2.2014
  Baseline Tmin: 1.9355

============================================================
  Summary (median across folds)
============================================================
  val_mae_tmax                  : 1.7126  (std=0.0741)
  val_mae_tmin                  : 1.8125  (std=0.1652)
  baseline_mae_tmax             : 2.1045  (std=0.1078)
  baseline_mae_tmin             : 2.0980  (std=0.2787)

Saved checkpoint → checkpoints/best_model.pt
Saved scaler    → checkpoints/scaler.pkl
